============================= test session starts ==============================
platform linux -- Python 3.10.12, pytest-8.3.4, pluggy-1.6.0
rootdir: /home/iclaldogan/bantzv2
configfile: pyproject.toml
testpaths: tests
plugins: asyncio-1.3.0, cov-7.0.0, anyio-4.12.1
asyncio: mode=auto, debug=False, asyncio_default_fixture_loop_scope=None, asyncio_default_test_loop_scope=function
collected 2366 items

tests/agent/test_ambient.py ...........................................  [  1%]
tests/agent/test_ambient_integration.py .......................          [  2%]
tests/agent/test_app_detector.py ....................................... [  4%]
........................................................................ [  7%]
.................                                                        [  8%]
tests/agent/test_audio_ducker.py ....................................... [  9%]
..........                                                               [ 10%]
tests/agent/test_health.py ............................................. [ 12%]
.............                                                            [ 12%]
tests/agent/test_interventions.py ...................................... [ 14%]
.........................                                                [ 15%]
tests/agent/test_job_scheduler.py ................FF.FFFFFFFF.FFFF..FF.F [ 16%]
.F.FFF................                                                   [ 17%]
tests/agent/test_notifier.py ........................................... [ 19%]
.......                                                                  [ 20%]
tests/agent/test_observer.py ........................................... [ 21%]
............                                                             [ 22%]
tests/agent/test_planner.py ............................................ [ 24%]
.............................F..                                         [ 25%]
tests/agent/test_proactive.py ........................................   [ 27%]
tests/agent/test_rl_engine.py .......................................... [ 29%]
.............                                                            [ 29%]
tests/agent/test_tts.py ................................................ [ 31%]
..........F...                                                           [ 32%]
tests/agent/test_wake_word.py .....................................FFF.. [ 33%]
....                                                                     [ 34%]
tests/core/test_brain_integrations.py .................................. [ 35%]
..............................F......................                    [ 37%]
tests/core/test_config_cli.py .......................................... [ 39%]
.                                                                        [ 39%]
tests/core/test_core_stabilization.py ..............ssssssssssssssssssss [ 41%]
ssss............                                                         [ 41%]
tests/core/test_regex_audit.py ......................................... [ 43%]
............                                                             [ 43%]
tests/core/test_rlhf_feedback.py ....................................... [ 45%]
......................................................                   [ 47%]
tests/core/test_router.py .............................................. [ 49%]
..................                                                       [ 50%]
tests/core/test_systemd.py .............................                 [ 51%]
tests/data/test_json_migration.py ...................................... [ 53%]
...........                                                              [ 53%]
tests/data/test_store.py ............................................... [ 55%]
...............                                                          [ 56%]
tests/interface/test_telegram_llm.py FFFFFEEEEFFFFFFFFFFF.......FFFFFFFF [ 58%]
FFFFFFFFFFFFFFFFFFFFFFFFFFFFFFFFFFFFFFFFF                                [ 59%]
tests/memory/test_deep_probe.py .................................        [ 61%]
tests/memory/test_distiller.py .......................................   [ 62%]
tests/memory/test_vector_memory.py ..................................... [ 64%]
                                                                         [ 64%]
tests/personality/test_bonding.py ...................................... [ 65%]
.....                                                                    [ 66%]
tests/personality/test_persona.py ...................................... [ 67%]
......................                                                   [ 68%]
tests/tools/test_filesystem_autochain.py ...............ssssss....       [ 69%]
tests/tools/test_gmail_autochain.py ...............                      [ 70%]
tests/tools/test_web_reader.py ...................                       [ 71%]
tests/tools/test_web_search.py .........                                 [ 71%]
tests/tui/test_header.py FFFFFFFFFFFFFFFFFFFFFFFFFF...FFFF....FFF        [ 73%]
tests/tui/test_input_control.py ........................................ [ 74%]
...................                                                      [ 75%]
tests/tui/test_mood.py ................................................. [ 77%]
F....                                                                    [ 78%]
tests/tui/test_streaming.py FFFFFFFFFFFFFFFFFFFFFFFFF                    [ 79%]
tests/tui/test_telemetry.py ..................................FFFFFF.... [ 80%]
....FFFFFFF                                                              [ 81%]
tests/tui/test_toast.py FFFFFFFFFFFFFFFFFFFFFFFFFFFFFFFFFFFFFFFFFFFFFFFF [ 83%]
FFFFFFFFFFFF........................FFFFFFFF                             [ 85%]
tests/vision/test_accessibility.py ..................................... [ 86%]
....                                                                     [ 87%]
tests/vision/test_navigator.py ......................................... [ 88%]
.....                                                                    [ 89%]
tests/vision/test_spatial_cache.py ..................................... [ 90%]
..............                                                           [ 91%]
tests/vision/test_vision.py ............................................ [ 93%]
.....                                                                    [ 93%]
tests/workflows/test_maintenance.py .................................... [ 94%]
.................                                                        [ 95%]
tests/workflows/test_overnight_poll.py ................................. [ 96%]
.....................                                                    [ 97%]
tests/workflows/test_reflection.py ..................................... [ 99%]
................                                                         [100%]

==================================== ERRORS ====================================
_______ ERROR at setup of TestRateLimiter.test_under_limit_returns_false _______

self = <tests.interface.test_telegram_llm.TestRateLimiter object at 0x7e3352da1450>

    def setup_method(self):
>       import bantz.interface.telegram_bot as mod

tests/interface/test_telegram_llm.py:119: 
_ _ _ _ _ _ _ _ _ _ _ _ _ _ _ _ _ _ _ _ _ _ _ _ _ _ _ _ _ _ _ _ _ _ _ _ _ _ _ _ 

    """
    Bantz v3 — Telegram Bot
    
    Dual-path remote telegraph for phone access:
      1. Express Wire (/commands) — fast, LLM-free direct tool calls
      2. Cognitive Wire (free text) — full brain.process() with LLM (#178)
    
    Commands:
        /briefing   → full morning summary
        /hava       → weather report
        /mail       → unread emails
        /takvim     → today's calendar events
        /odev       → upcoming assignments
        /ders       → today's schedule
        /siradaki   → next class
        /haber      → latest news
    
    Usage:
        python -m bantz.interface.telegram_bot
    
    Env:
        TELEGRAM_BOT_TOKEN=...
        TELEGRAM_ALLOWED_USERS=123456,789012   # optional whitelist
        TELEGRAM_LLM_MODE=true                 # enable free-text → LLM
    """
    from __future__ import annotations
    
    import asyncio
    import logging
    import os
    import random
    import time
    from collections import defaultdict
    from typing import Callable, Coroutine, Any
    
>   from telegram import Update
E   ModuleNotFoundError: No module named 'telegram'

src/bantz/interface/telegram_bot.py:36: ModuleNotFoundError
_________ ERROR at setup of TestRateLimiter.test_at_limit_returns_true _________

self = <tests.interface.test_telegram_llm.TestRateLimiter object at 0x7e3352da1030>

    def setup_method(self):
>       import bantz.interface.telegram_bot as mod

tests/interface/test_telegram_llm.py:119: 
_ _ _ _ _ _ _ _ _ _ _ _ _ _ _ _ _ _ _ _ _ _ _ _ _ _ _ _ _ _ _ _ _ _ _ _ _ _ _ _ 

    """
    Bantz v3 — Telegram Bot
    
    Dual-path remote telegraph for phone access:
      1. Express Wire (/commands) — fast, LLM-free direct tool calls
      2. Cognitive Wire (free text) — full brain.process() with LLM (#178)
    
    Commands:
        /briefing   → full morning summary
        /hava       → weather report
        /mail       → unread emails
        /takvim     → today's calendar events
        /odev       → upcoming assignments
        /ders       → today's schedule
        /siradaki   → next class
        /haber      → latest news
    
    Usage:
        python -m bantz.interface.telegram_bot
    
    Env:
        TELEGRAM_BOT_TOKEN=...
        TELEGRAM_ALLOWED_USERS=123456,789012   # optional whitelist
        TELEGRAM_LLM_MODE=true                 # enable free-text → LLM
    """
    from __future__ import annotations
    
    import asyncio
    import logging
    import os
    import random
    import time
    from collections import defaultdict
    from typing import Callable, Coroutine, Any
    
>   from telegram import Update
E   ModuleNotFoundError: No module named 'telegram'

src/bantz/interface/telegram_bot.py:36: ModuleNotFoundError
______ ERROR at setup of TestRateLimiter.test_different_users_independent ______

self = <tests.interface.test_telegram_llm.TestRateLimiter object at 0x7e3352da0c40>

    def setup_method(self):
>       import bantz.interface.telegram_bot as mod

tests/interface/test_telegram_llm.py:119: 
_ _ _ _ _ _ _ _ _ _ _ _ _ _ _ _ _ _ _ _ _ _ _ _ _ _ _ _ _ _ _ _ _ _ _ _ _ _ _ _ 

    """
    Bantz v3 — Telegram Bot
    
    Dual-path remote telegraph for phone access:
      1. Express Wire (/commands) — fast, LLM-free direct tool calls
      2. Cognitive Wire (free text) — full brain.process() with LLM (#178)
    
    Commands:
        /briefing   → full morning summary
        /hava       → weather report
        /mail       → unread emails
        /takvim     → today's calendar events
        /odev       → upcoming assignments
        /ders       → today's schedule
        /siradaki   → next class
        /haber      → latest news
    
    Usage:
        python -m bantz.interface.telegram_bot
    
    Env:
        TELEGRAM_BOT_TOKEN=...
        TELEGRAM_ALLOWED_USERS=123456,789012   # optional whitelist
        TELEGRAM_LLM_MODE=true                 # enable free-text → LLM
    """
    from __future__ import annotations
    
    import asyncio
    import logging
    import os
    import random
    import time
    from collections import defaultdict
    from typing import Callable, Coroutine, Any
    
>   from telegram import Update
E   ModuleNotFoundError: No module named 'telegram'

src/bantz/interface/telegram_bot.py:36: ModuleNotFoundError
_____________ ERROR at setup of TestRateLimiter.test_window_expiry _____________

self = <tests.interface.test_telegram_llm.TestRateLimiter object at 0x7e3352da1960>

    def setup_method(self):
>       import bantz.interface.telegram_bot as mod

tests/interface/test_telegram_llm.py:119: 
_ _ _ _ _ _ _ _ _ _ _ _ _ _ _ _ _ _ _ _ _ _ _ _ _ _ _ _ _ _ _ _ _ _ _ _ _ _ _ _ 

    """
    Bantz v3 — Telegram Bot
    
    Dual-path remote telegraph for phone access:
      1. Express Wire (/commands) — fast, LLM-free direct tool calls
      2. Cognitive Wire (free text) — full brain.process() with LLM (#178)
    
    Commands:
        /briefing   → full morning summary
        /hava       → weather report
        /mail       → unread emails
        /takvim     → today's calendar events
        /odev       → upcoming assignments
        /ders       → today's schedule
        /siradaki   → next class
        /haber      → latest news
    
    Usage:
        python -m bantz.interface.telegram_bot
    
    Env:
        TELEGRAM_BOT_TOKEN=...
        TELEGRAM_ALLOWED_USERS=123456,789012   # optional whitelist
        TELEGRAM_LLM_MODE=true                 # enable free-text → LLM
    """
    from __future__ import annotations
    
    import asyncio
    import logging
    import os
    import random
    import time
    from collections import defaultdict
    from typing import Callable, Coroutine, Any
    
>   from telegram import Update
E   ModuleNotFoundError: No module named 'telegram'

src/bantz/interface/telegram_bot.py:36: ModuleNotFoundError
=================================== FAILURES ===================================
______________ TestJobSchedulerLifecycle.test_start_and_shutdown _______________

self = <tests.agent.test_job_scheduler.TestJobSchedulerLifecycle object at 0x7e33548d4580>
tmp_db = PosixPath('/tmp/pytest-of-iclaldogan/pytest-144/test_start_and_shutdown0/test_bantz.db')

    @pytest.mark.asyncio
    async def test_start_and_shutdown(self, tmp_db):
        from bantz.agent.job_scheduler import JobScheduler
        js = JobScheduler()
        assert not js.started
    
>       await js.start(tmp_db)

tests/agent/test_job_scheduler.py:193: 
_ _ _ _ _ _ _ _ _ _ _ _ _ _ _ _ _ _ _ _ _ _ _ _ _ _ _ _ _ _ _ _ _ _ _ _ _ _ _ _ 

self = <bantz.agent.job_scheduler.JobScheduler object at 0x7e3351661a80>
db_path = PosixPath('/tmp/pytest-of-iclaldogan/pytest-144/test_start_and_shutdown0/test_bantz.db')

    async def start(self, db_path: Path, *, enable_night_jobs: bool = True) -> None:
        """Initialize and start the APScheduler.
    
        Uses two job stores:
        - "default" (MemoryJobStore) for built-in cron jobs — re-registered
          every startup, no need for persistence.
        - "persistent" (SQLAlchemyJobStore) for user reminders — survives
          restarts so one-shot reminders aren't lost.
        """
        if self._started:
            log.warning("JobScheduler already started")
            return
    
>       from apscheduler.schedulers.asyncio import AsyncIOScheduler
E       ModuleNotFoundError: No module named 'apscheduler'

src/bantz/agent/job_scheduler.py:441: ModuleNotFoundError
_________________ TestJobSchedulerLifecycle.test_double_start __________________

self = <tests.agent.test_job_scheduler.TestJobSchedulerLifecycle object at 0x7e33548d4820>
tmp_db = PosixPath('/tmp/pytest-of-iclaldogan/pytest-144/test_double_start0/test_bantz.db')

    @pytest.mark.asyncio
    async def test_double_start(self, tmp_db):
        from bantz.agent.job_scheduler import JobScheduler
        js = JobScheduler()
>       await js.start(tmp_db)

tests/agent/test_job_scheduler.py:204: 
_ _ _ _ _ _ _ _ _ _ _ _ _ _ _ _ _ _ _ _ _ _ _ _ _ _ _ _ _ _ _ _ _ _ _ _ _ _ _ _ 

self = <bantz.agent.job_scheduler.JobScheduler object at 0x7e33514df1f0>
db_path = PosixPath('/tmp/pytest-of-iclaldogan/pytest-144/test_double_start0/test_bantz.db')

    async def start(self, db_path: Path, *, enable_night_jobs: bool = True) -> None:
        """Initialize and start the APScheduler.
    
        Uses two job stores:
        - "default" (MemoryJobStore) for built-in cron jobs — re-registered
          every startup, no need for persistence.
        - "persistent" (SQLAlchemyJobStore) for user reminders — survives
          restarts so one-shot reminders aren't lost.
        """
        if self._started:
            log.warning("JobScheduler already started")
            return
    
>       from apscheduler.schedulers.asyncio import AsyncIOScheduler
E       ModuleNotFoundError: No module named 'apscheduler'

src/bantz/agent/job_scheduler.py:441: ModuleNotFoundError
___________ TestJobSchedulerLifecycle.test_start_without_night_jobs ____________

self = <tests.agent.test_job_scheduler.TestJobSchedulerLifecycle object at 0x7e33548d4d60>
tmp_db = PosixPath('/tmp/pytest-of-iclaldogan/pytest-144/test_start_without_night_jobs0/test_bantz.db')

    @pytest.mark.asyncio
    async def test_start_without_night_jobs(self, tmp_db):
        from bantz.agent.job_scheduler import JobScheduler
        js = JobScheduler()
>       await js.start(tmp_db, enable_night_jobs=False)

tests/agent/test_job_scheduler.py:220: 
_ _ _ _ _ _ _ _ _ _ _ _ _ _ _ _ _ _ _ _ _ _ _ _ _ _ _ _ _ _ _ _ _ _ _ _ _ _ _ _ 

self = <bantz.agent.job_scheduler.JobScheduler object at 0x7e33514e7280>
db_path = PosixPath('/tmp/pytest-of-iclaldogan/pytest-144/test_start_without_night_jobs0/test_bantz.db')

    async def start(self, db_path: Path, *, enable_night_jobs: bool = True) -> None:
        """Initialize and start the APScheduler.
    
        Uses two job stores:
        - "default" (MemoryJobStore) for built-in cron jobs — re-registered
          every startup, no need for persistence.
        - "persistent" (SQLAlchemyJobStore) for user reminders — survives
          restarts so one-shot reminders aren't lost.
        """
        if self._started:
            log.warning("JobScheduler already started")
            return
    
>       from apscheduler.schedulers.asyncio import AsyncIOScheduler
E       ModuleNotFoundError: No module named 'apscheduler'

src/bantz/agent/job_scheduler.py:441: ModuleNotFoundError
___________ TestNightJobRegistration.test_all_night_jobs_registered ____________

self = <tests.agent.test_job_scheduler.TestNightJobRegistration object at 0x7e33548d50c0>
tmp_db = PosixPath('/tmp/pytest-of-iclaldogan/pytest-144/test_all_night_jobs_registered0/test_bantz.db')

    @pytest.mark.asyncio
    async def test_all_night_jobs_registered(self, tmp_db):
        from bantz.agent.job_scheduler import JobScheduler
        js = JobScheduler()
>       await js.start(tmp_db, enable_night_jobs=True)

tests/agent/test_job_scheduler.py:239: 
_ _ _ _ _ _ _ _ _ _ _ _ _ _ _ _ _ _ _ _ _ _ _ _ _ _ _ _ _ _ _ _ _ _ _ _ _ _ _ _ 

self = <bantz.agent.job_scheduler.JobScheduler object at 0x7e33528ee140>
db_path = PosixPath('/tmp/pytest-of-iclaldogan/pytest-144/test_all_night_jobs_registered0/test_bantz.db')

    async def start(self, db_path: Path, *, enable_night_jobs: bool = True) -> None:
        """Initialize and start the APScheduler.
    
        Uses two job stores:
        - "default" (MemoryJobStore) for built-in cron jobs — re-registered
          every startup, no need for persistence.
        - "persistent" (SQLAlchemyJobStore) for user reminders — survives
          restarts so one-shot reminders aren't lost.
        """
        if self._started:
            log.warning("JobScheduler already started")
            return
    
>       from apscheduler.schedulers.asyncio import AsyncIOScheduler
E       ModuleNotFoundError: No module named 'apscheduler'

src/bantz/agent/job_scheduler.py:441: ModuleNotFoundError
__________ TestNightJobRegistration.test_jobs_persist_across_restarts __________

self = <tests.agent.test_job_scheduler.TestNightJobRegistration object at 0x7e33548d5360>
tmp_db = PosixPath('/tmp/pytest-of-iclaldogan/pytest-144/test_jobs_persist_across_resta0/test_bantz.db')

    @pytest.mark.asyncio
    async def test_jobs_persist_across_restarts(self, tmp_db):
        """User reminders stored in SQLAlchemy survive scheduler restart."""
        from bantz.agent.job_scheduler import JobScheduler
    
        js1 = JobScheduler()
>       await js1.start(tmp_db, enable_night_jobs=False)

tests/agent/test_job_scheduler.py:256: 
_ _ _ _ _ _ _ _ _ _ _ _ _ _ _ _ _ _ _ _ _ _ _ _ _ _ _ _ _ _ _ _ _ _ _ _ _ _ _ _ 

self = <bantz.agent.job_scheduler.JobScheduler object at 0x7e3352710e50>
db_path = PosixPath('/tmp/pytest-of-iclaldogan/pytest-144/test_jobs_persist_across_resta0/test_bantz.db')

    async def start(self, db_path: Path, *, enable_night_jobs: bool = True) -> None:
        """Initialize and start the APScheduler.
    
        Uses two job stores:
        - "default" (MemoryJobStore) for built-in cron jobs — re-registered
          every startup, no need for persistence.
        - "persistent" (SQLAlchemyJobStore) for user reminders — survives
          restarts so one-shot reminders aren't lost.
        """
        if self._started:
            log.warning("JobScheduler already started")
            return
    
>       from apscheduler.schedulers.asyncio import AsyncIOScheduler
E       ModuleNotFoundError: No module named 'apscheduler'

src/bantz/agent/job_scheduler.py:441: ModuleNotFoundError
________________ TestDynamicReminder.test_add_oneshot_reminder _________________

self = <tests.agent.test_job_scheduler.TestDynamicReminder object at 0x7e33548d5660>
tmp_db = PosixPath('/tmp/pytest-of-iclaldogan/pytest-144/test_add_oneshot_reminder0/test_bantz.db')

    @pytest.mark.asyncio
    async def test_add_oneshot_reminder(self, tmp_db):
        from bantz.agent.job_scheduler import JobScheduler
        js = JobScheduler()
>       await js.start(tmp_db, enable_night_jobs=False)

tests/agent/test_job_scheduler.py:279: 
_ _ _ _ _ _ _ _ _ _ _ _ _ _ _ _ _ _ _ _ _ _ _ _ _ _ _ _ _ _ _ _ _ _ _ _ _ _ _ _ 

self = <bantz.agent.job_scheduler.JobScheduler object at 0x7e335272c940>
db_path = PosixPath('/tmp/pytest-of-iclaldogan/pytest-144/test_add_oneshot_reminder0/test_bantz.db')

    async def start(self, db_path: Path, *, enable_night_jobs: bool = True) -> None:
        """Initialize and start the APScheduler.
    
        Uses two job stores:
        - "default" (MemoryJobStore) for built-in cron jobs — re-registered
          every startup, no need for persistence.
        - "persistent" (SQLAlchemyJobStore) for user reminders — survives
          restarts so one-shot reminders aren't lost.
        """
        if self._started:
            log.warning("JobScheduler already started")
            return
    
>       from apscheduler.schedulers.asyncio import AsyncIOScheduler
E       ModuleNotFoundError: No module named 'apscheduler'

src/bantz/agent/job_scheduler.py:441: ModuleNotFoundError
_________________ TestDynamicReminder.test_add_daily_reminder __________________

self = <tests.agent.test_job_scheduler.TestDynamicReminder object at 0x7e33548d5900>
tmp_db = PosixPath('/tmp/pytest-of-iclaldogan/pytest-144/test_add_daily_reminder0/test_bantz.db')

    @pytest.mark.asyncio
    async def test_add_daily_reminder(self, tmp_db):
        from bantz.agent.job_scheduler import JobScheduler
        js = JobScheduler()
>       await js.start(tmp_db, enable_night_jobs=False)

tests/agent/test_job_scheduler.py:296: 
_ _ _ _ _ _ _ _ _ _ _ _ _ _ _ _ _ _ _ _ _ _ _ _ _ _ _ _ _ _ _ _ _ _ _ _ _ _ _ _ 

self = <bantz.agent.job_scheduler.JobScheduler object at 0x7e33528f7ee0>
db_path = PosixPath('/tmp/pytest-of-iclaldogan/pytest-144/test_add_daily_reminder0/test_bantz.db')

    async def start(self, db_path: Path, *, enable_night_jobs: bool = True) -> None:
        """Initialize and start the APScheduler.
    
        Uses two job stores:
        - "default" (MemoryJobStore) for built-in cron jobs — re-registered
          every startup, no need for persistence.
        - "persistent" (SQLAlchemyJobStore) for user reminders — survives
          restarts so one-shot reminders aren't lost.
        """
        if self._started:
            log.warning("JobScheduler already started")
            return
    
>       from apscheduler.schedulers.asyncio import AsyncIOScheduler
E       ModuleNotFoundError: No module named 'apscheduler'

src/bantz/agent/job_scheduler.py:441: ModuleNotFoundError
_________________ TestDynamicReminder.test_add_weekly_reminder _________________

self = <tests.agent.test_job_scheduler.TestDynamicReminder object at 0x7e33548d5ba0>
tmp_db = PosixPath('/tmp/pytest-of-iclaldogan/pytest-144/test_add_weekly_reminder0/test_bantz.db')

    @pytest.mark.asyncio
    async def test_add_weekly_reminder(self, tmp_db):
        from bantz.agent.job_scheduler import JobScheduler
        js = JobScheduler()
>       await js.start(tmp_db, enable_night_jobs=False)

tests/agent/test_job_scheduler.py:308: 
_ _ _ _ _ _ _ _ _ _ _ _ _ _ _ _ _ _ _ _ _ _ _ _ _ _ _ _ _ _ _ _ _ _ _ _ _ _ _ _ 

self = <bantz.agent.job_scheduler.JobScheduler object at 0x7e3351658610>
db_path = PosixPath('/tmp/pytest-of-iclaldogan/pytest-144/test_add_weekly_reminder0/test_bantz.db')

    async def start(self, db_path: Path, *, enable_night_jobs: bool = True) -> None:
        """Initialize and start the APScheduler.
    
        Uses two job stores:
        - "default" (MemoryJobStore) for built-in cron jobs — re-registered
          every startup, no need for persistence.
        - "persistent" (SQLAlchemyJobStore) for user reminders — survives
          restarts so one-shot reminders aren't lost.
        """
        if self._started:
            log.warning("JobScheduler already started")
            return
    
>       from apscheduler.schedulers.asyncio import AsyncIOScheduler
E       ModuleNotFoundError: No module named 'apscheduler'

src/bantz/agent/job_scheduler.py:441: ModuleNotFoundError
________________ TestDynamicReminder.test_add_weekday_reminder _________________

self = <tests.agent.test_job_scheduler.TestDynamicReminder object at 0x7e3354bfe5c0>
tmp_db = PosixPath('/tmp/pytest-of-iclaldogan/pytest-144/test_add_weekday_reminder0/test_bantz.db')

    @pytest.mark.asyncio
    async def test_add_weekday_reminder(self, tmp_db):
        from bantz.agent.job_scheduler import JobScheduler
        js = JobScheduler()
>       await js.start(tmp_db, enable_night_jobs=False)

tests/agent/test_job_scheduler.py:320: 
_ _ _ _ _ _ _ _ _ _ _ _ _ _ _ _ _ _ _ _ _ _ _ _ _ _ _ _ _ _ _ _ _ _ _ _ _ _ _ _ 

self = <bantz.agent.job_scheduler.JobScheduler object at 0x7e33515c36a0>
db_path = PosixPath('/tmp/pytest-of-iclaldogan/pytest-144/test_add_weekday_reminder0/test_bantz.db')

    async def start(self, db_path: Path, *, enable_night_jobs: bool = True) -> None:
        """Initialize and start the APScheduler.
    
        Uses two job stores:
        - "default" (MemoryJobStore) for built-in cron jobs — re-registered
          every startup, no need for persistence.
        - "persistent" (SQLAlchemyJobStore) for user reminders — survives
          restarts so one-shot reminders aren't lost.
        """
        if self._started:
            log.warning("JobScheduler already started")
            return
    
>       from apscheduler.schedulers.asyncio import AsyncIOScheduler
E       ModuleNotFoundError: No module named 'apscheduler'

src/bantz/agent/job_scheduler.py:441: ModuleNotFoundError
____________ TestDynamicReminder.test_add_custom_interval_reminder _____________

self = <tests.agent.test_job_scheduler.TestDynamicReminder object at 0x7e33548d5c30>
tmp_db = PosixPath('/tmp/pytest-of-iclaldogan/pytest-144/test_add_custom_interval_remin0/test_bantz.db')

    @pytest.mark.asyncio
    async def test_add_custom_interval_reminder(self, tmp_db):
        from bantz.agent.job_scheduler import JobScheduler
        js = JobScheduler()
>       await js.start(tmp_db, enable_night_jobs=False)

tests/agent/test_job_scheduler.py:332: 
_ _ _ _ _ _ _ _ _ _ _ _ _ _ _ _ _ _ _ _ _ _ _ _ _ _ _ _ _ _ _ _ _ _ _ _ _ _ _ _ 

self = <bantz.agent.job_scheduler.JobScheduler object at 0x7e33515e7ca0>
db_path = PosixPath('/tmp/pytest-of-iclaldogan/pytest-144/test_add_custom_interval_remin0/test_bantz.db')

    async def start(self, db_path: Path, *, enable_night_jobs: bool = True) -> None:
        """Initialize and start the APScheduler.
    
        Uses two job stores:
        - "default" (MemoryJobStore) for built-in cron jobs — re-registered
          every startup, no need for persistence.
        - "persistent" (SQLAlchemyJobStore) for user reminders — survives
          restarts so one-shot reminders aren't lost.
        """
        if self._started:
            log.warning("JobScheduler already started")
            return
    
>       from apscheduler.schedulers.asyncio import AsyncIOScheduler
E       ModuleNotFoundError: No module named 'apscheduler'

src/bantz/agent/job_scheduler.py:441: ModuleNotFoundError
___________________ TestDynamicReminder.test_remove_reminder ___________________

self = <tests.agent.test_job_scheduler.TestDynamicReminder object at 0x7e33548d5000>
tmp_db = PosixPath('/tmp/pytest-of-iclaldogan/pytest-144/test_remove_reminder0/test_bantz.db')

    @pytest.mark.asyncio
    async def test_remove_reminder(self, tmp_db):
        from bantz.agent.job_scheduler import JobScheduler
        js = JobScheduler()
>       await js.start(tmp_db, enable_night_jobs=False)

tests/agent/test_job_scheduler.py:352: 
_ _ _ _ _ _ _ _ _ _ _ _ _ _ _ _ _ _ _ _ _ _ _ _ _ _ _ _ _ _ _ _ _ _ _ _ _ _ _ _ 

self = <bantz.agent.job_scheduler.JobScheduler object at 0x7e33528edd20>
db_path = PosixPath('/tmp/pytest-of-iclaldogan/pytest-144/test_remove_reminder0/test_bantz.db')

    async def start(self, db_path: Path, *, enable_night_jobs: bool = True) -> None:
        """Initialize and start the APScheduler.
    
        Uses two job stores:
        - "default" (MemoryJobStore) for built-in cron jobs — re-registered
          every startup, no need for persistence.
        - "persistent" (SQLAlchemyJobStore) for user reminders — survives
          restarts so one-shot reminders aren't lost.
        """
        if self._started:
            log.warning("JobScheduler already started")
            return
    
>       from apscheduler.schedulers.asyncio import AsyncIOScheduler
E       ModuleNotFoundError: No module named 'apscheduler'

src/bantz/agent/job_scheduler.py:441: ModuleNotFoundError
_________________ TestDynamicReminder.test_remove_nonexistent __________________

self = <tests.agent.test_job_scheduler.TestDynamicReminder object at 0x7e33548d48b0>
tmp_db = PosixPath('/tmp/pytest-of-iclaldogan/pytest-144/test_remove_nonexistent0/test_bantz.db')

    @pytest.mark.asyncio
    async def test_remove_nonexistent(self, tmp_db):
        from bantz.agent.job_scheduler import JobScheduler
        js = JobScheduler()
>       await js.start(tmp_db, enable_night_jobs=False)

tests/agent/test_job_scheduler.py:371: 
_ _ _ _ _ _ _ _ _ _ _ _ _ _ _ _ _ _ _ _ _ _ _ _ _ _ _ _ _ _ _ _ _ _ _ _ _ _ _ _ 

self = <bantz.agent.job_scheduler.JobScheduler object at 0x7e33528e18a0>
db_path = PosixPath('/tmp/pytest-of-iclaldogan/pytest-144/test_remove_nonexistent0/test_bantz.db')

    async def start(self, db_path: Path, *, enable_night_jobs: bool = True) -> None:
        """Initialize and start the APScheduler.
    
        Uses two job stores:
        - "default" (MemoryJobStore) for built-in cron jobs — re-registered
          every startup, no need for persistence.
        - "persistent" (SQLAlchemyJobStore) for user reminders — survives
          restarts so one-shot reminders aren't lost.
        """
        if self._started:
            log.warning("JobScheduler already started")
            return
    
>       from apscheduler.schedulers.asyncio import AsyncIOScheduler
E       ModuleNotFoundError: No module named 'apscheduler'

src/bantz/agent/job_scheduler.py:441: ModuleNotFoundError
________________________ TestJobListing.test_list_jobs _________________________

self = <tests.agent.test_job_scheduler.TestJobListing object at 0x7e33548d4190>
tmp_db = PosixPath('/tmp/pytest-of-iclaldogan/pytest-144/test_list_jobs0/test_bantz.db')

    @pytest.mark.asyncio
    async def test_list_jobs(self, tmp_db):
        from bantz.agent.job_scheduler import JobScheduler
        js = JobScheduler()
>       await js.start(tmp_db, enable_night_jobs=True)

tests/agent/test_job_scheduler.py:385: 
_ _ _ _ _ _ _ _ _ _ _ _ _ _ _ _ _ _ _ _ _ _ _ _ _ _ _ _ _ _ _ _ _ _ _ _ _ _ _ _ 

self = <bantz.agent.job_scheduler.JobScheduler object at 0x7e3351539c60>
db_path = PosixPath('/tmp/pytest-of-iclaldogan/pytest-144/test_list_jobs0/test_bantz.db')

    async def start(self, db_path: Path, *, enable_night_jobs: bool = True) -> None:
        """Initialize and start the APScheduler.
    
        Uses two job stores:
        - "default" (MemoryJobStore) for built-in cron jobs — re-registered
          every startup, no need for persistence.
        - "persistent" (SQLAlchemyJobStore) for user reminders — survives
          restarts so one-shot reminders aren't lost.
        """
        if self._started:
            log.warning("JobScheduler already started")
            return
    
>       from apscheduler.schedulers.asyncio import AsyncIOScheduler
E       ModuleNotFoundError: No module named 'apscheduler'

src/bantz/agent/job_scheduler.py:441: ModuleNotFoundError
_______________________ TestJobListing.test_format_jobs ________________________

self = <tests.agent.test_job_scheduler.TestJobListing object at 0x7e33548d5f60>
tmp_db = PosixPath('/tmp/pytest-of-iclaldogan/pytest-144/test_format_jobs0/test_bantz.db')

    @pytest.mark.asyncio
    async def test_format_jobs(self, tmp_db):
        from bantz.agent.job_scheduler import JobScheduler
        js = JobScheduler()
>       await js.start(tmp_db, enable_night_jobs=True)

tests/agent/test_job_scheduler.py:403: 
_ _ _ _ _ _ _ _ _ _ _ _ _ _ _ _ _ _ _ _ _ _ _ _ _ _ _ _ _ _ _ _ _ _ _ _ _ _ _ _ 

self = <bantz.agent.job_scheduler.JobScheduler object at 0x7e33515b52d0>
db_path = PosixPath('/tmp/pytest-of-iclaldogan/pytest-144/test_format_jobs0/test_bantz.db')

    async def start(self, db_path: Path, *, enable_night_jobs: bool = True) -> None:
        """Initialize and start the APScheduler.
    
        Uses two job stores:
        - "default" (MemoryJobStore) for built-in cron jobs — re-registered
          every startup, no need for persistence.
        - "persistent" (SQLAlchemyJobStore) for user reminders — survives
          restarts so one-shot reminders aren't lost.
        """
        if self._started:
            log.warning("JobScheduler already started")
            return
    
>       from apscheduler.schedulers.asyncio import AsyncIOScheduler
E       ModuleNotFoundError: No module named 'apscheduler'

src/bantz/agent/job_scheduler.py:441: ModuleNotFoundError
______________________ TestRunJobNow.test_run_builtin_job ______________________

self = <tests.agent.test_job_scheduler.TestRunJobNow object at 0x7e33548d65f0>
tmp_db = PosixPath('/tmp/pytest-of-iclaldogan/pytest-144/test_run_builtin_job0/test_bantz.db')

    @pytest.mark.asyncio
    async def test_run_builtin_job(self, tmp_db):
        from bantz.agent.job_scheduler import JobScheduler
        js = JobScheduler()
>       await js.start(tmp_db, enable_night_jobs=True)

tests/agent/test_job_scheduler.py:432: 
_ _ _ _ _ _ _ _ _ _ _ _ _ _ _ _ _ _ _ _ _ _ _ _ _ _ _ _ _ _ _ _ _ _ _ _ _ _ _ _ 

self = <bantz.agent.job_scheduler.JobScheduler object at 0x7e3352723f70>
db_path = PosixPath('/tmp/pytest-of-iclaldogan/pytest-144/test_run_builtin_job0/test_bantz.db')

    async def start(self, db_path: Path, *, enable_night_jobs: bool = True) -> None:
        """Initialize and start the APScheduler.
    
        Uses two job stores:
        - "default" (MemoryJobStore) for built-in cron jobs — re-registered
          every startup, no need for persistence.
        - "persistent" (SQLAlchemyJobStore) for user reminders — survives
          restarts so one-shot reminders aren't lost.
        """
        if self._started:
            log.warning("JobScheduler already started")
            return
    
>       from apscheduler.schedulers.asyncio import AsyncIOScheduler
E       ModuleNotFoundError: No module named 'apscheduler'

src/bantz/agent/job_scheduler.py:441: ModuleNotFoundError
____________________ TestRunJobNow.test_run_nonexistent_job ____________________

self = <tests.agent.test_job_scheduler.TestRunJobNow object at 0x7e33548d6890>
tmp_db = PosixPath('/tmp/pytest-of-iclaldogan/pytest-144/test_run_nonexistent_job0/test_bantz.db')

    @pytest.mark.asyncio
    async def test_run_nonexistent_job(self, tmp_db):
        from bantz.agent.job_scheduler import JobScheduler
        js = JobScheduler()
>       await js.start(tmp_db, enable_night_jobs=False)

tests/agent/test_job_scheduler.py:445: 
_ _ _ _ _ _ _ _ _ _ _ _ _ _ _ _ _ _ _ _ _ _ _ _ _ _ _ _ _ _ _ _ _ _ _ _ _ _ _ _ 

self = <bantz.agent.job_scheduler.JobScheduler object at 0x7e335272c880>
db_path = PosixPath('/tmp/pytest-of-iclaldogan/pytest-144/test_run_nonexistent_job0/test_bantz.db')

    async def start(self, db_path: Path, *, enable_night_jobs: bool = True) -> None:
        """Initialize and start the APScheduler.
    
        Uses two job stores:
        - "default" (MemoryJobStore) for built-in cron jobs — re-registered
          every startup, no need for persistence.
        - "persistent" (SQLAlchemyJobStore) for user reminders — survives
          restarts so one-shot reminders aren't lost.
        """
        if self._started:
            log.warning("JobScheduler already started")
            return
    
>       from apscheduler.schedulers.asyncio import AsyncIOScheduler
E       ModuleNotFoundError: No module named 'apscheduler'

src/bantz/agent/job_scheduler.py:441: ModuleNotFoundError
______________________ TestStats.test_stats_when_started _______________________

self = <tests.agent.test_job_scheduler.TestStats object at 0x7e33548d6d70>
tmp_db = PosixPath('/tmp/pytest-of-iclaldogan/pytest-144/test_stats_when_started0/test_bantz.db')

    @pytest.mark.asyncio
    async def test_stats_when_started(self, tmp_db):
        from bantz.agent.job_scheduler import JobScheduler
        js = JobScheduler()
>       await js.start(tmp_db, enable_night_jobs=True)

tests/agent/test_job_scheduler.py:464: 
_ _ _ _ _ _ _ _ _ _ _ _ _ _ _ _ _ _ _ _ _ _ _ _ _ _ _ _ _ _ _ _ _ _ _ _ _ _ _ _ 

self = <bantz.agent.job_scheduler.JobScheduler object at 0x7e33528daa70>
db_path = PosixPath('/tmp/pytest-of-iclaldogan/pytest-144/test_stats_when_started0/test_bantz.db')

    async def start(self, db_path: Path, *, enable_night_jobs: bool = True) -> None:
        """Initialize and start the APScheduler.
    
        Uses two job stores:
        - "default" (MemoryJobStore) for built-in cron jobs — re-registered
          every startup, no need for persistence.
        - "persistent" (SQLAlchemyJobStore) for user reminders — survives
          restarts so one-shot reminders aren't lost.
        """
        if self._started:
            log.warning("JobScheduler already started")
            return
    
>       from apscheduler.schedulers.asyncio import AsyncIOScheduler
E       ModuleNotFoundError: No module named 'apscheduler'

src/bantz/agent/job_scheduler.py:441: ModuleNotFoundError
__________________________ TestStats.test_status_line __________________________

self = <tests.agent.test_job_scheduler.TestStats object at 0x7e33548d71c0>
tmp_db = PosixPath('/tmp/pytest-of-iclaldogan/pytest-144/test_status_line0/test_bantz.db')

    @pytest.mark.asyncio
    async def test_status_line(self, tmp_db):
        from bantz.agent.job_scheduler import JobScheduler
        js = JobScheduler()
>       await js.start(tmp_db, enable_night_jobs=True)

tests/agent/test_job_scheduler.py:485: 
_ _ _ _ _ _ _ _ _ _ _ _ _ _ _ _ _ _ _ _ _ _ _ _ _ _ _ _ _ _ _ _ _ _ _ _ _ _ _ _ 

self = <bantz.agent.job_scheduler.JobScheduler object at 0x7e33528ed450>
db_path = PosixPath('/tmp/pytest-of-iclaldogan/pytest-144/test_status_line0/test_bantz.db')

    async def start(self, db_path: Path, *, enable_night_jobs: bool = True) -> None:
        """Initialize and start the APScheduler.
    
        Uses two job stores:
        - "default" (MemoryJobStore) for built-in cron jobs — re-registered
          every startup, no need for persistence.
        - "persistent" (SQLAlchemyJobStore) for user reminders — survives
          restarts so one-shot reminders aren't lost.
        """
        if self._started:
            log.warning("JobScheduler already started")
            return
    
>       from apscheduler.schedulers.asyncio import AsyncIOScheduler
E       ModuleNotFoundError: No module named 'apscheduler'

src/bantz/agent/job_scheduler.py:441: ModuleNotFoundError
___________________ TestEventHistory.test_job_executed_event ___________________

self = <tests.agent.test_job_scheduler.TestEventHistory object at 0x7e33548d7220>
tmp_db = PosixPath('/tmp/pytest-of-iclaldogan/pytest-144/test_job_executed_event0/test_bantz.db')

    @pytest.mark.asyncio
    async def test_job_executed_event(self, tmp_db):
        from bantz.agent.job_scheduler import JobScheduler
        js = JobScheduler()
>       await js.start(tmp_db, enable_night_jobs=False)

tests/agent/test_job_scheduler.py:508: 
_ _ _ _ _ _ _ _ _ _ _ _ _ _ _ _ _ _ _ _ _ _ _ _ _ _ _ _ _ _ _ _ _ _ _ _ _ _ _ _ 

self = <bantz.agent.job_scheduler.JobScheduler object at 0x7e33515de5f0>
db_path = PosixPath('/tmp/pytest-of-iclaldogan/pytest-144/test_job_executed_event0/test_bantz.db')

    async def start(self, db_path: Path, *, enable_night_jobs: bool = True) -> None:
        """Initialize and start the APScheduler.
    
        Uses two job stores:
        - "default" (MemoryJobStore) for built-in cron jobs — re-registered
          every startup, no need for persistence.
        - "persistent" (SQLAlchemyJobStore) for user reminders — survives
          restarts so one-shot reminders aren't lost.
        """
        if self._started:
            log.warning("JobScheduler already started")
            return
    
>       from apscheduler.schedulers.asyncio import AsyncIOScheduler
E       ModuleNotFoundError: No module named 'apscheduler'

src/bantz/agent/job_scheduler.py:441: ModuleNotFoundError
____________________ TestEventHistory.test_job_error_event _____________________

self = <tests.agent.test_job_scheduler.TestEventHistory object at 0x7e33548d6a10>
tmp_db = PosixPath('/tmp/pytest-of-iclaldogan/pytest-144/test_job_error_event0/test_bantz.db')

    @pytest.mark.asyncio
    async def test_job_error_event(self, tmp_db):
        from bantz.agent.job_scheduler import JobScheduler
        js = JobScheduler()
>       await js.start(tmp_db, enable_night_jobs=False)

tests/agent/test_job_scheduler.py:525: 
_ _ _ _ _ _ _ _ _ _ _ _ _ _ _ _ _ _ _ _ _ _ _ _ _ _ _ _ _ _ _ _ _ _ _ _ _ _ _ _ 

self = <bantz.agent.job_scheduler.JobScheduler object at 0x7e335273b130>
db_path = PosixPath('/tmp/pytest-of-iclaldogan/pytest-144/test_job_error_event0/test_bantz.db')

    async def start(self, db_path: Path, *, enable_night_jobs: bool = True) -> None:
        """Initialize and start the APScheduler.
    
        Uses two job stores:
        - "default" (MemoryJobStore) for built-in cron jobs — re-registered
          every startup, no need for persistence.
        - "persistent" (SQLAlchemyJobStore) for user reminders — survives
          restarts so one-shot reminders aren't lost.
        """
        if self._started:
            log.warning("JobScheduler already started")
            return
    
>       from apscheduler.schedulers.asyncio import AsyncIOScheduler
E       ModuleNotFoundError: No module named 'apscheduler'

src/bantz/agent/job_scheduler.py:441: ModuleNotFoundError
_________________ TestEventHistory.test_history_capped_at_100 __________________

self = <tests.agent.test_job_scheduler.TestEventHistory object at 0x7e33548d6320>
tmp_db = PosixPath('/tmp/pytest-of-iclaldogan/pytest-144/test_history_capped_at_1000/test_bantz.db')

    @pytest.mark.asyncio
    async def test_history_capped_at_100(self, tmp_db):
        from bantz.agent.job_scheduler import JobScheduler
        js = JobScheduler()
>       await js.start(tmp_db, enable_night_jobs=False)

tests/agent/test_job_scheduler.py:542: 
_ _ _ _ _ _ _ _ _ _ _ _ _ _ _ _ _ _ _ _ _ _ _ _ _ _ _ _ _ _ _ _ _ _ _ _ _ _ _ _ 

self = <bantz.agent.job_scheduler.JobScheduler object at 0x7e3352713e50>
db_path = PosixPath('/tmp/pytest-of-iclaldogan/pytest-144/test_history_capped_at_1000/test_bantz.db')

    async def start(self, db_path: Path, *, enable_night_jobs: bool = True) -> None:
        """Initialize and start the APScheduler.
    
        Uses two job stores:
        - "default" (MemoryJobStore) for built-in cron jobs — re-registered
          every startup, no need for persistence.
        - "persistent" (SQLAlchemyJobStore) for user reminders — survives
          restarts so one-shot reminders aren't lost.
        """
        if self._started:
            log.warning("JobScheduler already started")
            return
    
>       from apscheduler.schedulers.asyncio import AsyncIOScheduler
E       ModuleNotFoundError: No module named 'apscheduler'

src/bantz/agent/job_scheduler.py:441: ModuleNotFoundError
_______ TestProcessTextCitation.test_system_prompt_has_anti_leakage_rule _______

self = <tests.agent.test_planner.TestProcessTextCitation object at 0x7e3354080c40>

    @pytest.mark.asyncio
    async def test_system_prompt_has_anti_leakage_rule(self):
        """process_text system prompt must forbid acknowledging instructions."""
        from bantz.agent.planner import PlanStep
        from bantz.agent.executor import PlanExecutor
    
        steps = [
            PlanStep(step=1, tool="process_text",
                     params={"instruction": "Summarize"},
                     description="Summarize"),
        ]
    
        captured_messages: list = []
    
        async def mock_llm(msgs):
            captured_messages.extend(msgs)
            return "Summary"
    
        executor = PlanExecutor()
        await executor.run(steps, llm_fn=mock_llm)
    
        sys_prompt = captured_messages[0]["content"]
        # Must tell the LLM not to echo instructions back
        assert "DO NOT acknowledge" in sys_prompt
>       assert "I will preserve links" in sys_prompt
E       assert 'I will preserve links' in "You are a helpful text-processing assistant. Follow the user's instruction precisely.\n\nCRITICAL: If the input text ...nal processed text and the Telegraph References at the bottom. DO NOT acknowledge these instructions or use preambles."

tests/agent/test_planner.py:1344: AssertionError
________ TestBriefingWatcherRegistration.test_register_when_tts_enabled ________

self = <tests.agent.test_tts.TestBriefingWatcherRegistration object at 0x7e3353f2f940>

    def test_register_when_tts_enabled(self):
        from bantz.agent.job_scheduler import JobScheduler
        js = JobScheduler()
        mock_scheduler = MagicMock()
        js._scheduler = mock_scheduler
        js._started = True
    
        with patch("bantz.config.config") as mock_cfg:
            mock_cfg.tts_enabled = True
>           js._register_briefing_watcher()

tests/agent/test_tts.py:802: 
_ _ _ _ _ _ _ _ _ _ _ _ _ _ _ _ _ _ _ _ _ _ _ _ _ _ _ _ _ _ _ _ _ _ _ _ _ _ _ _ 

self = <bantz.agent.job_scheduler.JobScheduler object at 0x7e335017b8b0>

    def _register_briefing_watcher(self) -> None:
        """Register 10s interval job for IDLE→active TTS trigger (#131)."""
        from bantz.config import config
        if not config.tts_enabled:
            return
    
>       from apscheduler.triggers.interval import IntervalTrigger
E       ModuleNotFoundError: No module named 'apscheduler'

src/bantz/agent/job_scheduler.py:557: ModuleNotFoundError
____________ TestTUIMessage.test_wake_word_detected_message_exists _____________

self = <tests.agent.test_wake_word.TestTUIMessage object at 0x7e3353f512d0>

    def test_wake_word_detected_message_exists(self):
>       from bantz.interface.tui.app import WakeWordDetected

tests/agent/test_wake_word.py:435: 
_ _ _ _ _ _ _ _ _ _ _ _ _ _ _ _ _ _ _ _ _ _ _ _ _ _ _ _ _ _ _ _ _ _ _ _ _ _ _ _ 

    """
    Bantz v3 — Textual TUI Application
    
    Entry point for the terminal user interface.
    Left panel: chat.  Right panel: system status + clock.
    """
    from __future__ import annotations
    
    import asyncio
    import logging
    from pathlib import Path
    
>   from textual.app import App, ComposeResult
E   ModuleNotFoundError: No module named 'textual'

src/bantz/interface/tui/app.py:13: ModuleNotFoundError
_____________________ TestTUIMessage.test_app_has_handler ______________________

self = <tests.agent.test_wake_word.TestTUIMessage object at 0x7e3353f52500>

    def test_app_has_handler(self):
>       from bantz.interface.tui.app import BantzApp

tests/agent/test_wake_word.py:440: 
_ _ _ _ _ _ _ _ _ _ _ _ _ _ _ _ _ _ _ _ _ _ _ _ _ _ _ _ _ _ _ _ _ _ _ _ _ _ _ _ 

    """
    Bantz v3 — Textual TUI Application
    
    Entry point for the terminal user interface.
    Left panel: chat.  Right panel: system status + clock.
    """
    from __future__ import annotations
    
    import asyncio
    import logging
    from pathlib import Path
    
>   from textual.app import App, ComposeResult
E   ModuleNotFoundError: No module named 'textual'

src/bantz/interface/tui/app.py:13: ModuleNotFoundError
_________________ TestTUIMessage.test_app_has_start_wake_word __________________

self = <tests.agent.test_wake_word.TestTUIMessage object at 0x7e3353f881c0>

    def test_app_has_start_wake_word(self):
>       from bantz.interface.tui.app import BantzApp

tests/agent/test_wake_word.py:444: 
_ _ _ _ _ _ _ _ _ _ _ _ _ _ _ _ _ _ _ _ _ _ _ _ _ _ _ _ _ _ _ _ _ _ _ _ _ _ _ _ 

    """
    Bantz v3 — Textual TUI Application
    
    Entry point for the terminal user interface.
    Left panel: chat.  Right panel: system status + clock.
    """
    from __future__ import annotations
    
    import asyncio
    import logging
    from pathlib import Path
    
>   from textual.app import App, ComposeResult
E   ModuleNotFoundError: No module named 'textual'

src/bantz/interface/tui/app.py:13: ModuleNotFoundError
________ TestNotifyToastFallback.test_fallback_to_notifier_when_no_tui _________

self = <tests.core.test_brain_integrations.TestNotifyToastFallback object at 0x7e3353de00a0>

    def test_fallback_to_notifier_when_no_tui(self):
        import bantz.core.brain as brain_mod
    
        old_cb = brain_mod._toast_callback
        brain_mod._toast_callback = None
    
        mock_notifier = MagicMock()
        mock_notifier.enabled = True
    
        try:
            with patch("bantz.agent.notifier.notifier", mock_notifier):
                # Suppress App.current failure
>               with patch("textual.app.App") as mock_app_cls:

tests/core/test_brain_integrations.py:740: 
_ _ _ _ _ _ _ _ _ _ _ _ _ _ _ _ _ _ _ _ _ _ _ _ _ _ _ _ _ _ _ _ _ _ _ _ _ _ _ _ 
/usr/lib/python3.10/unittest/mock.py:1431: in __enter__
    self.target = self.getter()
/usr/lib/python3.10/unittest/mock.py:1618: in <lambda>
    getter = lambda: _importer(target)
_ _ _ _ _ _ _ _ _ _ _ _ _ _ _ _ _ _ _ _ _ _ _ _ _ _ _ _ _ _ _ _ _ _ _ _ _ _ _ _ 

target = 'textual.app'

    def _importer(target):
        components = target.split('.')
        import_path = components.pop(0)
>       thing = __import__(import_path)
E       ModuleNotFoundError: No module named 'textual'

/usr/lib/python3.10/unittest/mock.py:1257: ModuleNotFoundError
________________ TestSafeReply.test_short_message_single_reply _________________

self = <tests.interface.test_telegram_llm.TestSafeReply object at 0x7e3352da0b80>

    @pytest.mark.asyncio
    async def test_short_message_single_reply(self):
>       from bantz.interface.telegram_bot import _safe_reply

tests/interface/test_telegram_llm.py:62: 
_ _ _ _ _ _ _ _ _ _ _ _ _ _ _ _ _ _ _ _ _ _ _ _ _ _ _ _ _ _ _ _ _ _ _ _ _ _ _ _ 

    """
    Bantz v3 — Telegram Bot
    
    Dual-path remote telegraph for phone access:
      1. Express Wire (/commands) — fast, LLM-free direct tool calls
      2. Cognitive Wire (free text) — full brain.process() with LLM (#178)
    
    Commands:
        /briefing   → full morning summary
        /hava       → weather report
        /mail       → unread emails
        /takvim     → today's calendar events
        /odev       → upcoming assignments
        /ders       → today's schedule
        /siradaki   → next class
        /haber      → latest news
    
    Usage:
        python -m bantz.interface.telegram_bot
    
    Env:
        TELEGRAM_BOT_TOKEN=...
        TELEGRAM_ALLOWED_USERS=123456,789012   # optional whitelist
        TELEGRAM_LLM_MODE=true                 # enable free-text → LLM
    """
    from __future__ import annotations
    
    import asyncio
    import logging
    import os
    import random
    import time
    from collections import defaultdict
    from typing import Callable, Coroutine, Any
    
>   from telegram import Update
E   ModuleNotFoundError: No module named 'telegram'

src/bantz/interface/telegram_bot.py:36: ModuleNotFoundError
_______________ TestSafeReply.test_splits_at_paragraph_boundary ________________

self = <tests.interface.test_telegram_llm.TestSafeReply object at 0x7e3352da0e50>

    @pytest.mark.asyncio
    async def test_splits_at_paragraph_boundary(self):
>       from bantz.interface.telegram_bot import _safe_reply

tests/interface/test_telegram_llm.py:69: 
_ _ _ _ _ _ _ _ _ _ _ _ _ _ _ _ _ _ _ _ _ _ _ _ _ _ _ _ _ _ _ _ _ _ _ _ _ _ _ _ 

    """
    Bantz v3 — Telegram Bot
    
    Dual-path remote telegraph for phone access:
      1. Express Wire (/commands) — fast, LLM-free direct tool calls
      2. Cognitive Wire (free text) — full brain.process() with LLM (#178)
    
    Commands:
        /briefing   → full morning summary
        /hava       → weather report
        /mail       → unread emails
        /takvim     → today's calendar events
        /odev       → upcoming assignments
        /ders       → today's schedule
        /siradaki   → next class
        /haber      → latest news
    
    Usage:
        python -m bantz.interface.telegram_bot
    
    Env:
        TELEGRAM_BOT_TOKEN=...
        TELEGRAM_ALLOWED_USERS=123456,789012   # optional whitelist
        TELEGRAM_LLM_MODE=true                 # enable free-text → LLM
    """
    from __future__ import annotations
    
    import asyncio
    import logging
    import os
    import random
    import time
    from collections import defaultdict
    from typing import Callable, Coroutine, Any
    
>   from telegram import Update
E   ModuleNotFoundError: No module named 'telegram'

src/bantz/interface/telegram_bot.py:36: ModuleNotFoundError
______________________ TestSafeReply.test_exact_boundary _______________________

self = <tests.interface.test_telegram_llm.TestSafeReply object at 0x7e3352da1090>

    @pytest.mark.asyncio
    async def test_exact_boundary(self):
        """Message exactly at the limit — single reply."""
>       from bantz.interface.telegram_bot import _safe_reply

tests/interface/test_telegram_llm.py:84: 
_ _ _ _ _ _ _ _ _ _ _ _ _ _ _ _ _ _ _ _ _ _ _ _ _ _ _ _ _ _ _ _ _ _ _ _ _ _ _ _ 

    """
    Bantz v3 — Telegram Bot
    
    Dual-path remote telegraph for phone access:
      1. Express Wire (/commands) — fast, LLM-free direct tool calls
      2. Cognitive Wire (free text) — full brain.process() with LLM (#178)
    
    Commands:
        /briefing   → full morning summary
        /hava       → weather report
        /mail       → unread emails
        /takvim     → today's calendar events
        /odev       → upcoming assignments
        /ders       → today's schedule
        /siradaki   → next class
        /haber      → latest news
    
    Usage:
        python -m bantz.interface.telegram_bot
    
    Env:
        TELEGRAM_BOT_TOKEN=...
        TELEGRAM_ALLOWED_USERS=123456,789012   # optional whitelist
        TELEGRAM_LLM_MODE=true                 # enable free-text → LLM
    """
    from __future__ import annotations
    
    import asyncio
    import logging
    import os
    import random
    import time
    from collections import defaultdict
    from typing import Callable, Coroutine, Any
    
>   from telegram import Update
E   ModuleNotFoundError: No module named 'telegram'

src/bantz/interface/telegram_bot.py:36: ModuleNotFoundError
_________________ TestSafeReply.test_hard_split_long_paragraph _________________

self = <tests.interface.test_telegram_llm.TestSafeReply object at 0x7e3352da12d0>

    @pytest.mark.asyncio
    async def test_hard_split_long_paragraph(self):
        """A single paragraph > 4000 chars must still be sent."""
>       from bantz.interface.telegram_bot import _safe_reply

tests/interface/test_telegram_llm.py:93: 
_ _ _ _ _ _ _ _ _ _ _ _ _ _ _ _ _ _ _ _ _ _ _ _ _ _ _ _ _ _ _ _ _ _ _ _ _ _ _ _ 

    """
    Bantz v3 — Telegram Bot
    
    Dual-path remote telegraph for phone access:
      1. Express Wire (/commands) — fast, LLM-free direct tool calls
      2. Cognitive Wire (free text) — full brain.process() with LLM (#178)
    
    Commands:
        /briefing   → full morning summary
        /hava       → weather report
        /mail       → unread emails
        /takvim     → today's calendar events
        /odev       → upcoming assignments
        /ders       → today's schedule
        /siradaki   → next class
        /haber      → latest news
    
    Usage:
        python -m bantz.interface.telegram_bot
    
    Env:
        TELEGRAM_BOT_TOKEN=...
        TELEGRAM_ALLOWED_USERS=123456,789012   # optional whitelist
        TELEGRAM_LLM_MODE=true                 # enable free-text → LLM
    """
    from __future__ import annotations
    
    import asyncio
    import logging
    import os
    import random
    import time
    from collections import defaultdict
    from typing import Callable, Coroutine, Any
    
>   from telegram import Update
E   ModuleNotFoundError: No module named 'telegram'

src/bantz/interface/telegram_bot.py:36: ModuleNotFoundError
___________ TestSafeReply.test_three_small_paragraphs_fit_one_chunk ____________

self = <tests.interface.test_telegram_llm.TestSafeReply object at 0x7e3352da1510>

    @pytest.mark.asyncio
    async def test_three_small_paragraphs_fit_one_chunk(self):
>       from bantz.interface.telegram_bot import _safe_reply

tests/interface/test_telegram_llm.py:105: 
_ _ _ _ _ _ _ _ _ _ _ _ _ _ _ _ _ _ _ _ _ _ _ _ _ _ _ _ _ _ _ _ _ _ _ _ _ _ _ _ 

    """
    Bantz v3 — Telegram Bot
    
    Dual-path remote telegraph for phone access:
      1. Express Wire (/commands) — fast, LLM-free direct tool calls
      2. Cognitive Wire (free text) — full brain.process() with LLM (#178)
    
    Commands:
        /briefing   → full morning summary
        /hava       → weather report
        /mail       → unread emails
        /takvim     → today's calendar events
        /odev       → upcoming assignments
        /ders       → today's schedule
        /siradaki   → next class
        /haber      → latest news
    
    Usage:
        python -m bantz.interface.telegram_bot
    
    Env:
        TELEGRAM_BOT_TOKEN=...
        TELEGRAM_ALLOWED_USERS=123456,789012   # optional whitelist
        TELEGRAM_LLM_MODE=true                 # enable free-text → LLM
    """
    from __future__ import annotations
    
    import asyncio
    import logging
    import os
    import random
    import time
    from collections import defaultdict
    from typing import Callable, Coroutine, Any
    
>   from telegram import Update
E   ModuleNotFoundError: No module named 'telegram'

src/bantz/interface/telegram_bot.py:36: ModuleNotFoundError
____________ TestSilentStranger.test_unauthorized_user_silent_drop _____________

self = <tests.interface.test_telegram_llm.TestSilentStranger object at 0x7e3352da1bd0>

    @pytest.mark.asyncio
    async def test_unauthorized_user_silent_drop(self):
>       import bantz.interface.telegram_bot as mod

tests/interface/test_telegram_llm.py:156: 
_ _ _ _ _ _ _ _ _ _ _ _ _ _ _ _ _ _ _ _ _ _ _ _ _ _ _ _ _ _ _ _ _ _ _ _ _ _ _ _ 

    """
    Bantz v3 — Telegram Bot
    
    Dual-path remote telegraph for phone access:
      1. Express Wire (/commands) — fast, LLM-free direct tool calls
      2. Cognitive Wire (free text) — full brain.process() with LLM (#178)
    
    Commands:
        /briefing   → full morning summary
        /hava       → weather report
        /mail       → unread emails
        /takvim     → today's calendar events
        /odev       → upcoming assignments
        /ders       → today's schedule
        /siradaki   → next class
        /haber      → latest news
    
    Usage:
        python -m bantz.interface.telegram_bot
    
    Env:
        TELEGRAM_BOT_TOKEN=...
        TELEGRAM_ALLOWED_USERS=123456,789012   # optional whitelist
        TELEGRAM_LLM_MODE=true                 # enable free-text → LLM
    """
    from __future__ import annotations
    
    import asyncio
    import logging
    import os
    import random
    import time
    from collections import defaultdict
    from typing import Callable, Coroutine, Any
    
>   from telegram import Update
E   ModuleNotFoundError: No module named 'telegram'

src/bantz/interface/telegram_bot.py:36: ModuleNotFoundError
________________ TestSilentStranger.test_authorized_user_passes ________________

self = <tests.interface.test_telegram_llm.TestSilentStranger object at 0x7e3352da1e10>

    @pytest.mark.asyncio
    async def test_authorized_user_passes(self):
>       import bantz.interface.telegram_bot as mod

tests/interface/test_telegram_llm.py:171: 
_ _ _ _ _ _ _ _ _ _ _ _ _ _ _ _ _ _ _ _ _ _ _ _ _ _ _ _ _ _ _ _ _ _ _ _ _ _ _ _ 

    """
    Bantz v3 — Telegram Bot
    
    Dual-path remote telegraph for phone access:
      1. Express Wire (/commands) — fast, LLM-free direct tool calls
      2. Cognitive Wire (free text) — full brain.process() with LLM (#178)
    
    Commands:
        /briefing   → full morning summary
        /hava       → weather report
        /mail       → unread emails
        /takvim     → today's calendar events
        /odev       → upcoming assignments
        /ders       → today's schedule
        /siradaki   → next class
        /haber      → latest news
    
    Usage:
        python -m bantz.interface.telegram_bot
    
    Env:
        TELEGRAM_BOT_TOKEN=...
        TELEGRAM_ALLOWED_USERS=123456,789012   # optional whitelist
        TELEGRAM_LLM_MODE=true                 # enable free-text → LLM
    """
    from __future__ import annotations
    
    import asyncio
    import logging
    import os
    import random
    import time
    from collections import defaultdict
    from typing import Callable, Coroutine, Any
    
>   from telegram import Update
E   ModuleNotFoundError: No module named 'telegram'

src/bantz/interface/telegram_bot.py:36: ModuleNotFoundError
_________________ TestLLMModeToggle.test_llm_mode_off_rejects __________________

self = <tests.interface.test_telegram_llm.TestLLMModeToggle object at 0x7e3352da20e0>

    @pytest.mark.asyncio
    async def test_llm_mode_off_rejects(self):
        """When TELEGRAM_LLM_MODE=false, free text is rejected."""
>       import bantz.interface.telegram_bot as mod

tests/interface/test_telegram_llm.py:201: 
_ _ _ _ _ _ _ _ _ _ _ _ _ _ _ _ _ _ _ _ _ _ _ _ _ _ _ _ _ _ _ _ _ _ _ _ _ _ _ _ 

    """
    Bantz v3 — Telegram Bot
    
    Dual-path remote telegraph for phone access:
      1. Express Wire (/commands) — fast, LLM-free direct tool calls
      2. Cognitive Wire (free text) — full brain.process() with LLM (#178)
    
    Commands:
        /briefing   → full morning summary
        /hava       → weather report
        /mail       → unread emails
        /takvim     → today's calendar events
        /odev       → upcoming assignments
        /ders       → today's schedule
        /siradaki   → next class
        /haber      → latest news
    
    Usage:
        python -m bantz.interface.telegram_bot
    
    Env:
        TELEGRAM_BOT_TOKEN=...
        TELEGRAM_ALLOWED_USERS=123456,789012   # optional whitelist
        TELEGRAM_LLM_MODE=true                 # enable free-text → LLM
    """
    from __future__ import annotations
    
    import asyncio
    import logging
    import os
    import random
    import time
    from collections import defaultdict
    from typing import Callable, Coroutine, Any
    
>   from telegram import Update
E   ModuleNotFoundError: No module named 'telegram'

src/bantz/interface/telegram_bot.py:36: ModuleNotFoundError
_________________ TestHandleMessage.test_typing_indicator_sent _________________

self = <tests.interface.test_telegram_llm.TestHandleMessage object at 0x7e3352da2380>

    @pytest.mark.asyncio
    async def test_typing_indicator_sent(self):
        """Typing action should be sent while brain processes."""
>       import bantz.interface.telegram_bot as mod

tests/interface/test_telegram_llm.py:227: 
_ _ _ _ _ _ _ _ _ _ _ _ _ _ _ _ _ _ _ _ _ _ _ _ _ _ _ _ _ _ _ _ _ _ _ _ _ _ _ _ 

    """
    Bantz v3 — Telegram Bot
    
    Dual-path remote telegraph for phone access:
      1. Express Wire (/commands) — fast, LLM-free direct tool calls
      2. Cognitive Wire (free text) — full brain.process() with LLM (#178)
    
    Commands:
        /briefing   → full morning summary
        /hava       → weather report
        /mail       → unread emails
        /takvim     → today's calendar events
        /odev       → upcoming assignments
        /ders       → today's schedule
        /siradaki   → next class
        /haber      → latest news
    
    Usage:
        python -m bantz.interface.telegram_bot
    
    Env:
        TELEGRAM_BOT_TOKEN=...
        TELEGRAM_ALLOWED_USERS=123456,789012   # optional whitelist
        TELEGRAM_LLM_MODE=true                 # enable free-text → LLM
    """
    from __future__ import annotations
    
    import asyncio
    import logging
    import os
    import random
    import time
    from collections import defaultdict
    from typing import Callable, Coroutine, Any
    
>   from telegram import Update
E   ModuleNotFoundError: No module named 'telegram'

src/bantz/interface/telegram_bot.py:36: ModuleNotFoundError
__________ TestHandleMessage.test_brain_process_called_with_is_remote __________

self = <tests.interface.test_telegram_llm.TestHandleMessage object at 0x7e3352da25c0>

    @pytest.mark.asyncio
    async def test_brain_process_called_with_is_remote(self):
        """brain.process() must be called with is_remote=True."""
>       import bantz.interface.telegram_bot as mod

tests/interface/test_telegram_llm.py:252: 
_ _ _ _ _ _ _ _ _ _ _ _ _ _ _ _ _ _ _ _ _ _ _ _ _ _ _ _ _ _ _ _ _ _ _ _ _ _ _ _ 

    """
    Bantz v3 — Telegram Bot
    
    Dual-path remote telegraph for phone access:
      1. Express Wire (/commands) — fast, LLM-free direct tool calls
      2. Cognitive Wire (free text) — full brain.process() with LLM (#178)
    
    Commands:
        /briefing   → full morning summary
        /hava       → weather report
        /mail       → unread emails
        /takvim     → today's calendar events
        /odev       → upcoming assignments
        /ders       → today's schedule
        /siradaki   → next class
        /haber      → latest news
    
    Usage:
        python -m bantz.interface.telegram_bot
    
    Env:
        TELEGRAM_BOT_TOKEN=...
        TELEGRAM_ALLOWED_USERS=123456,789012   # optional whitelist
        TELEGRAM_LLM_MODE=true                 # enable free-text → LLM
    """
    from __future__ import annotations
    
    import asyncio
    import logging
    import os
    import random
    import time
    from collections import defaultdict
    from typing import Callable, Coroutine, Any
    
>   from telegram import Update
E   ModuleNotFoundError: No module named 'telegram'

src/bantz/interface/telegram_bot.py:36: ModuleNotFoundError
_______________ TestHandleMessage.test_stream_response_collected _______________

self = <tests.interface.test_telegram_llm.TestHandleMessage object at 0x7e3352da2800>

    @pytest.mark.asyncio
    async def test_stream_response_collected(self):
        """When result.stream exists, chunks are collected and sent."""
>       import bantz.interface.telegram_bot as mod

tests/interface/test_telegram_llm.py:276: 
_ _ _ _ _ _ _ _ _ _ _ _ _ _ _ _ _ _ _ _ _ _ _ _ _ _ _ _ _ _ _ _ _ _ _ _ _ _ _ _ 

    """
    Bantz v3 — Telegram Bot
    
    Dual-path remote telegraph for phone access:
      1. Express Wire (/commands) — fast, LLM-free direct tool calls
      2. Cognitive Wire (free text) — full brain.process() with LLM (#178)
    
    Commands:
        /briefing   → full morning summary
        /hava       → weather report
        /mail       → unread emails
        /takvim     → today's calendar events
        /odev       → upcoming assignments
        /ders       → today's schedule
        /siradaki   → next class
        /haber      → latest news
    
    Usage:
        python -m bantz.interface.telegram_bot
    
    Env:
        TELEGRAM_BOT_TOKEN=...
        TELEGRAM_ALLOWED_USERS=123456,789012   # optional whitelist
        TELEGRAM_LLM_MODE=true                 # enable free-text → LLM
    """
    from __future__ import annotations
    
    import asyncio
    import logging
    import os
    import random
    import time
    from collections import defaultdict
    from typing import Callable, Coroutine, Any
    
>   from telegram import Update
E   ModuleNotFoundError: No module named 'telegram'

src/bantz/interface/telegram_bot.py:36: ModuleNotFoundError
____________ TestHandleMessage.test_stream_response_persisted_to_db ____________

self = <tests.interface.test_telegram_llm.TestHandleMessage object at 0x7e3352da2a40>

    @pytest.mark.asyncio
    async def test_stream_response_persisted_to_db(self):
        """Streamed responses must be saved to DB for memory continuity."""
>       import bantz.interface.telegram_bot as mod

tests/interface/test_telegram_llm.py:309: 
_ _ _ _ _ _ _ _ _ _ _ _ _ _ _ _ _ _ _ _ _ _ _ _ _ _ _ _ _ _ _ _ _ _ _ _ _ _ _ _ 

    """
    Bantz v3 — Telegram Bot
    
    Dual-path remote telegraph for phone access:
      1. Express Wire (/commands) — fast, LLM-free direct tool calls
      2. Cognitive Wire (free text) — full brain.process() with LLM (#178)
    
    Commands:
        /briefing   → full morning summary
        /hava       → weather report
        /mail       → unread emails
        /takvim     → today's calendar events
        /odev       → upcoming assignments
        /ders       → today's schedule
        /siradaki   → next class
        /haber      → latest news
    
    Usage:
        python -m bantz.interface.telegram_bot
    
    Env:
        TELEGRAM_BOT_TOKEN=...
        TELEGRAM_ALLOWED_USERS=123456,789012   # optional whitelist
        TELEGRAM_LLM_MODE=true                 # enable free-text → LLM
    """
    from __future__ import annotations
    
    import asyncio
    import logging
    import os
    import random
    import time
    from collections import defaultdict
    from typing import Callable, Coroutine, Any
    
>   from telegram import Update
E   ModuleNotFoundError: No module named 'telegram'

src/bantz/interface/telegram_bot.py:36: ModuleNotFoundError
__________________ TestHandleMessage.test_empty_text_ignored ___________________

self = <tests.interface.test_telegram_llm.TestHandleMessage object at 0x7e3352da2c80>

    @pytest.mark.asyncio
    async def test_empty_text_ignored(self):
        """Empty text messages are silently ignored."""
>       import bantz.interface.telegram_bot as mod

tests/interface/test_telegram_llm.py:349: 
_ _ _ _ _ _ _ _ _ _ _ _ _ _ _ _ _ _ _ _ _ _ _ _ _ _ _ _ _ _ _ _ _ _ _ _ _ _ _ _ 

    """
    Bantz v3 — Telegram Bot
    
    Dual-path remote telegraph for phone access:
      1. Express Wire (/commands) — fast, LLM-free direct tool calls
      2. Cognitive Wire (free text) — full brain.process() with LLM (#178)
    
    Commands:
        /briefing   → full morning summary
        /hava       → weather report
        /mail       → unread emails
        /takvim     → today's calendar events
        /odev       → upcoming assignments
        /ders       → today's schedule
        /siradaki   → next class
        /haber      → latest news
    
    Usage:
        python -m bantz.interface.telegram_bot
    
    Env:
        TELEGRAM_BOT_TOKEN=...
        TELEGRAM_ALLOWED_USERS=123456,789012   # optional whitelist
        TELEGRAM_LLM_MODE=true                 # enable free-text → LLM
    """
    from __future__ import annotations
    
    import asyncio
    import logging
    import os
    import random
    import time
    from collections import defaultdict
    from typing import Callable, Coroutine, Any
    
>   from telegram import Update
E   ModuleNotFoundError: No module named 'telegram'

src/bantz/interface/telegram_bot.py:36: ModuleNotFoundError
____________ TestHandleMessage.test_rate_limited_user_gets_warning _____________

self = <tests.interface.test_telegram_llm.TestHandleMessage object at 0x7e3352da2ec0>

    @pytest.mark.asyncio
    async def test_rate_limited_user_gets_warning(self):
        """Rate-limited user gets a polite wait message."""
>       import bantz.interface.telegram_bot as mod

tests/interface/test_telegram_llm.py:369: 
_ _ _ _ _ _ _ _ _ _ _ _ _ _ _ _ _ _ _ _ _ _ _ _ _ _ _ _ _ _ _ _ _ _ _ _ _ _ _ _ 

    """
    Bantz v3 — Telegram Bot
    
    Dual-path remote telegraph for phone access:
      1. Express Wire (/commands) — fast, LLM-free direct tool calls
      2. Cognitive Wire (free text) — full brain.process() with LLM (#178)
    
    Commands:
        /briefing   → full morning summary
        /hava       → weather report
        /mail       → unread emails
        /takvim     → today's calendar events
        /odev       → upcoming assignments
        /ders       → today's schedule
        /siradaki   → next class
        /haber      → latest news
    
    Usage:
        python -m bantz.interface.telegram_bot
    
    Env:
        TELEGRAM_BOT_TOKEN=...
        TELEGRAM_ALLOWED_USERS=123456,789012   # optional whitelist
        TELEGRAM_LLM_MODE=true                 # enable free-text → LLM
    """
    from __future__ import annotations
    
    import asyncio
    import logging
    import os
    import random
    import time
    from collections import defaultdict
    from typing import Callable, Coroutine, Any
    
>   from telegram import Update
E   ModuleNotFoundError: No module named 'telegram'

src/bantz/interface/telegram_bot.py:36: ModuleNotFoundError
______________ TestHandleMessage.test_brain_error_reports_to_user ______________

self = <tests.interface.test_telegram_llm.TestHandleMessage object at 0x7e3352da3100>

    @pytest.mark.asyncio
    async def test_brain_error_reports_to_user(self):
        """If brain raises, user gets an error message."""
>       import bantz.interface.telegram_bot as mod

tests/interface/test_telegram_llm.py:392: 
_ _ _ _ _ _ _ _ _ _ _ _ _ _ _ _ _ _ _ _ _ _ _ _ _ _ _ _ _ _ _ _ _ _ _ _ _ _ _ _ 

    """
    Bantz v3 — Telegram Bot
    
    Dual-path remote telegraph for phone access:
      1. Express Wire (/commands) — fast, LLM-free direct tool calls
      2. Cognitive Wire (free text) — full brain.process() with LLM (#178)
    
    Commands:
        /briefing   → full morning summary
        /hava       → weather report
        /mail       → unread emails
        /takvim     → today's calendar events
        /odev       → upcoming assignments
        /ders       → today's schedule
        /siradaki   → next class
        /haber      → latest news
    
    Usage:
        python -m bantz.interface.telegram_bot
    
    Env:
        TELEGRAM_BOT_TOKEN=...
        TELEGRAM_ALLOWED_USERS=123456,789012   # optional whitelist
        TELEGRAM_LLM_MODE=true                 # enable free-text → LLM
    """
    from __future__ import annotations
    
    import asyncio
    import logging
    import os
    import random
    import time
    from collections import defaultdict
    from typing import Callable, Coroutine, Any
    
>   from telegram import Update
E   ModuleNotFoundError: No module named 'telegram'

src/bantz/interface/telegram_bot.py:36: ModuleNotFoundError
_____________ TestHandleMessage.test_empty_response_sends_ellipsis _____________

self = <tests.interface.test_telegram_llm.TestHandleMessage object at 0x7e3352da3340>

    @pytest.mark.asyncio
    async def test_empty_response_sends_ellipsis(self):
        """Empty brain response sends '…' instead of nothing."""
>       import bantz.interface.telegram_bot as mod

tests/interface/test_telegram_llm.py:418: 
_ _ _ _ _ _ _ _ _ _ _ _ _ _ _ _ _ _ _ _ _ _ _ _ _ _ _ _ _ _ _ _ _ _ _ _ _ _ _ _ 

    """
    Bantz v3 — Telegram Bot
    
    Dual-path remote telegraph for phone access:
      1. Express Wire (/commands) — fast, LLM-free direct tool calls
      2. Cognitive Wire (free text) — full brain.process() with LLM (#178)
    
    Commands:
        /briefing   → full morning summary
        /hava       → weather report
        /mail       → unread emails
        /takvim     → today's calendar events
        /odev       → upcoming assignments
        /ders       → today's schedule
        /siradaki   → next class
        /haber      → latest news
    
    Usage:
        python -m bantz.interface.telegram_bot
    
    Env:
        TELEGRAM_BOT_TOKEN=...
        TELEGRAM_ALLOWED_USERS=123456,789012   # optional whitelist
        TELEGRAM_LLM_MODE=true                 # enable free-text → LLM
    """
    from __future__ import annotations
    
    import asyncio
    import logging
    import os
    import random
    import time
    from collections import defaultdict
    from typing import Callable, Coroutine, Any
    
>   from telegram import Update
E   ModuleNotFoundError: No module named 'telegram'

src/bantz/interface/telegram_bot.py:36: ModuleNotFoundError
___________ TestStartCommand.test_start_shows_llm_hint_when_enabled ____________

self = <tests.interface.test_telegram_llm.TestStartCommand object at 0x7e3352da1c30>

    @pytest.mark.asyncio
    async def test_start_shows_llm_hint_when_enabled(self):
>       import bantz.interface.telegram_bot as mod

tests/interface/test_telegram_llm.py:523: 
_ _ _ _ _ _ _ _ _ _ _ _ _ _ _ _ _ _ _ _ _ _ _ _ _ _ _ _ _ _ _ _ _ _ _ _ _ _ _ _ 

    """
    Bantz v3 — Telegram Bot
    
    Dual-path remote telegraph for phone access:
      1. Express Wire (/commands) — fast, LLM-free direct tool calls
      2. Cognitive Wire (free text) — full brain.process() with LLM (#178)
    
    Commands:
        /briefing   → full morning summary
        /hava       → weather report
        /mail       → unread emails
        /takvim     → today's calendar events
        /odev       → upcoming assignments
        /ders       → today's schedule
        /siradaki   → next class
        /haber      → latest news
    
    Usage:
        python -m bantz.interface.telegram_bot
    
    Env:
        TELEGRAM_BOT_TOKEN=...
        TELEGRAM_ALLOWED_USERS=123456,789012   # optional whitelist
        TELEGRAM_LLM_MODE=true                 # enable free-text → LLM
    """
    from __future__ import annotations
    
    import asyncio
    import logging
    import os
    import random
    import time
    from collections import defaultdict
    from typing import Callable, Coroutine, Any
    
>   from telegram import Update
E   ModuleNotFoundError: No module named 'telegram'

src/bantz/interface/telegram_bot.py:36: ModuleNotFoundError
____________ TestStartCommand.test_start_no_llm_hint_when_disabled _____________

self = <tests.interface.test_telegram_llm.TestStartCommand object at 0x7e3352da11e0>

    @pytest.mark.asyncio
    async def test_start_no_llm_hint_when_disabled(self):
>       import bantz.interface.telegram_bot as mod

tests/interface/test_telegram_llm.py:539: 
_ _ _ _ _ _ _ _ _ _ _ _ _ _ _ _ _ _ _ _ _ _ _ _ _ _ _ _ _ _ _ _ _ _ _ _ _ _ _ _ 

    """
    Bantz v3 — Telegram Bot
    
    Dual-path remote telegraph for phone access:
      1. Express Wire (/commands) — fast, LLM-free direct tool calls
      2. Cognitive Wire (free text) — full brain.process() with LLM (#178)
    
    Commands:
        /briefing   → full morning summary
        /hava       → weather report
        /mail       → unread emails
        /takvim     → today's calendar events
        /odev       → upcoming assignments
        /ders       → today's schedule
        /siradaki   → next class
        /haber      → latest news
    
    Usage:
        python -m bantz.interface.telegram_bot
    
    Env:
        TELEGRAM_BOT_TOKEN=...
        TELEGRAM_ALLOWED_USERS=123456,789012   # optional whitelist
        TELEGRAM_LLM_MODE=true                 # enable free-text → LLM
    """
    from __future__ import annotations
    
    import asyncio
    import logging
    import os
    import random
    import time
    from collections import defaultdict
    from typing import Callable, Coroutine, Any
    
>   from telegram import Update
E   ModuleNotFoundError: No module named 'telegram'

src/bantz/interface/telegram_bot.py:36: ModuleNotFoundError
________ TestRunBotRegistration.test_run_bot_source_has_message_handler ________

self = <tests.interface.test_telegram_llm.TestRunBotRegistration object at 0x7e3352da3a30>

    def test_run_bot_source_has_message_handler(self):
        """run_bot() must register a MessageHandler for free text."""
        import inspect
>       from bantz.interface.telegram_bot import run_bot

tests/interface/test_telegram_llm.py:563: 
_ _ _ _ _ _ _ _ _ _ _ _ _ _ _ _ _ _ _ _ _ _ _ _ _ _ _ _ _ _ _ _ _ _ _ _ _ _ _ _ 

    """
    Bantz v3 — Telegram Bot
    
    Dual-path remote telegraph for phone access:
      1. Express Wire (/commands) — fast, LLM-free direct tool calls
      2. Cognitive Wire (free text) — full brain.process() with LLM (#178)
    
    Commands:
        /briefing   → full morning summary
        /hava       → weather report
        /mail       → unread emails
        /takvim     → today's calendar events
        /odev       → upcoming assignments
        /ders       → today's schedule
        /siradaki   → next class
        /haber      → latest news
    
    Usage:
        python -m bantz.interface.telegram_bot
    
    Env:
        TELEGRAM_BOT_TOKEN=...
        TELEGRAM_ALLOWED_USERS=123456,789012   # optional whitelist
        TELEGRAM_LLM_MODE=true                 # enable free-text → LLM
    """
    from __future__ import annotations
    
    import asyncio
    import logging
    import os
    import random
    import time
    from collections import defaultdict
    from typing import Callable, Coroutine, Any
    
>   from telegram import Update
E   ModuleNotFoundError: No module named 'telegram'

src/bantz/interface/telegram_bot.py:36: ModuleNotFoundError
__________ TestRunBotRegistration.test_run_bot_source_has_text_filter __________

self = <tests.interface.test_telegram_llm.TestRunBotRegistration object at 0x7e3352da3be0>

    def test_run_bot_source_has_text_filter(self):
        """MessageHandler must use TEXT & ~COMMAND filter."""
        import inspect
>       from bantz.interface.telegram_bot import run_bot

tests/interface/test_telegram_llm.py:571: 
_ _ _ _ _ _ _ _ _ _ _ _ _ _ _ _ _ _ _ _ _ _ _ _ _ _ _ _ _ _ _ _ _ _ _ _ _ _ _ _ 

    """
    Bantz v3 — Telegram Bot
    
    Dual-path remote telegraph for phone access:
      1. Express Wire (/commands) — fast, LLM-free direct tool calls
      2. Cognitive Wire (free text) — full brain.process() with LLM (#178)
    
    Commands:
        /briefing   → full morning summary
        /hava       → weather report
        /mail       → unread emails
        /takvim     → today's calendar events
        /odev       → upcoming assignments
        /ders       → today's schedule
        /siradaki   → next class
        /haber      → latest news
    
    Usage:
        python -m bantz.interface.telegram_bot
    
    Env:
        TELEGRAM_BOT_TOKEN=...
        TELEGRAM_ALLOWED_USERS=123456,789012   # optional whitelist
        TELEGRAM_LLM_MODE=true                 # enable free-text → LLM
    """
    from __future__ import annotations
    
    import asyncio
    import logging
    import os
    import random
    import time
    from collections import defaultdict
    from typing import Callable, Coroutine, Any
    
>   from telegram import Update
E   ModuleNotFoundError: No module named 'telegram'

src/bantz/interface/telegram_bot.py:36: ModuleNotFoundError
________________ TestModuleExports.test_handle_message_exported ________________

self = <tests.interface.test_telegram_llm.TestModuleExports object at 0x7e3352da3df0>

    def test_handle_message_exported(self):
>       from bantz.interface.telegram_bot import handle_message

tests/interface/test_telegram_llm.py:584: 
_ _ _ _ _ _ _ _ _ _ _ _ _ _ _ _ _ _ _ _ _ _ _ _ _ _ _ _ _ _ _ _ _ _ _ _ _ _ _ _ 

    """
    Bantz v3 — Telegram Bot
    
    Dual-path remote telegraph for phone access:
      1. Express Wire (/commands) — fast, LLM-free direct tool calls
      2. Cognitive Wire (free text) — full brain.process() with LLM (#178)
    
    Commands:
        /briefing   → full morning summary
        /hava       → weather report
        /mail       → unread emails
        /takvim     → today's calendar events
        /odev       → upcoming assignments
        /ders       → today's schedule
        /siradaki   → next class
        /haber      → latest news
    
    Usage:
        python -m bantz.interface.telegram_bot
    
    Env:
        TELEGRAM_BOT_TOKEN=...
        TELEGRAM_ALLOWED_USERS=123456,789012   # optional whitelist
        TELEGRAM_LLM_MODE=true                 # enable free-text → LLM
    """
    from __future__ import annotations
    
    import asyncio
    import logging
    import os
    import random
    import time
    from collections import defaultdict
    from typing import Callable, Coroutine, Any
    
>   from telegram import Update
E   ModuleNotFoundError: No module named 'telegram'

src/bantz/interface/telegram_bot.py:36: ModuleNotFoundError
_________________ TestModuleExports.test_rate_limit_constants __________________

self = <tests.interface.test_telegram_llm.TestModuleExports object at 0x7e3352da3fa0>

    def test_rate_limit_constants(self):
>       from bantz.interface.telegram_bot import _RATE_WINDOW, _RATE_LIMIT

tests/interface/test_telegram_llm.py:588: 
_ _ _ _ _ _ _ _ _ _ _ _ _ _ _ _ _ _ _ _ _ _ _ _ _ _ _ _ _ _ _ _ _ _ _ _ _ _ _ _ 

    """
    Bantz v3 — Telegram Bot
    
    Dual-path remote telegraph for phone access:
      1. Express Wire (/commands) — fast, LLM-free direct tool calls
      2. Cognitive Wire (free text) — full brain.process() with LLM (#178)
    
    Commands:
        /briefing   → full morning summary
        /hava       → weather report
        /mail       → unread emails
        /takvim     → today's calendar events
        /odev       → upcoming assignments
        /ders       → today's schedule
        /siradaki   → next class
        /haber      → latest news
    
    Usage:
        python -m bantz.interface.telegram_bot
    
    Env:
        TELEGRAM_BOT_TOKEN=...
        TELEGRAM_ALLOWED_USERS=123456,789012   # optional whitelist
        TELEGRAM_LLM_MODE=true                 # enable free-text → LLM
    """
    from __future__ import annotations
    
    import asyncio
    import logging
    import os
    import random
    import time
    from collections import defaultdict
    from typing import Callable, Coroutine, Any
    
>   from telegram import Update
E   ModuleNotFoundError: No module named 'telegram'

src/bantz/interface/telegram_bot.py:36: ModuleNotFoundError
__________________ TestModuleExports.test_safe_reply_exported __________________

self = <tests.interface.test_telegram_llm.TestModuleExports object at 0x7e3352dc8190>

    def test_safe_reply_exported(self):
>       from bantz.interface.telegram_bot import _safe_reply

tests/interface/test_telegram_llm.py:593: 
_ _ _ _ _ _ _ _ _ _ _ _ _ _ _ _ _ _ _ _ _ _ _ _ _ _ _ _ _ _ _ _ _ _ _ _ _ _ _ _ 

    """
    Bantz v3 — Telegram Bot
    
    Dual-path remote telegraph for phone access:
      1. Express Wire (/commands) — fast, LLM-free direct tool calls
      2. Cognitive Wire (free text) — full brain.process() with LLM (#178)
    
    Commands:
        /briefing   → full morning summary
        /hava       → weather report
        /mail       → unread emails
        /takvim     → today's calendar events
        /odev       → upcoming assignments
        /ders       → today's schedule
        /siradaki   → next class
        /haber      → latest news
    
    Usage:
        python -m bantz.interface.telegram_bot
    
    Env:
        TELEGRAM_BOT_TOKEN=...
        TELEGRAM_ALLOWED_USERS=123456,789012   # optional whitelist
        TELEGRAM_LLM_MODE=true                 # enable free-text → LLM
    """
    from __future__ import annotations
    
    import asyncio
    import logging
    import os
    import random
    import time
    from collections import defaultdict
    from typing import Callable, Coroutine, Any
    
>   from telegram import Update
E   ModuleNotFoundError: No module named 'telegram'

src/bantz/interface/telegram_bot.py:36: ModuleNotFoundError
_______________ TestModuleExports.test_is_rate_limited_exported ________________

self = <tests.interface.test_telegram_llm.TestModuleExports object at 0x7e3352dc8340>

    def test_is_rate_limited_exported(self):
>       from bantz.interface.telegram_bot import _is_rate_limited

tests/interface/test_telegram_llm.py:597: 
_ _ _ _ _ _ _ _ _ _ _ _ _ _ _ _ _ _ _ _ _ _ _ _ _ _ _ _ _ _ _ _ _ _ _ _ _ _ _ _ 

    """
    Bantz v3 — Telegram Bot
    
    Dual-path remote telegraph for phone access:
      1. Express Wire (/commands) — fast, LLM-free direct tool calls
      2. Cognitive Wire (free text) — full brain.process() with LLM (#178)
    
    Commands:
        /briefing   → full morning summary
        /hava       → weather report
        /mail       → unread emails
        /takvim     → today's calendar events
        /odev       → upcoming assignments
        /ders       → today's schedule
        /siradaki   → next class
        /haber      → latest news
    
    Usage:
        python -m bantz.interface.telegram_bot
    
    Env:
        TELEGRAM_BOT_TOKEN=...
        TELEGRAM_ALLOWED_USERS=123456,789012   # optional whitelist
        TELEGRAM_LLM_MODE=true                 # enable free-text → LLM
    """
    from __future__ import annotations
    
    import asyncio
    import logging
    import os
    import random
    import time
    from collections import defaultdict
    from typing import Callable, Coroutine, Any
    
>   from telegram import Update
E   ModuleNotFoundError: No module named 'telegram'

src/bantz/interface/telegram_bot.py:36: ModuleNotFoundError
___________ TestProgressIndicators.test_placeholder_sent_immediately ___________

self = <tests.interface.test_telegram_llm.TestProgressIndicators object at 0x7e3352dc8580>

    @pytest.mark.asyncio
    async def test_placeholder_sent_immediately(self):
        """reply_text() called with a placeholder BEFORE brain.process()."""
>       import bantz.interface.telegram_bot as mod

tests/interface/test_telegram_llm.py:612: 
_ _ _ _ _ _ _ _ _ _ _ _ _ _ _ _ _ _ _ _ _ _ _ _ _ _ _ _ _ _ _ _ _ _ _ _ _ _ _ _ 

    """
    Bantz v3 — Telegram Bot
    
    Dual-path remote telegraph for phone access:
      1. Express Wire (/commands) — fast, LLM-free direct tool calls
      2. Cognitive Wire (free text) — full brain.process() with LLM (#178)
    
    Commands:
        /briefing   → full morning summary
        /hava       → weather report
        /mail       → unread emails
        /takvim     → today's calendar events
        /odev       → upcoming assignments
        /ders       → today's schedule
        /siradaki   → next class
        /haber      → latest news
    
    Usage:
        python -m bantz.interface.telegram_bot
    
    Env:
        TELEGRAM_BOT_TOKEN=...
        TELEGRAM_ALLOWED_USERS=123456,789012   # optional whitelist
        TELEGRAM_LLM_MODE=true                 # enable free-text → LLM
    """
    from __future__ import annotations
    
    import asyncio
    import logging
    import os
    import random
    import time
    from collections import defaultdict
    from typing import Callable, Coroutine, Any
    
>   from telegram import Update
E   ModuleNotFoundError: No module named 'telegram'

src/bantz/interface/telegram_bot.py:36: ModuleNotFoundError
_________ TestProgressIndicators.test_placeholder_edited_with_response _________

self = <tests.interface.test_telegram_llm.TestProgressIndicators object at 0x7e3352dc87c0>

    @pytest.mark.asyncio
    async def test_placeholder_edited_with_response(self):
        """edit_text() called with the actual LLM response on the placeholder."""
>       import bantz.interface.telegram_bot as mod

tests/interface/test_telegram_llm.py:654: 
_ _ _ _ _ _ _ _ _ _ _ _ _ _ _ _ _ _ _ _ _ _ _ _ _ _ _ _ _ _ _ _ _ _ _ _ _ _ _ _ 

    """
    Bantz v3 — Telegram Bot
    
    Dual-path remote telegraph for phone access:
      1. Express Wire (/commands) — fast, LLM-free direct tool calls
      2. Cognitive Wire (free text) — full brain.process() with LLM (#178)
    
    Commands:
        /briefing   → full morning summary
        /hava       → weather report
        /mail       → unread emails
        /takvim     → today's calendar events
        /odev       → upcoming assignments
        /ders       → today's schedule
        /siradaki   → next class
        /haber      → latest news
    
    Usage:
        python -m bantz.interface.telegram_bot
    
    Env:
        TELEGRAM_BOT_TOKEN=...
        TELEGRAM_ALLOWED_USERS=123456,789012   # optional whitelist
        TELEGRAM_LLM_MODE=true                 # enable free-text → LLM
    """
    from __future__ import annotations
    
    import asyncio
    import logging
    import os
    import random
    import time
    from collections import defaultdict
    from typing import Callable, Coroutine, Any
    
>   from telegram import Update
E   ModuleNotFoundError: No module named 'telegram'

src/bantz/interface/telegram_bot.py:36: ModuleNotFoundError
______________ TestProgressIndicators.test_long_response_chunked _______________

self = <tests.interface.test_telegram_llm.TestProgressIndicators object at 0x7e3352dc8a00>

    @pytest.mark.asyncio
    async def test_long_response_chunked(self):
        """>4000 chars: first chunk edits placeholder, rest are new messages."""
>       import bantz.interface.telegram_bot as mod

tests/interface/test_telegram_llm.py:680: 
_ _ _ _ _ _ _ _ _ _ _ _ _ _ _ _ _ _ _ _ _ _ _ _ _ _ _ _ _ _ _ _ _ _ _ _ _ _ _ _ 

    """
    Bantz v3 — Telegram Bot
    
    Dual-path remote telegraph for phone access:
      1. Express Wire (/commands) — fast, LLM-free direct tool calls
      2. Cognitive Wire (free text) — full brain.process() with LLM (#178)
    
    Commands:
        /briefing   → full morning summary
        /hava       → weather report
        /mail       → unread emails
        /takvim     → today's calendar events
        /odev       → upcoming assignments
        /ders       → today's schedule
        /siradaki   → next class
        /haber      → latest news
    
    Usage:
        python -m bantz.interface.telegram_bot
    
    Env:
        TELEGRAM_BOT_TOKEN=...
        TELEGRAM_ALLOWED_USERS=123456,789012   # optional whitelist
        TELEGRAM_LLM_MODE=true                 # enable free-text → LLM
    """
    from __future__ import annotations
    
    import asyncio
    import logging
    import os
    import random
    import time
    from collections import defaultdict
    from typing import Callable, Coroutine, Any
    
>   from telegram import Update
E   ModuleNotFoundError: No module named 'telegram'

src/bantz/interface/telegram_bot.py:36: ModuleNotFoundError
_________ TestProgressIndicators.test_edit_failure_fallback_plain_text _________

self = <tests.interface.test_telegram_llm.TestProgressIndicators object at 0x7e3352dc8c40>

    @pytest.mark.asyncio
    async def test_edit_failure_fallback_plain_text(self):
        """If edit_text fails with markdown, retry with parse_mode=None."""
>       import bantz.interface.telegram_bot as mod

tests/interface/test_telegram_llm.py:715: 
_ _ _ _ _ _ _ _ _ _ _ _ _ _ _ _ _ _ _ _ _ _ _ _ _ _ _ _ _ _ _ _ _ _ _ _ _ _ _ _ 

    """
    Bantz v3 — Telegram Bot
    
    Dual-path remote telegraph for phone access:
      1. Express Wire (/commands) — fast, LLM-free direct tool calls
      2. Cognitive Wire (free text) — full brain.process() with LLM (#178)
    
    Commands:
        /briefing   → full morning summary
        /hava       → weather report
        /mail       → unread emails
        /takvim     → today's calendar events
        /odev       → upcoming assignments
        /ders       → today's schedule
        /siradaki   → next class
        /haber      → latest news
    
    Usage:
        python -m bantz.interface.telegram_bot
    
    Env:
        TELEGRAM_BOT_TOKEN=...
        TELEGRAM_ALLOWED_USERS=123456,789012   # optional whitelist
        TELEGRAM_LLM_MODE=true                 # enable free-text → LLM
    """
    from __future__ import annotations
    
    import asyncio
    import logging
    import os
    import random
    import time
    from collections import defaultdict
    from typing import Callable, Coroutine, Any
    
>   from telegram import Update
E   ModuleNotFoundError: No module named 'telegram'

src/bantz/interface/telegram_bot.py:36: ModuleNotFoundError
__________ TestProgressIndicators.test_edit_failure_complete_fallback __________

self = <tests.interface.test_telegram_llm.TestProgressIndicators object at 0x7e3352da3b80>

    @pytest.mark.asyncio
    async def test_edit_failure_complete_fallback(self):
        """Both edit_text calls fail → delete placeholder + reply_text."""
>       import bantz.interface.telegram_bot as mod

tests/interface/test_telegram_llm.py:755: 
_ _ _ _ _ _ _ _ _ _ _ _ _ _ _ _ _ _ _ _ _ _ _ _ _ _ _ _ _ _ _ _ _ _ _ _ _ _ _ _ 

    """
    Bantz v3 — Telegram Bot
    
    Dual-path remote telegraph for phone access:
      1. Express Wire (/commands) — fast, LLM-free direct tool calls
      2. Cognitive Wire (free text) — full brain.process() with LLM (#178)
    
    Commands:
        /briefing   → full morning summary
        /hava       → weather report
        /mail       → unread emails
        /takvim     → today's calendar events
        /odev       → upcoming assignments
        /ders       → today's schedule
        /siradaki   → next class
        /haber      → latest news
    
    Usage:
        python -m bantz.interface.telegram_bot
    
    Env:
        TELEGRAM_BOT_TOKEN=...
        TELEGRAM_ALLOWED_USERS=123456,789012   # optional whitelist
        TELEGRAM_LLM_MODE=true                 # enable free-text → LLM
    """
    from __future__ import annotations
    
    import asyncio
    import logging
    import os
    import random
    import time
    from collections import defaultdict
    from typing import Callable, Coroutine, Any
    
>   from telegram import Update
E   ModuleNotFoundError: No module named 'telegram'

src/bantz/interface/telegram_bot.py:36: ModuleNotFoundError
_________ TestProgressIndicators.test_error_response_edits_placeholder _________

self = <tests.interface.test_telegram_llm.TestProgressIndicators object at 0x7e3352da1b10>

    @pytest.mark.asyncio
    async def test_error_response_edits_placeholder(self):
        """Brain error → placeholder edited to show error message."""
>       import bantz.interface.telegram_bot as mod

tests/interface/test_telegram_llm.py:786: 
_ _ _ _ _ _ _ _ _ _ _ _ _ _ _ _ _ _ _ _ _ _ _ _ _ _ _ _ _ _ _ _ _ _ _ _ _ _ _ _ 

    """
    Bantz v3 — Telegram Bot
    
    Dual-path remote telegraph for phone access:
      1. Express Wire (/commands) — fast, LLM-free direct tool calls
      2. Cognitive Wire (free text) — full brain.process() with LLM (#178)
    
    Commands:
        /briefing   → full morning summary
        /hava       → weather report
        /mail       → unread emails
        /takvim     → today's calendar events
        /odev       → upcoming assignments
        /ders       → today's schedule
        /siradaki   → next class
        /haber      → latest news
    
    Usage:
        python -m bantz.interface.telegram_bot
    
    Env:
        TELEGRAM_BOT_TOKEN=...
        TELEGRAM_ALLOWED_USERS=123456,789012   # optional whitelist
        TELEGRAM_LLM_MODE=true                 # enable free-text → LLM
    """
    from __future__ import annotations
    
    import asyncio
    import logging
    import os
    import random
    import time
    from collections import defaultdict
    from typing import Callable, Coroutine, Any
    
>   from telegram import Update
E   ModuleNotFoundError: No module named 'telegram'

src/bantz/interface/telegram_bot.py:36: ModuleNotFoundError
___________ TestProgressIndicators.test_placeholder_is_in_character ____________

self = <tests.interface.test_telegram_llm.TestProgressIndicators object at 0x7e3352da2aa0>

    @pytest.mark.asyncio
    async def test_placeholder_is_in_character(self):
        """Placeholder text is from PLACEHOLDER_MESSAGES (butler persona)."""
>       import bantz.interface.telegram_bot as mod

tests/interface/test_telegram_llm.py:812: 
_ _ _ _ _ _ _ _ _ _ _ _ _ _ _ _ _ _ _ _ _ _ _ _ _ _ _ _ _ _ _ _ _ _ _ _ _ _ _ _ 

    """
    Bantz v3 — Telegram Bot
    
    Dual-path remote telegraph for phone access:
      1. Express Wire (/commands) — fast, LLM-free direct tool calls
      2. Cognitive Wire (free text) — full brain.process() with LLM (#178)
    
    Commands:
        /briefing   → full morning summary
        /hava       → weather report
        /mail       → unread emails
        /takvim     → today's calendar events
        /odev       → upcoming assignments
        /ders       → today's schedule
        /siradaki   → next class
        /haber      → latest news
    
    Usage:
        python -m bantz.interface.telegram_bot
    
    Env:
        TELEGRAM_BOT_TOKEN=...
        TELEGRAM_ALLOWED_USERS=123456,789012   # optional whitelist
        TELEGRAM_LLM_MODE=true                 # enable free-text → LLM
    """
    from __future__ import annotations
    
    import asyncio
    import logging
    import os
    import random
    import time
    from collections import defaultdict
    from typing import Callable, Coroutine, Any
    
>   from telegram import Update
E   ModuleNotFoundError: No module named 'telegram'

src/bantz/interface/telegram_bot.py:36: ModuleNotFoundError
_________ TestProgressIndicators.test_streaming_collected_then_edited __________

self = <tests.interface.test_telegram_llm.TestProgressIndicators object at 0x7e3352da1570>

    @pytest.mark.asyncio
    async def test_streaming_collected_then_edited(self):
        """Streaming tokens collected in full, then single edit_text."""
>       import bantz.interface.telegram_bot as mod

tests/interface/test_telegram_llm.py:838: 
_ _ _ _ _ _ _ _ _ _ _ _ _ _ _ _ _ _ _ _ _ _ _ _ _ _ _ _ _ _ _ _ _ _ _ _ _ _ _ _ 

    """
    Bantz v3 — Telegram Bot
    
    Dual-path remote telegraph for phone access:
      1. Express Wire (/commands) — fast, LLM-free direct tool calls
      2. Cognitive Wire (free text) — full brain.process() with LLM (#178)
    
    Commands:
        /briefing   → full morning summary
        /hava       → weather report
        /mail       → unread emails
        /takvim     → today's calendar events
        /odev       → upcoming assignments
        /ders       → today's schedule
        /siradaki   → next class
        /haber      → latest news
    
    Usage:
        python -m bantz.interface.telegram_bot
    
    Env:
        TELEGRAM_BOT_TOKEN=...
        TELEGRAM_ALLOWED_USERS=123456,789012   # optional whitelist
        TELEGRAM_LLM_MODE=true                 # enable free-text → LLM
    """
    from __future__ import annotations
    
    import asyncio
    import logging
    import os
    import random
    import time
    from collections import defaultdict
    from typing import Callable, Coroutine, Any
    
>   from telegram import Update
E   ModuleNotFoundError: No module named 'telegram'

src/bantz/interface/telegram_bot.py:36: ModuleNotFoundError
___________ TestPlaceholderMessages.test_placeholder_messages_exist ____________

self = <tests.interface.test_telegram_llm.TestPlaceholderMessages object at 0x7e3352dc8370>

    def test_placeholder_messages_exist(self):
>       from bantz.interface.telegram_bot import PLACEHOLDER_MESSAGES

tests/interface/test_telegram_llm.py:871: 
_ _ _ _ _ _ _ _ _ _ _ _ _ _ _ _ _ _ _ _ _ _ _ _ _ _ _ _ _ _ _ _ _ _ _ _ _ _ _ _ 

    """
    Bantz v3 — Telegram Bot
    
    Dual-path remote telegraph for phone access:
      1. Express Wire (/commands) — fast, LLM-free direct tool calls
      2. Cognitive Wire (free text) — full brain.process() with LLM (#178)
    
    Commands:
        /briefing   → full morning summary
        /hava       → weather report
        /mail       → unread emails
        /takvim     → today's calendar events
        /odev       → upcoming assignments
        /ders       → today's schedule
        /siradaki   → next class
        /haber      → latest news
    
    Usage:
        python -m bantz.interface.telegram_bot
    
    Env:
        TELEGRAM_BOT_TOKEN=...
        TELEGRAM_ALLOWED_USERS=123456,789012   # optional whitelist
        TELEGRAM_LLM_MODE=true                 # enable free-text → LLM
    """
    from __future__ import annotations
    
    import asyncio
    import logging
    import os
    import random
    import time
    from collections import defaultdict
    from typing import Callable, Coroutine, Any
    
>   from telegram import Update
E   ModuleNotFoundError: No module named 'telegram'

src/bantz/interface/telegram_bot.py:36: ModuleNotFoundError
________ TestPlaceholderMessages.test_placeholder_messages_are_strings _________

self = <tests.interface.test_telegram_llm.TestPlaceholderMessages object at 0x7e3352dc8b80>

    def test_placeholder_messages_are_strings(self):
>       from bantz.interface.telegram_bot import PLACEHOLDER_MESSAGES

tests/interface/test_telegram_llm.py:876: 
_ _ _ _ _ _ _ _ _ _ _ _ _ _ _ _ _ _ _ _ _ _ _ _ _ _ _ _ _ _ _ _ _ _ _ _ _ _ _ _ 

    """
    Bantz v3 — Telegram Bot
    
    Dual-path remote telegraph for phone access:
      1. Express Wire (/commands) — fast, LLM-free direct tool calls
      2. Cognitive Wire (free text) — full brain.process() with LLM (#178)
    
    Commands:
        /briefing   → full morning summary
        /hava       → weather report
        /mail       → unread emails
        /takvim     → today's calendar events
        /odev       → upcoming assignments
        /ders       → today's schedule
        /siradaki   → next class
        /haber      → latest news
    
    Usage:
        python -m bantz.interface.telegram_bot
    
    Env:
        TELEGRAM_BOT_TOKEN=...
        TELEGRAM_ALLOWED_USERS=123456,789012   # optional whitelist
        TELEGRAM_LLM_MODE=true                 # enable free-text → LLM
    """
    from __future__ import annotations
    
    import asyncio
    import logging
    import os
    import random
    import time
    from collections import defaultdict
    from typing import Callable, Coroutine, Any
    
>   from telegram import Update
E   ModuleNotFoundError: No module named 'telegram'

src/bantz/interface/telegram_bot.py:36: ModuleNotFoundError
____ TestPlaceholderMessages.test_placeholder_messages_have_telegraph_emoji ____

self = <tests.interface.test_telegram_llm.TestPlaceholderMessages object at 0x7e3352dc8820>

    def test_placeholder_messages_have_telegraph_emoji(self):
>       from bantz.interface.telegram_bot import PLACEHOLDER_MESSAGES

tests/interface/test_telegram_llm.py:882: 
_ _ _ _ _ _ _ _ _ _ _ _ _ _ _ _ _ _ _ _ _ _ _ _ _ _ _ _ _ _ _ _ _ _ _ _ _ _ _ _ 

    """
    Bantz v3 — Telegram Bot
    
    Dual-path remote telegraph for phone access:
      1. Express Wire (/commands) — fast, LLM-free direct tool calls
      2. Cognitive Wire (free text) — full brain.process() with LLM (#178)
    
    Commands:
        /briefing   → full morning summary
        /hava       → weather report
        /mail       → unread emails
        /takvim     → today's calendar events
        /odev       → upcoming assignments
        /ders       → today's schedule
        /siradaki   → next class
        /haber      → latest news
    
    Usage:
        python -m bantz.interface.telegram_bot
    
    Env:
        TELEGRAM_BOT_TOKEN=...
        TELEGRAM_ALLOWED_USERS=123456,789012   # optional whitelist
        TELEGRAM_LLM_MODE=true                 # enable free-text → LLM
    """
    from __future__ import annotations
    
    import asyncio
    import logging
    import os
    import random
    import time
    from collections import defaultdict
    from typing import Callable, Coroutine, Any
    
>   from telegram import Update
E   ModuleNotFoundError: No module named 'telegram'

src/bantz/interface/telegram_bot.py:36: ModuleNotFoundError
________ TestPlaceholderMessages.test_placeholder_messages_in_character ________

self = <tests.interface.test_telegram_llm.TestPlaceholderMessages object at 0x7e3352dc84c0>

    def test_placeholder_messages_in_character(self):
        """All placeholders should sound like a 1920s butler."""
>       from bantz.interface.telegram_bot import PLACEHOLDER_MESSAGES

tests/interface/test_telegram_llm.py:888: 
_ _ _ _ _ _ _ _ _ _ _ _ _ _ _ _ _ _ _ _ _ _ _ _ _ _ _ _ _ _ _ _ _ _ _ _ _ _ _ _ 

    """
    Bantz v3 — Telegram Bot
    
    Dual-path remote telegraph for phone access:
      1. Express Wire (/commands) — fast, LLM-free direct tool calls
      2. Cognitive Wire (free text) — full brain.process() with LLM (#178)
    
    Commands:
        /briefing   → full morning summary
        /hava       → weather report
        /mail       → unread emails
        /takvim     → today's calendar events
        /odev       → upcoming assignments
        /ders       → today's schedule
        /siradaki   → next class
        /haber      → latest news
    
    Usage:
        python -m bantz.interface.telegram_bot
    
    Env:
        TELEGRAM_BOT_TOKEN=...
        TELEGRAM_ALLOWED_USERS=123456,789012   # optional whitelist
        TELEGRAM_LLM_MODE=true                 # enable free-text → LLM
    """
    from __future__ import annotations
    
    import asyncio
    import logging
    import os
    import random
    import time
    from collections import defaultdict
    from typing import Callable, Coroutine, Any
    
>   from telegram import Update
E   ModuleNotFoundError: No module named 'telegram'

src/bantz/interface/telegram_bot.py:36: ModuleNotFoundError
__________________ TestChunkText.test_short_text_single_chunk __________________

self = <tests.interface.test_telegram_llm.TestChunkText object at 0x7e3352dc8f10>

    def test_short_text_single_chunk(self):
>       from bantz.interface.telegram_bot import _chunk_text

tests/interface/test_telegram_llm.py:902: 
_ _ _ _ _ _ _ _ _ _ _ _ _ _ _ _ _ _ _ _ _ _ _ _ _ _ _ _ _ _ _ _ _ _ _ _ _ _ _ _ 

    """
    Bantz v3 — Telegram Bot
    
    Dual-path remote telegraph for phone access:
      1. Express Wire (/commands) — fast, LLM-free direct tool calls
      2. Cognitive Wire (free text) — full brain.process() with LLM (#178)
    
    Commands:
        /briefing   → full morning summary
        /hava       → weather report
        /mail       → unread emails
        /takvim     → today's calendar events
        /odev       → upcoming assignments
        /ders       → today's schedule
        /siradaki   → next class
        /haber      → latest news
    
    Usage:
        python -m bantz.interface.telegram_bot
    
    Env:
        TELEGRAM_BOT_TOKEN=...
        TELEGRAM_ALLOWED_USERS=123456,789012   # optional whitelist
        TELEGRAM_LLM_MODE=true                 # enable free-text → LLM
    """
    from __future__ import annotations
    
    import asyncio
    import logging
    import os
    import random
    import time
    from collections import defaultdict
    from typing import Callable, Coroutine, Any
    
>   from telegram import Update
E   ModuleNotFoundError: No module named 'telegram'

src/bantz/interface/telegram_bot.py:36: ModuleNotFoundError
______________________ TestChunkText.test_exact_boundary _______________________

self = <tests.interface.test_telegram_llm.TestChunkText object at 0x7e3352dc90c0>

    def test_exact_boundary(self):
>       from bantz.interface.telegram_bot import _chunk_text

tests/interface/test_telegram_llm.py:906: 
_ _ _ _ _ _ _ _ _ _ _ _ _ _ _ _ _ _ _ _ _ _ _ _ _ _ _ _ _ _ _ _ _ _ _ _ _ _ _ _ 

    """
    Bantz v3 — Telegram Bot
    
    Dual-path remote telegraph for phone access:
      1. Express Wire (/commands) — fast, LLM-free direct tool calls
      2. Cognitive Wire (free text) — full brain.process() with LLM (#178)
    
    Commands:
        /briefing   → full morning summary
        /hava       → weather report
        /mail       → unread emails
        /takvim     → today's calendar events
        /odev       → upcoming assignments
        /ders       → today's schedule
        /siradaki   → next class
        /haber      → latest news
    
    Usage:
        python -m bantz.interface.telegram_bot
    
    Env:
        TELEGRAM_BOT_TOKEN=...
        TELEGRAM_ALLOWED_USERS=123456,789012   # optional whitelist
        TELEGRAM_LLM_MODE=true                 # enable free-text → LLM
    """
    from __future__ import annotations
    
    import asyncio
    import logging
    import os
    import random
    import time
    from collections import defaultdict
    from typing import Callable, Coroutine, Any
    
>   from telegram import Update
E   ModuleNotFoundError: No module named 'telegram'

src/bantz/interface/telegram_bot.py:36: ModuleNotFoundError
_______________ TestChunkText.test_splits_at_paragraph_boundary ________________

self = <tests.interface.test_telegram_llm.TestChunkText object at 0x7e3352dc9270>

    def test_splits_at_paragraph_boundary(self):
>       from bantz.interface.telegram_bot import _chunk_text

tests/interface/test_telegram_llm.py:911: 
_ _ _ _ _ _ _ _ _ _ _ _ _ _ _ _ _ _ _ _ _ _ _ _ _ _ _ _ _ _ _ _ _ _ _ _ _ _ _ _ 

    """
    Bantz v3 — Telegram Bot
    
    Dual-path remote telegraph for phone access:
      1. Express Wire (/commands) — fast, LLM-free direct tool calls
      2. Cognitive Wire (free text) — full brain.process() with LLM (#178)
    
    Commands:
        /briefing   → full morning summary
        /hava       → weather report
        /mail       → unread emails
        /takvim     → today's calendar events
        /odev       → upcoming assignments
        /ders       → today's schedule
        /siradaki   → next class
        /haber      → latest news
    
    Usage:
        python -m bantz.interface.telegram_bot
    
    Env:
        TELEGRAM_BOT_TOKEN=...
        TELEGRAM_ALLOWED_USERS=123456,789012   # optional whitelist
        TELEGRAM_LLM_MODE=true                 # enable free-text → LLM
    """
    from __future__ import annotations
    
    import asyncio
    import logging
    import os
    import random
    import time
    from collections import defaultdict
    from typing import Callable, Coroutine, Any
    
>   from telegram import Update
E   ModuleNotFoundError: No module named 'telegram'

src/bantz/interface/telegram_bot.py:36: ModuleNotFoundError
__________________ TestChunkText.test_hard_split_no_newlines ___________________

self = <tests.interface.test_telegram_llm.TestChunkText object at 0x7e3352dc9420>

    def test_hard_split_no_newlines(self):
>       from bantz.interface.telegram_bot import _chunk_text

tests/interface/test_telegram_llm.py:918: 
_ _ _ _ _ _ _ _ _ _ _ _ _ _ _ _ _ _ _ _ _ _ _ _ _ _ _ _ _ _ _ _ _ _ _ _ _ _ _ _ 

    """
    Bantz v3 — Telegram Bot
    
    Dual-path remote telegraph for phone access:
      1. Express Wire (/commands) — fast, LLM-free direct tool calls
      2. Cognitive Wire (free text) — full brain.process() with LLM (#178)
    
    Commands:
        /briefing   → full morning summary
        /hava       → weather report
        /mail       → unread emails
        /takvim     → today's calendar events
        /odev       → upcoming assignments
        /ders       → today's schedule
        /siradaki   → next class
        /haber      → latest news
    
    Usage:
        python -m bantz.interface.telegram_bot
    
    Env:
        TELEGRAM_BOT_TOKEN=...
        TELEGRAM_ALLOWED_USERS=123456,789012   # optional whitelist
        TELEGRAM_LLM_MODE=true                 # enable free-text → LLM
    """
    from __future__ import annotations
    
    import asyncio
    import logging
    import os
    import random
    import time
    from collections import defaultdict
    from typing import Callable, Coroutine, Any
    
>   from telegram import Update
E   ModuleNotFoundError: No module named 'telegram'

src/bantz/interface/telegram_bot.py:36: ModuleNotFoundError
______________________ TestChunkText.test_custom_max_len _______________________

self = <tests.interface.test_telegram_llm.TestChunkText object at 0x7e3352dc95d0>

    def test_custom_max_len(self):
>       from bantz.interface.telegram_bot import _chunk_text

tests/interface/test_telegram_llm.py:925: 
_ _ _ _ _ _ _ _ _ _ _ _ _ _ _ _ _ _ _ _ _ _ _ _ _ _ _ _ _ _ _ _ _ _ _ _ _ _ _ _ 

    """
    Bantz v3 — Telegram Bot
    
    Dual-path remote telegraph for phone access:
      1. Express Wire (/commands) — fast, LLM-free direct tool calls
      2. Cognitive Wire (free text) — full brain.process() with LLM (#178)
    
    Commands:
        /briefing   → full morning summary
        /hava       → weather report
        /mail       → unread emails
        /takvim     → today's calendar events
        /odev       → upcoming assignments
        /ders       → today's schedule
        /siradaki   → next class
        /haber      → latest news
    
    Usage:
        python -m bantz.interface.telegram_bot
    
    Env:
        TELEGRAM_BOT_TOKEN=...
        TELEGRAM_ALLOWED_USERS=123456,789012   # optional whitelist
        TELEGRAM_LLM_MODE=true                 # enable free-text → LLM
    """
    from __future__ import annotations
    
    import asyncio
    import logging
    import os
    import random
    import time
    from collections import defaultdict
    from typing import Callable, Coroutine, Any
    
>   from telegram import Update
E   ModuleNotFoundError: No module named 'telegram'

src/bantz/interface/telegram_bot.py:36: ModuleNotFoundError
____________________ TestSafeEdit.test_normal_edit_succeeds ____________________

self = <tests.interface.test_telegram_llm.TestSafeEdit object at 0x7e3352dc9840>

    @pytest.mark.asyncio
    async def test_normal_edit_succeeds(self):
>       from bantz.interface.telegram_bot import _safe_edit

tests/interface/test_telegram_llm.py:935: 
_ _ _ _ _ _ _ _ _ _ _ _ _ _ _ _ _ _ _ _ _ _ _ _ _ _ _ _ _ _ _ _ _ _ _ _ _ _ _ _ 

    """
    Bantz v3 — Telegram Bot
    
    Dual-path remote telegraph for phone access:
      1. Express Wire (/commands) — fast, LLM-free direct tool calls
      2. Cognitive Wire (free text) — full brain.process() with LLM (#178)
    
    Commands:
        /briefing   → full morning summary
        /hava       → weather report
        /mail       → unread emails
        /takvim     → today's calendar events
        /odev       → upcoming assignments
        /ders       → today's schedule
        /siradaki   → next class
        /haber      → latest news
    
    Usage:
        python -m bantz.interface.telegram_bot
    
    Env:
        TELEGRAM_BOT_TOKEN=...
        TELEGRAM_ALLOWED_USERS=123456,789012   # optional whitelist
        TELEGRAM_LLM_MODE=true                 # enable free-text → LLM
    """
    from __future__ import annotations
    
    import asyncio
    import logging
    import os
    import random
    import time
    from collections import defaultdict
    from typing import Callable, Coroutine, Any
    
>   from telegram import Update
E   ModuleNotFoundError: No module named 'telegram'

src/bantz/interface/telegram_bot.py:36: ModuleNotFoundError
___________________ TestSafeEdit.test_fallback_to_plain_text ___________________

self = <tests.interface.test_telegram_llm.TestSafeEdit object at 0x7e3352dc9a80>

    @pytest.mark.asyncio
    async def test_fallback_to_plain_text(self):
>       from bantz.interface.telegram_bot import _safe_edit

tests/interface/test_telegram_llm.py:944: 
_ _ _ _ _ _ _ _ _ _ _ _ _ _ _ _ _ _ _ _ _ _ _ _ _ _ _ _ _ _ _ _ _ _ _ _ _ _ _ _ 

    """
    Bantz v3 — Telegram Bot
    
    Dual-path remote telegraph for phone access:
      1. Express Wire (/commands) — fast, LLM-free direct tool calls
      2. Cognitive Wire (free text) — full brain.process() with LLM (#178)
    
    Commands:
        /briefing   → full morning summary
        /hava       → weather report
        /mail       → unread emails
        /takvim     → today's calendar events
        /odev       → upcoming assignments
        /ders       → today's schedule
        /siradaki   → next class
        /haber      → latest news
    
    Usage:
        python -m bantz.interface.telegram_bot
    
    Env:
        TELEGRAM_BOT_TOKEN=...
        TELEGRAM_ALLOWED_USERS=123456,789012   # optional whitelist
        TELEGRAM_LLM_MODE=true                 # enable free-text → LLM
    """
    from __future__ import annotations
    
    import asyncio
    import logging
    import os
    import random
    import time
    from collections import defaultdict
    from typing import Callable, Coroutine, Any
    
>   from telegram import Update
E   ModuleNotFoundError: No module named 'telegram'

src/bantz/interface/telegram_bot.py:36: ModuleNotFoundError
_______________ TestSafeEdit.test_complete_failure_returns_false _______________

self = <tests.interface.test_telegram_llm.TestSafeEdit object at 0x7e3352dc9cc0>

    @pytest.mark.asyncio
    async def test_complete_failure_returns_false(self):
>       from bantz.interface.telegram_bot import _safe_edit

tests/interface/test_telegram_llm.py:964: 
_ _ _ _ _ _ _ _ _ _ _ _ _ _ _ _ _ _ _ _ _ _ _ _ _ _ _ _ _ _ _ _ _ _ _ _ _ _ _ _ 

    """
    Bantz v3 — Telegram Bot
    
    Dual-path remote telegraph for phone access:
      1. Express Wire (/commands) — fast, LLM-free direct tool calls
      2. Cognitive Wire (free text) — full brain.process() with LLM (#178)
    
    Commands:
        /briefing   → full morning summary
        /hava       → weather report
        /mail       → unread emails
        /takvim     → today's calendar events
        /odev       → upcoming assignments
        /ders       → today's schedule
        /siradaki   → next class
        /haber      → latest news
    
    Usage:
        python -m bantz.interface.telegram_bot
    
    Env:
        TELEGRAM_BOT_TOKEN=...
        TELEGRAM_ALLOWED_USERS=123456,789012   # optional whitelist
        TELEGRAM_LLM_MODE=true                 # enable free-text → LLM
    """
    from __future__ import annotations
    
    import asyncio
    import logging
    import os
    import random
    import time
    from collections import defaultdict
    from typing import Callable, Coroutine, Any
    
>   from telegram import Update
E   ModuleNotFoundError: No module named 'telegram'

src/bantz/interface/telegram_bot.py:36: ModuleNotFoundError
________________ TestThrottledStreaming.test_returns_full_text _________________

self = <tests.interface.test_telegram_llm.TestThrottledStreaming object at 0x7e3352dc9f90>

    @pytest.mark.asyncio
    async def test_returns_full_text(self):
        """_stream_to_placeholder must return the complete accumulated text."""
>       from bantz.interface.telegram_bot import _stream_to_placeholder

tests/interface/test_telegram_llm.py:982: 
_ _ _ _ _ _ _ _ _ _ _ _ _ _ _ _ _ _ _ _ _ _ _ _ _ _ _ _ _ _ _ _ _ _ _ _ _ _ _ _ 

    """
    Bantz v3 — Telegram Bot
    
    Dual-path remote telegraph for phone access:
      1. Express Wire (/commands) — fast, LLM-free direct tool calls
      2. Cognitive Wire (free text) — full brain.process() with LLM (#178)
    
    Commands:
        /briefing   → full morning summary
        /hava       → weather report
        /mail       → unread emails
        /takvim     → today's calendar events
        /odev       → upcoming assignments
        /ders       → today's schedule
        /siradaki   → next class
        /haber      → latest news
    
    Usage:
        python -m bantz.interface.telegram_bot
    
    Env:
        TELEGRAM_BOT_TOKEN=...
        TELEGRAM_ALLOWED_USERS=123456,789012   # optional whitelist
        TELEGRAM_LLM_MODE=true                 # enable free-text → LLM
    """
    from __future__ import annotations
    
    import asyncio
    import logging
    import os
    import random
    import time
    from collections import defaultdict
    from typing import Callable, Coroutine, Any
    
>   from telegram import Update
E   ModuleNotFoundError: No module named 'telegram'

src/bantz/interface/telegram_bot.py:36: ModuleNotFoundError
_________ TestThrottledStreaming.test_edits_placeholder_during_stream __________

self = <tests.interface.test_telegram_llm.TestThrottledStreaming object at 0x7e3352dca1d0>

    @pytest.mark.asyncio
    async def test_edits_placeholder_during_stream(self):
        """With interval=0, every chunk should trigger an edit."""
>       from bantz.interface.telegram_bot import _stream_to_placeholder

tests/interface/test_telegram_llm.py:996: 
_ _ _ _ _ _ _ _ _ _ _ _ _ _ _ _ _ _ _ _ _ _ _ _ _ _ _ _ _ _ _ _ _ _ _ _ _ _ _ _ 

    """
    Bantz v3 — Telegram Bot
    
    Dual-path remote telegraph for phone access:
      1. Express Wire (/commands) — fast, LLM-free direct tool calls
      2. Cognitive Wire (free text) — full brain.process() with LLM (#178)
    
    Commands:
        /briefing   → full morning summary
        /hava       → weather report
        /mail       → unread emails
        /takvim     → today's calendar events
        /odev       → upcoming assignments
        /ders       → today's schedule
        /siradaki   → next class
        /haber      → latest news
    
    Usage:
        python -m bantz.interface.telegram_bot
    
    Env:
        TELEGRAM_BOT_TOKEN=...
        TELEGRAM_ALLOWED_USERS=123456,789012   # optional whitelist
        TELEGRAM_LLM_MODE=true                 # enable free-text → LLM
    """
    from __future__ import annotations
    
    import asyncio
    import logging
    import os
    import random
    import time
    from collections import defaultdict
    from typing import Callable, Coroutine, Any
    
>   from telegram import Update
E   ModuleNotFoundError: No module named 'telegram'

src/bantz/interface/telegram_bot.py:36: ModuleNotFoundError
_______________ TestThrottledStreaming.test_edit_includes_cursor _______________

self = <tests.interface.test_telegram_llm.TestThrottledStreaming object at 0x7e3352da2290>

    @pytest.mark.asyncio
    async def test_edit_includes_cursor(self):
        """Intermediate edits should include the ▍ cursor indicator."""
>       from bantz.interface.telegram_bot import _stream_to_placeholder

tests/interface/test_telegram_llm.py:1011: 
_ _ _ _ _ _ _ _ _ _ _ _ _ _ _ _ _ _ _ _ _ _ _ _ _ _ _ _ _ _ _ _ _ _ _ _ _ _ _ _ 

    """
    Bantz v3 — Telegram Bot
    
    Dual-path remote telegraph for phone access:
      1. Express Wire (/commands) — fast, LLM-free direct tool calls
      2. Cognitive Wire (free text) — full brain.process() with LLM (#178)
    
    Commands:
        /briefing   → full morning summary
        /hava       → weather report
        /mail       → unread emails
        /takvim     → today's calendar events
        /odev       → upcoming assignments
        /ders       → today's schedule
        /siradaki   → next class
        /haber      → latest news
    
    Usage:
        python -m bantz.interface.telegram_bot
    
    Env:
        TELEGRAM_BOT_TOKEN=...
        TELEGRAM_ALLOWED_USERS=123456,789012   # optional whitelist
        TELEGRAM_LLM_MODE=true                 # enable free-text → LLM
    """
    from __future__ import annotations
    
    import asyncio
    import logging
    import os
    import random
    import time
    from collections import defaultdict
    from typing import Callable, Coroutine, Any
    
>   from telegram import Update
E   ModuleNotFoundError: No module named 'telegram'

src/bantz/interface/telegram_bot.py:36: ModuleNotFoundError
___________ TestThrottledStreaming.test_edit_failure_does_not_crash ____________

self = <tests.interface.test_telegram_llm.TestThrottledStreaming object at 0x7e3352dc9720>

    @pytest.mark.asyncio
    async def test_edit_failure_does_not_crash(self):
        """If edit_text fails during streaming, it should not abort."""
>       from bantz.interface.telegram_bot import _stream_to_placeholder

tests/interface/test_telegram_llm.py:1027: 
_ _ _ _ _ _ _ _ _ _ _ _ _ _ _ _ _ _ _ _ _ _ _ _ _ _ _ _ _ _ _ _ _ _ _ _ _ _ _ _ 

    """
    Bantz v3 — Telegram Bot
    
    Dual-path remote telegraph for phone access:
      1. Express Wire (/commands) — fast, LLM-free direct tool calls
      2. Cognitive Wire (free text) — full brain.process() with LLM (#178)
    
    Commands:
        /briefing   → full morning summary
        /hava       → weather report
        /mail       → unread emails
        /takvim     → today's calendar events
        /odev       → upcoming assignments
        /ders       → today's schedule
        /siradaki   → next class
        /haber      → latest news
    
    Usage:
        python -m bantz.interface.telegram_bot
    
    Env:
        TELEGRAM_BOT_TOKEN=...
        TELEGRAM_ALLOWED_USERS=123456,789012   # optional whitelist
        TELEGRAM_LLM_MODE=true                 # enable free-text → LLM
    """
    from __future__ import annotations
    
    import asyncio
    import logging
    import os
    import random
    import time
    from collections import defaultdict
    from typing import Callable, Coroutine, Any
    
>   from telegram import Update
E   ModuleNotFoundError: No module named 'telegram'

src/bantz/interface/telegram_bot.py:36: ModuleNotFoundError
_________ TestThrottledStreaming.test_stream_interval_constant_exists __________

self = <tests.interface.test_telegram_llm.TestThrottledStreaming object at 0x7e3352dc9ea0>

    @pytest.mark.asyncio
    async def test_stream_interval_constant_exists(self):
        """_STREAM_INTERVAL constant must exist and be >= 1.0."""
>       from bantz.interface.telegram_bot import _STREAM_INTERVAL

tests/interface/test_telegram_llm.py:1041: 
_ _ _ _ _ _ _ _ _ _ _ _ _ _ _ _ _ _ _ _ _ _ _ _ _ _ _ _ _ _ _ _ _ _ _ _ _ _ _ _ 

    """
    Bantz v3 — Telegram Bot
    
    Dual-path remote telegraph for phone access:
      1. Express Wire (/commands) — fast, LLM-free direct tool calls
      2. Cognitive Wire (free text) — full brain.process() with LLM (#178)
    
    Commands:
        /briefing   → full morning summary
        /hava       → weather report
        /mail       → unread emails
        /takvim     → today's calendar events
        /odev       → upcoming assignments
        /ders       → today's schedule
        /siradaki   → next class
        /haber      → latest news
    
    Usage:
        python -m bantz.interface.telegram_bot
    
    Env:
        TELEGRAM_BOT_TOKEN=...
        TELEGRAM_ALLOWED_USERS=123456,789012   # optional whitelist
        TELEGRAM_LLM_MODE=true                 # enable free-text → LLM
    """
    from __future__ import annotations
    
    import asyncio
    import logging
    import os
    import random
    import time
    from collections import defaultdict
    from typing import Callable, Coroutine, Any
    
>   from telegram import Update
E   ModuleNotFoundError: No module named 'telegram'

src/bantz/interface/telegram_bot.py:36: ModuleNotFoundError
____ TestThrottledStreaming.test_handle_message_uses_stream_to_placeholder _____

self = <tests.interface.test_telegram_llm.TestThrottledStreaming object at 0x7e3352dc9990>

    @pytest.mark.asyncio
    async def test_handle_message_uses_stream_to_placeholder(self):
        """handle_message should use _stream_to_placeholder for streams."""
>       import bantz.interface.telegram_bot as mod

tests/interface/test_telegram_llm.py:1048: 
_ _ _ _ _ _ _ _ _ _ _ _ _ _ _ _ _ _ _ _ _ _ _ _ _ _ _ _ _ _ _ _ _ _ _ _ _ _ _ _ 

    """
    Bantz v3 — Telegram Bot
    
    Dual-path remote telegraph for phone access:
      1. Express Wire (/commands) — fast, LLM-free direct tool calls
      2. Cognitive Wire (free text) — full brain.process() with LLM (#178)
    
    Commands:
        /briefing   → full morning summary
        /hava       → weather report
        /mail       → unread emails
        /takvim     → today's calendar events
        /odev       → upcoming assignments
        /ders       → today's schedule
        /siradaki   → next class
        /haber      → latest news
    
    Usage:
        python -m bantz.interface.telegram_bot
    
    Env:
        TELEGRAM_BOT_TOKEN=...
        TELEGRAM_ALLOWED_USERS=123456,789012   # optional whitelist
        TELEGRAM_LLM_MODE=true                 # enable free-text → LLM
    """
    from __future__ import annotations
    
    import asyncio
    import logging
    import os
    import random
    import time
    from collections import defaultdict
    from typing import Callable, Coroutine, Any
    
>   from telegram import Update
E   ModuleNotFoundError: No module named 'telegram'

src/bantz/interface/telegram_bot.py:36: ModuleNotFoundError
_____________________ TestMessageLock.test_msg_lock_exists _____________________

self = <tests.interface.test_telegram_llm.TestMessageLock object at 0x7e3352dc9060>

    def test_msg_lock_exists(self):
        """telegram_bot module must expose an asyncio.Lock."""
>       import bantz.interface.telegram_bot as mod

tests/interface/test_telegram_llm.py:1088: 
_ _ _ _ _ _ _ _ _ _ _ _ _ _ _ _ _ _ _ _ _ _ _ _ _ _ _ _ _ _ _ _ _ _ _ _ _ _ _ _ 

    """
    Bantz v3 — Telegram Bot
    
    Dual-path remote telegraph for phone access:
      1. Express Wire (/commands) — fast, LLM-free direct tool calls
      2. Cognitive Wire (free text) — full brain.process() with LLM (#178)
    
    Commands:
        /briefing   → full morning summary
        /hava       → weather report
        /mail       → unread emails
        /takvim     → today's calendar events
        /odev       → upcoming assignments
        /ders       → today's schedule
        /siradaki   → next class
        /haber      → latest news
    
    Usage:
        python -m bantz.interface.telegram_bot
    
    Env:
        TELEGRAM_BOT_TOKEN=...
        TELEGRAM_ALLOWED_USERS=123456,789012   # optional whitelist
        TELEGRAM_LLM_MODE=true                 # enable free-text → LLM
    """
    from __future__ import annotations
    
    import asyncio
    import logging
    import os
    import random
    import time
    from collections import defaultdict
    from typing import Callable, Coroutine, Any
    
>   from telegram import Update
E   ModuleNotFoundError: No module named 'telegram'

src/bantz/interface/telegram_bot.py:36: ModuleNotFoundError
_____________ TestMessageLock.test_concurrent_messages_serialised ______________

self = <tests.interface.test_telegram_llm.TestMessageLock object at 0x7e3352dc8850>

    @pytest.mark.asyncio
    async def test_concurrent_messages_serialised(self):
        """Two concurrent handle_message calls must NOT overlap processing."""
>       import bantz.interface.telegram_bot as mod

tests/interface/test_telegram_llm.py:1095: 
_ _ _ _ _ _ _ _ _ _ _ _ _ _ _ _ _ _ _ _ _ _ _ _ _ _ _ _ _ _ _ _ _ _ _ _ _ _ _ _ 

    """
    Bantz v3 — Telegram Bot
    
    Dual-path remote telegraph for phone access:
      1. Express Wire (/commands) — fast, LLM-free direct tool calls
      2. Cognitive Wire (free text) — full brain.process() with LLM (#178)
    
    Commands:
        /briefing   → full morning summary
        /hava       → weather report
        /mail       → unread emails
        /takvim     → today's calendar events
        /odev       → upcoming assignments
        /ders       → today's schedule
        /siradaki   → next class
        /haber      → latest news
    
    Usage:
        python -m bantz.interface.telegram_bot
    
    Env:
        TELEGRAM_BOT_TOKEN=...
        TELEGRAM_ALLOWED_USERS=123456,789012   # optional whitelist
        TELEGRAM_LLM_MODE=true                 # enable free-text → LLM
    """
    from __future__ import annotations
    
    import asyncio
    import logging
    import os
    import random
    import time
    from collections import defaultdict
    from typing import Callable, Coroutine, Any
    
>   from telegram import Update
E   ModuleNotFoundError: No module named 'telegram'

src/bantz/interface/telegram_bot.py:36: ModuleNotFoundError
_________ TestMaintenanceSpamFilter.test_all_green_maintenance_is_spam _________

self = <tests.interface.test_telegram_llm.TestMaintenanceSpamFilter object at 0x7e3352dca440>

    def test_all_green_maintenance_is_spam(self):
        """A maintenance result with zero failures → spam."""
>       from bantz.interface.telegram_bot import _is_maintenance_spam

tests/interface/test_telegram_llm.py:1140: 
_ _ _ _ _ _ _ _ _ _ _ _ _ _ _ _ _ _ _ _ _ _ _ _ _ _ _ _ _ _ _ _ _ _ _ _ _ _ _ _ 

    """
    Bantz v3 — Telegram Bot
    
    Dual-path remote telegraph for phone access:
      1. Express Wire (/commands) — fast, LLM-free direct tool calls
      2. Cognitive Wire (free text) — full brain.process() with LLM (#178)
    
    Commands:
        /briefing   → full morning summary
        /hava       → weather report
        /mail       → unread emails
        /takvim     → today's calendar events
        /odev       → upcoming assignments
        /ders       → today's schedule
        /siradaki   → next class
        /haber      → latest news
    
    Usage:
        python -m bantz.interface.telegram_bot
    
    Env:
        TELEGRAM_BOT_TOKEN=...
        TELEGRAM_ALLOWED_USERS=123456,789012   # optional whitelist
        TELEGRAM_LLM_MODE=true                 # enable free-text → LLM
    """
    from __future__ import annotations
    
    import asyncio
    import logging
    import os
    import random
    import time
    from collections import defaultdict
    from typing import Callable, Coroutine, Any
    
>   from telegram import Update
E   ModuleNotFoundError: No module named 'telegram'

src/bantz/interface/telegram_bot.py:36: ModuleNotFoundError
______ TestMaintenanceSpamFilter.test_maintenance_with_failure_also_spam _______

self = <tests.interface.test_telegram_llm.TestMaintenanceSpamFilter object at 0x7e3352dca5f0>

    def test_maintenance_with_failure_also_spam(self):
        """A maintenance result with failures → ALSO spam (all maintenance suppressed)."""
>       from bantz.interface.telegram_bot import _is_maintenance_spam

tests/interface/test_telegram_llm.py:1149: 
_ _ _ _ _ _ _ _ _ _ _ _ _ _ _ _ _ _ _ _ _ _ _ _ _ _ _ _ _ _ _ _ _ _ _ _ _ _ _ _ 

    """
    Bantz v3 — Telegram Bot
    
    Dual-path remote telegraph for phone access:
      1. Express Wire (/commands) — fast, LLM-free direct tool calls
      2. Cognitive Wire (free text) — full brain.process() with LLM (#178)
    
    Commands:
        /briefing   → full morning summary
        /hava       → weather report
        /mail       → unread emails
        /takvim     → today's calendar events
        /odev       → upcoming assignments
        /ders       → today's schedule
        /siradaki   → next class
        /haber      → latest news
    
    Usage:
        python -m bantz.interface.telegram_bot
    
    Env:
        TELEGRAM_BOT_TOKEN=...
        TELEGRAM_ALLOWED_USERS=123456,789012   # optional whitelist
        TELEGRAM_LLM_MODE=true                 # enable free-text → LLM
    """
    from __future__ import annotations
    
    import asyncio
    import logging
    import os
    import random
    import time
    from collections import defaultdict
    from typing import Callable, Coroutine, Any
    
>   from telegram import Update
E   ModuleNotFoundError: No module named 'telegram'

src/bantz/interface/telegram_bot.py:36: ModuleNotFoundError
__________ TestMaintenanceSpamFilter.test_non_maintenance_never_spam ___________

self = <tests.interface.test_telegram_llm.TestMaintenanceSpamFilter object at 0x7e3352dca7a0>

    def test_non_maintenance_never_spam(self):
        """Non-maintenance tool results are never spam."""
>       from bantz.interface.telegram_bot import _is_maintenance_spam

tests/interface/test_telegram_llm.py:1158: 
_ _ _ _ _ _ _ _ _ _ _ _ _ _ _ _ _ _ _ _ _ _ _ _ _ _ _ _ _ _ _ _ _ _ _ _ _ _ _ _ 

    """
    Bantz v3 — Telegram Bot
    
    Dual-path remote telegraph for phone access:
      1. Express Wire (/commands) — fast, LLM-free direct tool calls
      2. Cognitive Wire (free text) — full brain.process() with LLM (#178)
    
    Commands:
        /briefing   → full morning summary
        /hava       → weather report
        /mail       → unread emails
        /takvim     → today's calendar events
        /odev       → upcoming assignments
        /ders       → today's schedule
        /siradaki   → next class
        /haber      → latest news
    
    Usage:
        python -m bantz.interface.telegram_bot
    
    Env:
        TELEGRAM_BOT_TOKEN=...
        TELEGRAM_ALLOWED_USERS=123456,789012   # optional whitelist
        TELEGRAM_LLM_MODE=true                 # enable free-text → LLM
    """
    from __future__ import annotations
    
    import asyncio
    import logging
    import os
    import random
    import time
    from collections import defaultdict
    from typing import Callable, Coroutine, Any
    
>   from telegram import Update
E   ModuleNotFoundError: No module named 'telegram'

src/bantz/interface/telegram_bot.py:36: ModuleNotFoundError
____________ TestMaintenanceSpamFilter.test_chat_result_never_spam _____________

self = <tests.interface.test_telegram_llm.TestMaintenanceSpamFilter object at 0x7e3352dca950>

    def test_chat_result_never_spam(self):
        """Chat results (tool_used=None) are never spam."""
>       from bantz.interface.telegram_bot import _is_maintenance_spam

tests/interface/test_telegram_llm.py:1164: 
_ _ _ _ _ _ _ _ _ _ _ _ _ _ _ _ _ _ _ _ _ _ _ _ _ _ _ _ _ _ _ _ _ _ _ _ _ _ _ _ 

    """
    Bantz v3 — Telegram Bot
    
    Dual-path remote telegraph for phone access:
      1. Express Wire (/commands) — fast, LLM-free direct tool calls
      2. Cognitive Wire (free text) — full brain.process() with LLM (#178)
    
    Commands:
        /briefing   → full morning summary
        /hava       → weather report
        /mail       → unread emails
        /takvim     → today's calendar events
        /odev       → upcoming assignments
        /ders       → today's schedule
        /siradaki   → next class
        /haber      → latest news
    
    Usage:
        python -m bantz.interface.telegram_bot
    
    Env:
        TELEGRAM_BOT_TOKEN=...
        TELEGRAM_ALLOWED_USERS=123456,789012   # optional whitelist
        TELEGRAM_LLM_MODE=true                 # enable free-text → LLM
    """
    from __future__ import annotations
    
    import asyncio
    import logging
    import os
    import random
    import time
    from collections import defaultdict
    from typing import Callable, Coroutine, Any
    
>   from telegram import Update
E   ModuleNotFoundError: No module named 'telegram'

src/bantz/interface/telegram_bot.py:36: ModuleNotFoundError
__ TestMaintenanceSpamFilter.test_handle_message_suppresses_green_maintenance __

self = <tests.interface.test_telegram_llm.TestMaintenanceSpamFilter object at 0x7e3352dcab00>

    @pytest.mark.asyncio
    async def test_handle_message_suppresses_green_maintenance(self):
        """handle_message must delete placeholder and return for all-green maintenance."""
>       import bantz.interface.telegram_bot as mod

tests/interface/test_telegram_llm.py:1171: 
_ _ _ _ _ _ _ _ _ _ _ _ _ _ _ _ _ _ _ _ _ _ _ _ _ _ _ _ _ _ _ _ _ _ _ _ _ _ _ _ 

    """
    Bantz v3 — Telegram Bot
    
    Dual-path remote telegraph for phone access:
      1. Express Wire (/commands) — fast, LLM-free direct tool calls
      2. Cognitive Wire (free text) — full brain.process() with LLM (#178)
    
    Commands:
        /briefing   → full morning summary
        /hava       → weather report
        /mail       → unread emails
        /takvim     → today's calendar events
        /odev       → upcoming assignments
        /ders       → today's schedule
        /siradaki   → next class
        /haber      → latest news
    
    Usage:
        python -m bantz.interface.telegram_bot
    
    Env:
        TELEGRAM_BOT_TOKEN=...
        TELEGRAM_ALLOWED_USERS=123456,789012   # optional whitelist
        TELEGRAM_LLM_MODE=true                 # enable free-text → LLM
    """
    from __future__ import annotations
    
    import asyncio
    import logging
    import os
    import random
    import time
    from collections import defaultdict
    from typing import Callable, Coroutine, Any
    
>   from telegram import Update
E   ModuleNotFoundError: No module named 'telegram'

src/bantz/interface/telegram_bot.py:36: ModuleNotFoundError
_ TestMaintenanceSpamFilter.test_handle_message_suppresses_failed_maintenance __

self = <tests.interface.test_telegram_llm.TestMaintenanceSpamFilter object at 0x7e3352dcad40>

    @pytest.mark.asyncio
    async def test_handle_message_suppresses_failed_maintenance(self):
        """handle_message must ALSO suppress maintenance results with failures."""
>       import bantz.interface.telegram_bot as mod

tests/interface/test_telegram_llm.py:1203: 
_ _ _ _ _ _ _ _ _ _ _ _ _ _ _ _ _ _ _ _ _ _ _ _ _ _ _ _ _ _ _ _ _ _ _ _ _ _ _ _ 

    """
    Bantz v3 — Telegram Bot
    
    Dual-path remote telegraph for phone access:
      1. Express Wire (/commands) — fast, LLM-free direct tool calls
      2. Cognitive Wire (free text) — full brain.process() with LLM (#178)
    
    Commands:
        /briefing   → full morning summary
        /hava       → weather report
        /mail       → unread emails
        /takvim     → today's calendar events
        /odev       → upcoming assignments
        /ders       → today's schedule
        /siradaki   → next class
        /haber      → latest news
    
    Usage:
        python -m bantz.interface.telegram_bot
    
    Env:
        TELEGRAM_BOT_TOKEN=...
        TELEGRAM_ALLOWED_USERS=123456,789012   # optional whitelist
        TELEGRAM_LLM_MODE=true                 # enable free-text → LLM
    """
    from __future__ import annotations
    
    import asyncio
    import logging
    import os
    import random
    import time
    from collections import defaultdict
    from typing import Callable, Coroutine, Any
    
>   from telegram import Update
E   ModuleNotFoundError: No module named 'telegram'

src/bantz/interface/telegram_bot.py:36: ModuleNotFoundError
___________ TestStreamMemoryPersistence.test_import_path_is_correct ____________

self = <tests.interface.test_telegram_llm.TestStreamMemoryPersistence object at 0x7e3352dcb040>

    def test_import_path_is_correct(self):
        """telegram_bot must use 'from bantz.data import data_layer', not dal."""
        import inspect
>       import bantz.interface.telegram_bot as mod

tests/interface/test_telegram_llm.py:1246: 
_ _ _ _ _ _ _ _ _ _ _ _ _ _ _ _ _ _ _ _ _ _ _ _ _ _ _ _ _ _ _ _ _ _ _ _ _ _ _ _ 

    """
    Bantz v3 — Telegram Bot
    
    Dual-path remote telegraph for phone access:
      1. Express Wire (/commands) — fast, LLM-free direct tool calls
      2. Cognitive Wire (free text) — full brain.process() with LLM (#178)
    
    Commands:
        /briefing   → full morning summary
        /hava       → weather report
        /mail       → unread emails
        /takvim     → today's calendar events
        /odev       → upcoming assignments
        /ders       → today's schedule
        /siradaki   → next class
        /haber      → latest news
    
    Usage:
        python -m bantz.interface.telegram_bot
    
    Env:
        TELEGRAM_BOT_TOKEN=...
        TELEGRAM_ALLOWED_USERS=123456,789012   # optional whitelist
        TELEGRAM_LLM_MODE=true                 # enable free-text → LLM
    """
    from __future__ import annotations
    
    import asyncio
    import logging
    import os
    import random
    import time
    from collections import defaultdict
    from typing import Callable, Coroutine, Any
    
>   from telegram import Update
E   ModuleNotFoundError: No module named 'telegram'

src/bantz/interface/telegram_bot.py:36: ModuleNotFoundError
______ TestStreamMemoryPersistence.test_streamed_response_saved_to_memory ______

self = <tests.interface.test_telegram_llm.TestStreamMemoryPersistence object at 0x7e3352dcb1f0>

    @pytest.mark.asyncio
    async def test_streamed_response_saved_to_memory(self):
        """After streaming, the assistant response must be persisted to DB."""
>       import bantz.interface.telegram_bot as mod

tests/interface/test_telegram_llm.py:1254: 
_ _ _ _ _ _ _ _ _ _ _ _ _ _ _ _ _ _ _ _ _ _ _ _ _ _ _ _ _ _ _ _ _ _ _ _ _ _ _ _ 

    """
    Bantz v3 — Telegram Bot
    
    Dual-path remote telegraph for phone access:
      1. Express Wire (/commands) — fast, LLM-free direct tool calls
      2. Cognitive Wire (free text) — full brain.process() with LLM (#178)
    
    Commands:
        /briefing   → full morning summary
        /hava       → weather report
        /mail       → unread emails
        /takvim     → today's calendar events
        /odev       → upcoming assignments
        /ders       → today's schedule
        /siradaki   → next class
        /haber      → latest news
    
    Usage:
        python -m bantz.interface.telegram_bot
    
    Env:
        TELEGRAM_BOT_TOKEN=...
        TELEGRAM_ALLOWED_USERS=123456,789012   # optional whitelist
        TELEGRAM_LLM_MODE=true                 # enable free-text → LLM
    """
    from __future__ import annotations
    
    import asyncio
    import logging
    import os
    import random
    import time
    from collections import defaultdict
    from typing import Callable, Coroutine, Any
    
>   from telegram import Update
E   ModuleNotFoundError: No module named 'telegram'

src/bantz/interface/telegram_bot.py:36: ModuleNotFoundError
_______ TestStreamMemoryPersistence.test_graph_store_called_for_streams ________

self = <tests.interface.test_telegram_llm.TestStreamMemoryPersistence object at 0x7e3352dcb430>

    @pytest.mark.asyncio
    async def test_graph_store_called_for_streams(self):
        """Graph memory must also be updated for streamed Telegram responses."""
>       import bantz.interface.telegram_bot as mod

tests/interface/test_telegram_llm.py:1300: 
_ _ _ _ _ _ _ _ _ _ _ _ _ _ _ _ _ _ _ _ _ _ _ _ _ _ _ _ _ _ _ _ _ _ _ _ _ _ _ _ 

    """
    Bantz v3 — Telegram Bot
    
    Dual-path remote telegraph for phone access:
      1. Express Wire (/commands) — fast, LLM-free direct tool calls
      2. Cognitive Wire (free text) — full brain.process() with LLM (#178)
    
    Commands:
        /briefing   → full morning summary
        /hava       → weather report
        /mail       → unread emails
        /takvim     → today's calendar events
        /odev       → upcoming assignments
        /ders       → today's schedule
        /siradaki   → next class
        /haber      → latest news
    
    Usage:
        python -m bantz.interface.telegram_bot
    
    Env:
        TELEGRAM_BOT_TOKEN=...
        TELEGRAM_ALLOWED_USERS=123456,789012   # optional whitelist
        TELEGRAM_LLM_MODE=true                 # enable free-text → LLM
    """
    from __future__ import annotations
    
    import asyncio
    import logging
    import os
    import random
    import time
    from collections import defaultdict
    from typing import Callable, Coroutine, Any
    
>   from telegram import Update
E   ModuleNotFoundError: No module named 'telegram'

src/bantz/interface/telegram_bot.py:36: ModuleNotFoundError
__________________ TestOllamaWarmup.test_warmup_job_scheduled __________________

self = <tests.interface.test_telegram_llm.TestOllamaWarmup object at 0x7e3352dcb730>

    def test_warmup_job_scheduled(self):
        """run_bot source must contain ollama warm-up scheduling."""
        import inspect
>       import bantz.interface.telegram_bot as mod

tests/interface/test_telegram_llm.py:1344: 
_ _ _ _ _ _ _ _ _ _ _ _ _ _ _ _ _ _ _ _ _ _ _ _ _ _ _ _ _ _ _ _ _ _ _ _ _ _ _ _ 

    """
    Bantz v3 — Telegram Bot
    
    Dual-path remote telegraph for phone access:
      1. Express Wire (/commands) — fast, LLM-free direct tool calls
      2. Cognitive Wire (free text) — full brain.process() with LLM (#178)
    
    Commands:
        /briefing   → full morning summary
        /hava       → weather report
        /mail       → unread emails
        /takvim     → today's calendar events
        /odev       → upcoming assignments
        /ders       → today's schedule
        /siradaki   → next class
        /haber      → latest news
    
    Usage:
        python -m bantz.interface.telegram_bot
    
    Env:
        TELEGRAM_BOT_TOKEN=...
        TELEGRAM_ALLOWED_USERS=123456,789012   # optional whitelist
        TELEGRAM_LLM_MODE=true                 # enable free-text → LLM
    """
    from __future__ import annotations
    
    import asyncio
    import logging
    import os
    import random
    import time
    from collections import defaultdict
    from typing import Callable, Coroutine, Any
    
>   from telegram import Update
E   ModuleNotFoundError: No module named 'telegram'

src/bantz/interface/telegram_bot.py:36: ModuleNotFoundError
____________________ TestOllamaWarmup.test_warmup_sends_hi _____________________

self = <tests.interface.test_telegram_llm.TestOllamaWarmup object at 0x7e3352dcb8e0>

    def test_warmup_sends_hi(self):
        """The warm-up function must chat 'hi' to pre-load the model."""
        import inspect
>       import bantz.interface.telegram_bot as mod

tests/interface/test_telegram_llm.py:1351: 
_ _ _ _ _ _ _ _ _ _ _ _ _ _ _ _ _ _ _ _ _ _ _ _ _ _ _ _ _ _ _ _ _ _ _ _ _ _ _ _ 

    """
    Bantz v3 — Telegram Bot
    
    Dual-path remote telegraph for phone access:
      1. Express Wire (/commands) — fast, LLM-free direct tool calls
      2. Cognitive Wire (free text) — full brain.process() with LLM (#178)
    
    Commands:
        /briefing   → full morning summary
        /hava       → weather report
        /mail       → unread emails
        /takvim     → today's calendar events
        /odev       → upcoming assignments
        /ders       → today's schedule
        /siradaki   → next class
        /haber      → latest news
    
    Usage:
        python -m bantz.interface.telegram_bot
    
    Env:
        TELEGRAM_BOT_TOKEN=...
        TELEGRAM_ALLOWED_USERS=123456,789012   # optional whitelist
        TELEGRAM_LLM_MODE=true                 # enable free-text → LLM
    """
    from __future__ import annotations
    
    import asyncio
    import logging
    import os
    import random
    import time
    from collections import defaultdict
    from typing import Callable, Coroutine, Any
    
>   from telegram import Update
E   ModuleNotFoundError: No module named 'telegram'

src/bantz/interface/telegram_bot.py:36: ModuleNotFoundError
___________ TestSessionRotation.test_session_rotation_job_scheduled ____________

self = <tests.interface.test_telegram_llm.TestSessionRotation object at 0x7e3352dcb6d0>

    def test_session_rotation_job_scheduled(self):
        """run_bot source must contain session rotation scheduling."""
        import inspect
>       import bantz.interface.telegram_bot as mod

tests/interface/test_telegram_llm.py:1363: 
_ _ _ _ _ _ _ _ _ _ _ _ _ _ _ _ _ _ _ _ _ _ _ _ _ _ _ _ _ _ _ _ _ _ _ _ _ _ _ _ 

    """
    Bantz v3 — Telegram Bot
    
    Dual-path remote telegraph for phone access:
      1. Express Wire (/commands) — fast, LLM-free direct tool calls
      2. Cognitive Wire (free text) — full brain.process() with LLM (#178)
    
    Commands:
        /briefing   → full morning summary
        /hava       → weather report
        /mail       → unread emails
        /takvim     → today's calendar events
        /odev       → upcoming assignments
        /ders       → today's schedule
        /siradaki   → next class
        /haber      → latest news
    
    Usage:
        python -m bantz.interface.telegram_bot
    
    Env:
        TELEGRAM_BOT_TOKEN=...
        TELEGRAM_ALLOWED_USERS=123456,789012   # optional whitelist
        TELEGRAM_LLM_MODE=true                 # enable free-text → LLM
    """
    from __future__ import annotations
    
    import asyncio
    import logging
    import os
    import random
    import time
    from collections import defaultdict
    from typing import Callable, Coroutine, Any
    
>   from telegram import Update
E   ModuleNotFoundError: No module named 'telegram'

src/bantz/interface/telegram_bot.py:36: ModuleNotFoundError
____________ TestSessionRotation.test_rotation_resets_memory_ready _____________

self = <tests.interface.test_telegram_llm.TestSessionRotation object at 0x7e3352dcb280>

    def test_rotation_resets_memory_ready(self):
        """Session rotation must set brain._memory_ready = False."""
        import inspect
>       import bantz.interface.telegram_bot as mod

tests/interface/test_telegram_llm.py:1370: 
_ _ _ _ _ _ _ _ _ _ _ _ _ _ _ _ _ _ _ _ _ _ _ _ _ _ _ _ _ _ _ _ _ _ _ _ _ _ _ _ 

    """
    Bantz v3 — Telegram Bot
    
    Dual-path remote telegraph for phone access:
      1. Express Wire (/commands) — fast, LLM-free direct tool calls
      2. Cognitive Wire (free text) — full brain.process() with LLM (#178)
    
    Commands:
        /briefing   → full morning summary
        /hava       → weather report
        /mail       → unread emails
        /takvim     → today's calendar events
        /odev       → upcoming assignments
        /ders       → today's schedule
        /siradaki   → next class
        /haber      → latest news
    
    Usage:
        python -m bantz.interface.telegram_bot
    
    Env:
        TELEGRAM_BOT_TOKEN=...
        TELEGRAM_ALLOWED_USERS=123456,789012   # optional whitelist
        TELEGRAM_LLM_MODE=true                 # enable free-text → LLM
    """
    from __future__ import annotations
    
    import asyncio
    import logging
    import os
    import random
    import time
    from collections import defaultdict
    from typing import Callable, Coroutine, Any
    
>   from telegram import Update
E   ModuleNotFoundError: No module named 'telegram'

src/bantz/interface/telegram_bot.py:36: ModuleNotFoundError
_____________________ TestServiceStatus.test_all_statuses ______________________

self = <tests.tui.test_header.TestServiceStatus object at 0x7e3352b2b9a0>

    def test_all_statuses(self):
>       from bantz.interface.tui.panels.header import ServiceStatus

tests/tui/test_header.py:27: 
_ _ _ _ _ _ _ _ _ _ _ _ _ _ _ _ _ _ _ _ _ _ _ _ _ _ _ _ _ _ _ _ _ _ _ _ _ _ _ _ 
src/bantz/interface/tui/panels/__init__.py:2: in <module>
    from bantz.interface.tui.panels.system import SystemStatus
_ _ _ _ _ _ _ _ _ _ _ _ _ _ _ _ _ _ _ _ _ _ _ _ _ _ _ _ _ _ _ _ _ _ _ _ _ _ _ _ 

    """
    Bantz — System Status Panel (#133)
    
    Real-time hardware telemetry with sparkline history in the TUI right panel.
    All metric collection runs in a background thread via @work(thread=True)
    so the Textual event loop is never blocked.
    """
    from __future__ import annotations
    
    from datetime import datetime
    
>   from textual import work
E   ModuleNotFoundError: No module named 'textual'

src/bantz/interface/tui/panels/system.py:12: ModuleNotFoundError
________________ TestServiceStatus.test_status_dots_all_present ________________

self = <tests.tui.test_header.TestServiceStatus object at 0x7e3352b2bb50>

    def test_status_dots_all_present(self):
>       from bantz.interface.tui.panels.header import ServiceStatus, STATUS_DOTS

tests/tui/test_header.py:34: 
_ _ _ _ _ _ _ _ _ _ _ _ _ _ _ _ _ _ _ _ _ _ _ _ _ _ _ _ _ _ _ _ _ _ _ _ _ _ _ _ 
src/bantz/interface/tui/panels/__init__.py:2: in <module>
    from bantz.interface.tui.panels.system import SystemStatus
_ _ _ _ _ _ _ _ _ _ _ _ _ _ _ _ _ _ _ _ _ _ _ _ _ _ _ _ _ _ _ _ _ _ _ _ _ _ _ _ 

    """
    Bantz — System Status Panel (#133)
    
    Real-time hardware telemetry with sparkline history in the TUI right panel.
    All metric collection runs in a background thread via @work(thread=True)
    so the Textual event loop is never blocked.
    """
    from __future__ import annotations
    
    from datetime import datetime
    
>   from textual import work
E   ModuleNotFoundError: No module named 'textual'

src/bantz/interface/tui/panels/system.py:12: ModuleNotFoundError
______________________ TestServiceStatus.test_dot_colors _______________________

self = <tests.tui.test_header.TestServiceStatus object at 0x7e3352b2bd00>

    def test_dot_colors(self):
>       from bantz.interface.tui.panels.header import ServiceStatus, STATUS_DOTS

tests/tui/test_header.py:40: 
_ _ _ _ _ _ _ _ _ _ _ _ _ _ _ _ _ _ _ _ _ _ _ _ _ _ _ _ _ _ _ _ _ _ _ _ _ _ _ _ 
src/bantz/interface/tui/panels/__init__.py:2: in <module>
    from bantz.interface.tui.panels.system import SystemStatus
_ _ _ _ _ _ _ _ _ _ _ _ _ _ _ _ _ _ _ _ _ _ _ _ _ _ _ _ _ _ _ _ _ _ _ _ _ _ _ _ 

    """
    Bantz — System Status Panel (#133)
    
    Real-time hardware telemetry with sparkline history in the TUI right panel.
    All metric collection runs in a background thread via @work(thread=True)
    so the Textual event loop is never blocked.
    """
    from __future__ import annotations
    
    from datetime import datetime
    
>   from textual import work
E   ModuleNotFoundError: No module named 'textual'

src/bantz/interface/tui/panels/system.py:12: ModuleNotFoundError
________________ TestServiceHealthChanged.test_message_creation ________________

self = <tests.tui.test_header.TestServiceHealthChanged object at 0x7e3352b2bf70>

    def test_message_creation(self):
>       from bantz.interface.tui.panels.header import ServiceHealthChanged, ServiceStatus

tests/tui/test_header.py:53: 
_ _ _ _ _ _ _ _ _ _ _ _ _ _ _ _ _ _ _ _ _ _ _ _ _ _ _ _ _ _ _ _ _ _ _ _ _ _ _ _ 
src/bantz/interface/tui/panels/__init__.py:2: in <module>
    from bantz.interface.tui.panels.system import SystemStatus
_ _ _ _ _ _ _ _ _ _ _ _ _ _ _ _ _ _ _ _ _ _ _ _ _ _ _ _ _ _ _ _ _ _ _ _ _ _ _ _ 

    """
    Bantz — System Status Panel (#133)
    
    Real-time hardware telemetry with sparkline history in the TUI right panel.
    All metric collection runs in a background thread via @work(thread=True)
    so the Textual event loop is never blocked.
    """
    from __future__ import annotations
    
    from datetime import datetime
    
>   from textual import work
E   ModuleNotFoundError: No module named 'textual'

src/bantz/interface/tui/panels/system.py:12: ModuleNotFoundError
_________________ TestServiceHealthChanged.test_default_detail _________________

self = <tests.tui.test_header.TestServiceHealthChanged object at 0x7e3352b48160>

    def test_default_detail(self):
>       from bantz.interface.tui.panels.header import ServiceHealthChanged, ServiceStatus

tests/tui/test_header.py:60: 
_ _ _ _ _ _ _ _ _ _ _ _ _ _ _ _ _ _ _ _ _ _ _ _ _ _ _ _ _ _ _ _ _ _ _ _ _ _ _ _ 
src/bantz/interface/tui/panels/__init__.py:2: in <module>
    from bantz.interface.tui.panels.system import SystemStatus
_ _ _ _ _ _ _ _ _ _ _ _ _ _ _ _ _ _ _ _ _ _ _ _ _ _ _ _ _ _ _ _ _ _ _ _ _ _ _ _ 

    """
    Bantz — System Status Panel (#133)
    
    Real-time hardware telemetry with sparkline history in the TUI right panel.
    All metric collection runs in a background thread via @work(thread=True)
    so the Textual event loop is never blocked.
    """
    from __future__ import annotations
    
    from datetime import datetime
    
>   from textual import work
E   ModuleNotFoundError: No module named 'textual'

src/bantz/interface/tui/panels/system.py:12: ModuleNotFoundError
_________________ TestMemoryCountUpdated.test_message_creation _________________

self = <tests.tui.test_header.TestMemoryCountUpdated object at 0x7e3352b483a0>

    def test_message_creation(self):
>       from bantz.interface.tui.panels.header import MemoryCountUpdated

tests/tui/test_header.py:71: 
_ _ _ _ _ _ _ _ _ _ _ _ _ _ _ _ _ _ _ _ _ _ _ _ _ _ _ _ _ _ _ _ _ _ _ _ _ _ _ _ 
src/bantz/interface/tui/panels/__init__.py:2: in <module>
    from bantz.interface.tui.panels.system import SystemStatus
_ _ _ _ _ _ _ _ _ _ _ _ _ _ _ _ _ _ _ _ _ _ _ _ _ _ _ _ _ _ _ _ _ _ _ _ _ _ _ _ 

    """
    Bantz — System Status Panel (#133)
    
    Real-time hardware telemetry with sparkline history in the TUI right panel.
    All metric collection runs in a background thread via @work(thread=True)
    so the Textual event loop is never blocked.
    """
    from __future__ import annotations
    
    from datetime import datetime
    
>   from textual import work
E   ModuleNotFoundError: No module named 'textual'

src/bantz/interface/tui/panels/system.py:12: ModuleNotFoundError
__________________ TestOperationsHeader.test_default_statuses __________________

self = <tests.tui.test_header.TestOperationsHeader object at 0x7e3352b485b0>

    def test_default_statuses(self):
>       from bantz.interface.tui.panels.header import ServiceStatus

tests/tui/test_header.py:87: 
_ _ _ _ _ _ _ _ _ _ _ _ _ _ _ _ _ _ _ _ _ _ _ _ _ _ _ _ _ _ _ _ _ _ _ _ _ _ _ _ 
src/bantz/interface/tui/panels/__init__.py:2: in <module>
    from bantz.interface.tui.panels.system import SystemStatus
_ _ _ _ _ _ _ _ _ _ _ _ _ _ _ _ _ _ _ _ _ _ _ _ _ _ _ _ _ _ _ _ _ _ _ _ _ _ _ _ 

    """
    Bantz — System Status Panel (#133)
    
    Real-time hardware telemetry with sparkline history in the TUI right panel.
    All metric collection runs in a background thread via @work(thread=True)
    so the Textual event loop is never blocked.
    """
    from __future__ import annotations
    
    from datetime import datetime
    
>   from textual import work
E   ModuleNotFoundError: No module named 'textual'

src/bantz/interface/tui/panels/system.py:12: ModuleNotFoundError
___________________ TestOperationsHeader.test_default_counts ___________________

self = <tests.tui.test_header.TestOperationsHeader object at 0x7e3352b48760>

    def test_default_counts(self):
>       h = self._make()

tests/tui/test_header.py:95: 
_ _ _ _ _ _ _ _ _ _ _ _ _ _ _ _ _ _ _ _ _ _ _ _ _ _ _ _ _ _ _ _ _ _ _ _ _ _ _ _ 
tests/tui/test_header.py:83: in _make
    from bantz.interface.tui.panels.header import OperationsHeader
src/bantz/interface/tui/panels/__init__.py:2: in <module>
    from bantz.interface.tui.panels.system import SystemStatus
_ _ _ _ _ _ _ _ _ _ _ _ _ _ _ _ _ _ _ _ _ _ _ _ _ _ _ _ _ _ _ _ _ _ _ _ _ _ _ _ 

    """
    Bantz — System Status Panel (#133)
    
    Real-time hardware telemetry with sparkline history in the TUI right panel.
    All metric collection runs in a background thread via @work(thread=True)
    so the Textual event loop is never blocked.
    """
    from __future__ import annotations
    
    from datetime import datetime
    
>   from textual import work
E   ModuleNotFoundError: No module named 'textual'

src/bantz/interface/tui/panels/system.py:12: ModuleNotFoundError
___________________ TestOperationsHeader.test_boot_time_set ____________________

self = <tests.tui.test_header.TestOperationsHeader object at 0x7e3352b48910>

    def test_boot_time_set(self):
>       h = self._make()

tests/tui/test_header.py:100: 
_ _ _ _ _ _ _ _ _ _ _ _ _ _ _ _ _ _ _ _ _ _ _ _ _ _ _ _ _ _ _ _ _ _ _ _ _ _ _ _ 
tests/tui/test_header.py:83: in _make
    from bantz.interface.tui.panels.header import OperationsHeader
src/bantz/interface/tui/panels/__init__.py:2: in <module>
    from bantz.interface.tui.panels.system import SystemStatus
_ _ _ _ _ _ _ _ _ _ _ _ _ _ _ _ _ _ _ _ _ _ _ _ _ _ _ _ _ _ _ _ _ _ _ _ _ _ _ _ 

    """
    Bantz — System Status Panel (#133)
    
    Real-time hardware telemetry with sparkline history in the TUI right panel.
    All metric collection runs in a background thread via @work(thread=True)
    so the Textual event loop is never blocked.
    """
    from __future__ import annotations
    
    from datetime import datetime
    
>   from textual import work
E   ModuleNotFoundError: No module named 'textual'

src/bantz/interface/tui/panels/system.py:12: ModuleNotFoundError
_________________ TestOperationsHeader.test_set_status_ollama __________________

self = <tests.tui.test_header.TestOperationsHeader object at 0x7e3352b48ac0>

    def test_set_status_ollama(self):
>       from bantz.interface.tui.panels.header import ServiceStatus

tests/tui/test_header.py:104: 
_ _ _ _ _ _ _ _ _ _ _ _ _ _ _ _ _ _ _ _ _ _ _ _ _ _ _ _ _ _ _ _ _ _ _ _ _ _ _ _ 
src/bantz/interface/tui/panels/__init__.py:2: in <module>
    from bantz.interface.tui.panels.system import SystemStatus
_ _ _ _ _ _ _ _ _ _ _ _ _ _ _ _ _ _ _ _ _ _ _ _ _ _ _ _ _ _ _ _ _ _ _ _ _ _ _ _ 

    """
    Bantz — System Status Panel (#133)
    
    Real-time hardware telemetry with sparkline history in the TUI right panel.
    All metric collection runs in a background thread via @work(thread=True)
    so the Textual event loop is never blocked.
    """
    from __future__ import annotations
    
    from datetime import datetime
    
>   from textual import work
E   ModuleNotFoundError: No module named 'textual'

src/bantz/interface/tui/panels/system.py:12: ModuleNotFoundError
__________________ TestOperationsHeader.test_set_status_neo4j __________________

self = <tests.tui.test_header.TestOperationsHeader object at 0x7e3352b48c70>

    def test_set_status_neo4j(self):
>       from bantz.interface.tui.panels.header import ServiceStatus

tests/tui/test_header.py:110: 
_ _ _ _ _ _ _ _ _ _ _ _ _ _ _ _ _ _ _ _ _ _ _ _ _ _ _ _ _ _ _ _ _ _ _ _ _ _ _ _ 
src/bantz/interface/tui/panels/__init__.py:2: in <module>
    from bantz.interface.tui.panels.system import SystemStatus
_ _ _ _ _ _ _ _ _ _ _ _ _ _ _ _ _ _ _ _ _ _ _ _ _ _ _ _ _ _ _ _ _ _ _ _ _ _ _ _ 

    """
    Bantz — System Status Panel (#133)
    
    Real-time hardware telemetry with sparkline history in the TUI right panel.
    All metric collection runs in a background thread via @work(thread=True)
    so the Textual event loop is never blocked.
    """
    from __future__ import annotations
    
    from datetime import datetime
    
>   from textual import work
E   ModuleNotFoundError: No module named 'textual'

src/bantz/interface/tui/panels/system.py:12: ModuleNotFoundError
_________________ TestOperationsHeader.test_set_status_gemini __________________

self = <tests.tui.test_header.TestOperationsHeader object at 0x7e3352b48e20>

    def test_set_status_gemini(self):
>       from bantz.interface.tui.panels.header import ServiceStatus

tests/tui/test_header.py:116: 
_ _ _ _ _ _ _ _ _ _ _ _ _ _ _ _ _ _ _ _ _ _ _ _ _ _ _ _ _ _ _ _ _ _ _ _ _ _ _ _ 
src/bantz/interface/tui/panels/__init__.py:2: in <module>
    from bantz.interface.tui.panels.system import SystemStatus
_ _ _ _ _ _ _ _ _ _ _ _ _ _ _ _ _ _ _ _ _ _ _ _ _ _ _ _ _ _ _ _ _ _ _ _ _ _ _ _ 

    """
    Bantz — System Status Panel (#133)
    
    Real-time hardware telemetry with sparkline history in the TUI right panel.
    All metric collection runs in a background thread via @work(thread=True)
    so the Textual event loop is never blocked.
    """
    from __future__ import annotations
    
    from datetime import datetime
    
>   from textual import work
E   ModuleNotFoundError: No module named 'textual'

src/bantz/interface/tui/panels/system.py:12: ModuleNotFoundError
________________ TestOperationsHeader.test_set_status_telegram _________________

self = <tests.tui.test_header.TestOperationsHeader object at 0x7e3352b48fd0>

    def test_set_status_telegram(self):
>       from bantz.interface.tui.panels.header import ServiceStatus

tests/tui/test_header.py:122: 
_ _ _ _ _ _ _ _ _ _ _ _ _ _ _ _ _ _ _ _ _ _ _ _ _ _ _ _ _ _ _ _ _ _ _ _ _ _ _ _ 
src/bantz/interface/tui/panels/__init__.py:2: in <module>
    from bantz.interface.tui.panels.system import SystemStatus
_ _ _ _ _ _ _ _ _ _ _ _ _ _ _ _ _ _ _ _ _ _ _ _ _ _ _ _ _ _ _ _ _ _ _ _ _ _ _ _ 

    """
    Bantz — System Status Panel (#133)
    
    Real-time hardware telemetry with sparkline history in the TUI right panel.
    All metric collection runs in a background thread via @work(thread=True)
    so the Textual event loop is never blocked.
    """
    from __future__ import annotations
    
    from datetime import datetime
    
>   from textual import work
E   ModuleNotFoundError: No module named 'textual'

src/bantz/interface/tui/panels/system.py:12: ModuleNotFoundError
_____________________ TestOperationsHeader.test_set_counts _____________________

self = <tests.tui.test_header.TestOperationsHeader object at 0x7e3352b49180>

    def test_set_counts(self):
>       h = self._make()

tests/tui/test_header.py:128: 
_ _ _ _ _ _ _ _ _ _ _ _ _ _ _ _ _ _ _ _ _ _ _ _ _ _ _ _ _ _ _ _ _ _ _ _ _ _ _ _ 
tests/tui/test_header.py:83: in _make
    from bantz.interface.tui.panels.header import OperationsHeader
src/bantz/interface/tui/panels/__init__.py:2: in <module>
    from bantz.interface.tui.panels.system import SystemStatus
_ _ _ _ _ _ _ _ _ _ _ _ _ _ _ _ _ _ _ _ _ _ _ _ _ _ _ _ _ _ _ _ _ _ _ _ _ _ _ _ 

    """
    Bantz — System Status Panel (#133)
    
    Real-time hardware telemetry with sparkline history in the TUI right panel.
    All metric collection runs in a background thread via @work(thread=True)
    so the Textual event loop is never blocked.
    """
    from __future__ import annotations
    
    from datetime import datetime
    
>   from textual import work
E   ModuleNotFoundError: No module named 'textual'

src/bantz/interface/tui/panels/system.py:12: ModuleNotFoundError
_______________ TestOperationsHeader.test_uptime_format_minutes ________________

self = <tests.tui.test_header.TestOperationsHeader object at 0x7e3352b49330>

    def test_uptime_format_minutes(self):
>       h = self._make()

tests/tui/test_header.py:134: 
_ _ _ _ _ _ _ _ _ _ _ _ _ _ _ _ _ _ _ _ _ _ _ _ _ _ _ _ _ _ _ _ _ _ _ _ _ _ _ _ 
tests/tui/test_header.py:83: in _make
    from bantz.interface.tui.panels.header import OperationsHeader
src/bantz/interface/tui/panels/__init__.py:2: in <module>
    from bantz.interface.tui.panels.system import SystemStatus
_ _ _ _ _ _ _ _ _ _ _ _ _ _ _ _ _ _ _ _ _ _ _ _ _ _ _ _ _ _ _ _ _ _ _ _ _ _ _ _ 

    """
    Bantz — System Status Panel (#133)
    
    Real-time hardware telemetry with sparkline history in the TUI right panel.
    All metric collection runs in a background thread via @work(thread=True)
    so the Textual event loop is never blocked.
    """
    from __future__ import annotations
    
    from datetime import datetime
    
>   from textual import work
E   ModuleNotFoundError: No module named 'textual'

src/bantz/interface/tui/panels/system.py:12: ModuleNotFoundError
________________ TestOperationsHeader.test_uptime_format_hours _________________

self = <tests.tui.test_header.TestOperationsHeader object at 0x7e3352b494e0>

    def test_uptime_format_hours(self):
>       h = self._make()

tests/tui/test_header.py:140: 
_ _ _ _ _ _ _ _ _ _ _ _ _ _ _ _ _ _ _ _ _ _ _ _ _ _ _ _ _ _ _ _ _ _ _ _ _ _ _ _ 
tests/tui/test_header.py:83: in _make
    from bantz.interface.tui.panels.header import OperationsHeader
src/bantz/interface/tui/panels/__init__.py:2: in <module>
    from bantz.interface.tui.panels.system import SystemStatus
_ _ _ _ _ _ _ _ _ _ _ _ _ _ _ _ _ _ _ _ _ _ _ _ _ _ _ _ _ _ _ _ _ _ _ _ _ _ _ _ 

    """
    Bantz — System Status Panel (#133)
    
    Real-time hardware telemetry with sparkline history in the TUI right panel.
    All metric collection runs in a background thread via @work(thread=True)
    so the Textual event loop is never blocked.
    """
    from __future__ import annotations
    
    from datetime import datetime
    
>   from textual import work
E   ModuleNotFoundError: No module named 'textual'

src/bantz/interface/tui/panels/system.py:12: ModuleNotFoundError
___________ TestOperationsHeader.test_health_changed_handler_ollama ____________

self = <tests.tui.test_header.TestOperationsHeader object at 0x7e3352b49690>

    def test_health_changed_handler_ollama(self):
>       from bantz.interface.tui.panels.header import ServiceHealthChanged, ServiceStatus

tests/tui/test_header.py:146: 
_ _ _ _ _ _ _ _ _ _ _ _ _ _ _ _ _ _ _ _ _ _ _ _ _ _ _ _ _ _ _ _ _ _ _ _ _ _ _ _ 
src/bantz/interface/tui/panels/__init__.py:2: in <module>
    from bantz.interface.tui.panels.system import SystemStatus
_ _ _ _ _ _ _ _ _ _ _ _ _ _ _ _ _ _ _ _ _ _ _ _ _ _ _ _ _ _ _ _ _ _ _ _ _ _ _ _ 

    """
    Bantz — System Status Panel (#133)
    
    Real-time hardware telemetry with sparkline history in the TUI right panel.
    All metric collection runs in a background thread via @work(thread=True)
    so the Textual event loop is never blocked.
    """
    from __future__ import annotations
    
    from datetime import datetime
    
>   from textual import work
E   ModuleNotFoundError: No module named 'textual'

src/bantz/interface/tui/panels/system.py:12: ModuleNotFoundError
___________ TestOperationsHeader.test_health_changed_handler_gemini ____________

self = <tests.tui.test_header.TestOperationsHeader object at 0x7e3352b2ba90>

    def test_health_changed_handler_gemini(self):
>       from bantz.interface.tui.panels.header import ServiceHealthChanged, ServiceStatus

tests/tui/test_header.py:153: 
_ _ _ _ _ _ _ _ _ _ _ _ _ _ _ _ _ _ _ _ _ _ _ _ _ _ _ _ _ _ _ _ _ _ _ _ _ _ _ _ 
src/bantz/interface/tui/panels/__init__.py:2: in <module>
    from bantz.interface.tui.panels.system import SystemStatus
_ _ _ _ _ _ _ _ _ _ _ _ _ _ _ _ _ _ _ _ _ _ _ _ _ _ _ _ _ _ _ _ _ _ _ _ _ _ _ _ 

    """
    Bantz — System Status Panel (#133)
    
    Real-time hardware telemetry with sparkline history in the TUI right panel.
    All metric collection runs in a background thread via @work(thread=True)
    so the Textual event loop is never blocked.
    """
    from __future__ import annotations
    
    from datetime import datetime
    
>   from textual import work
E   ModuleNotFoundError: No module named 'textual'

src/bantz/interface/tui/panels/system.py:12: ModuleNotFoundError
________________ TestOperationsHeader.test_memory_count_handler ________________

self = <tests.tui.test_header.TestOperationsHeader object at 0x7e3352b49510>

    def test_memory_count_handler(self):
>       from bantz.interface.tui.panels.header import MemoryCountUpdated

tests/tui/test_header.py:160: 
_ _ _ _ _ _ _ _ _ _ _ _ _ _ _ _ _ _ _ _ _ _ _ _ _ _ _ _ _ _ _ _ _ _ _ _ _ _ _ _ 
src/bantz/interface/tui/panels/__init__.py:2: in <module>
    from bantz.interface.tui.panels.system import SystemStatus
_ _ _ _ _ _ _ _ _ _ _ _ _ _ _ _ _ _ _ _ _ _ _ _ _ _ _ _ _ _ _ _ _ _ _ _ _ _ _ _ 

    """
    Bantz — System Status Panel (#133)
    
    Real-time hardware telemetry with sparkline history in the TUI right panel.
    All metric collection runs in a background thread via @work(thread=True)
    so the Textual event loop is never blocked.
    """
    from __future__ import annotations
    
    from datetime import datetime
    
>   from textual import work
E   ModuleNotFoundError: No module named 'textual'

src/bantz/interface/tui/panels/system.py:12: ModuleNotFoundError
__________ TestOperationsHeaderRender.test_render_contains_ops_center __________

self = <tests.tui.test_header.TestOperationsHeaderRender object at 0x7e3352b48e50>

    def test_render_contains_ops_center(self):
>       from bantz.interface.tui.panels.header import OperationsHeader

tests/tui/test_header.py:174: 
_ _ _ _ _ _ _ _ _ _ _ _ _ _ _ _ _ _ _ _ _ _ _ _ _ _ _ _ _ _ _ _ _ _ _ _ _ _ _ _ 
src/bantz/interface/tui/panels/__init__.py:2: in <module>
    from bantz.interface.tui.panels.system import SystemStatus
_ _ _ _ _ _ _ _ _ _ _ _ _ _ _ _ _ _ _ _ _ _ _ _ _ _ _ _ _ _ _ _ _ _ _ _ _ _ _ _ 

    """
    Bantz — System Status Panel (#133)
    
    Real-time hardware telemetry with sparkline history in the TUI right panel.
    All metric collection runs in a background thread via @work(thread=True)
    so the Textual event loop is never blocked.
    """
    from __future__ import annotations
    
    from datetime import datetime
    
>   from textual import work
E   ModuleNotFoundError: No module named 'textual'

src/bantz/interface/tui/panels/system.py:12: ModuleNotFoundError
__________ TestOperationsHeaderRender.test_render_contains_mood_face ___________

self = <tests.tui.test_header.TestOperationsHeaderRender object at 0x7e3352b48940>

    def test_render_contains_mood_face(self):
>       from bantz.interface.tui.panels.header import OperationsHeader

tests/tui/test_header.py:180: 
_ _ _ _ _ _ _ _ _ _ _ _ _ _ _ _ _ _ _ _ _ _ _ _ _ _ _ _ _ _ _ _ _ _ _ _ _ _ _ _ 
src/bantz/interface/tui/panels/__init__.py:2: in <module>
    from bantz.interface.tui.panels.system import SystemStatus
_ _ _ _ _ _ _ _ _ _ _ _ _ _ _ _ _ _ _ _ _ _ _ _ _ _ _ _ _ _ _ _ _ _ _ _ _ _ _ _ 

    """
    Bantz — System Status Panel (#133)
    
    Real-time hardware telemetry with sparkline history in the TUI right panel.
    All metric collection runs in a background thread via @work(thread=True)
    so the Textual event loop is never blocked.
    """
    from __future__ import annotations
    
    from datetime import datetime
    
>   from textual import work
E   ModuleNotFoundError: No module named 'textual'

src/bantz/interface/tui/panels/system.py:12: ModuleNotFoundError
____________ TestOperationsHeaderRender.test_render_contains_model _____________

self = <tests.tui.test_header.TestOperationsHeaderRender object at 0x7e3352b484c0>

    def test_render_contains_model(self):
>       from bantz.interface.tui.panels.header import OperationsHeader

tests/tui/test_header.py:187: 
_ _ _ _ _ _ _ _ _ _ _ _ _ _ _ _ _ _ _ _ _ _ _ _ _ _ _ _ _ _ _ _ _ _ _ _ _ _ _ _ 
src/bantz/interface/tui/panels/__init__.py:2: in <module>
    from bantz.interface.tui.panels.system import SystemStatus
_ _ _ _ _ _ _ _ _ _ _ _ _ _ _ _ _ _ _ _ _ _ _ _ _ _ _ _ _ _ _ _ _ _ _ _ _ _ _ _ 

    """
    Bantz — System Status Panel (#133)
    
    Real-time hardware telemetry with sparkline history in the TUI right panel.
    All metric collection runs in a background thread via @work(thread=True)
    so the Textual event loop is never blocked.
    """
    from __future__ import annotations
    
    from datetime import datetime
    
>   from textual import work
E   ModuleNotFoundError: No module named 'textual'

src/bantz/interface/tui/panels/system.py:12: ModuleNotFoundError
________ TestOperationsHeaderRender.test_render_contains_service_names _________

self = <tests.tui.test_header.TestOperationsHeaderRender object at 0x7e3352b497b0>

    def test_render_contains_service_names(self):
>       from bantz.interface.tui.panels.header import OperationsHeader

tests/tui/test_header.py:194: 
_ _ _ _ _ _ _ _ _ _ _ _ _ _ _ _ _ _ _ _ _ _ _ _ _ _ _ _ _ _ _ _ _ _ _ _ _ _ _ _ 
src/bantz/interface/tui/panels/__init__.py:2: in <module>
    from bantz.interface.tui.panels.system import SystemStatus
_ _ _ _ _ _ _ _ _ _ _ _ _ _ _ _ _ _ _ _ _ _ _ _ _ _ _ _ _ _ _ _ _ _ _ _ _ _ _ _ 

    """
    Bantz — System Status Panel (#133)
    
    Real-time hardware telemetry with sparkline history in the TUI right panel.
    All metric collection runs in a background thread via @work(thread=True)
    so the Textual event loop is never blocked.
    """
    from __future__ import annotations
    
    from datetime import datetime
    
>   from textual import work
E   ModuleNotFoundError: No module named 'textual'

src/bantz/interface/tui/panels/system.py:12: ModuleNotFoundError
____________ TestOperationsHeaderRender.test_render_contains_uptime ____________

self = <tests.tui.test_header.TestOperationsHeaderRender object at 0x7e3352b49960>

    def test_render_contains_uptime(self):
>       from bantz.interface.tui.panels.header import OperationsHeader

tests/tui/test_header.py:203: 
_ _ _ _ _ _ _ _ _ _ _ _ _ _ _ _ _ _ _ _ _ _ _ _ _ _ _ _ _ _ _ _ _ _ _ _ _ _ _ _ 
src/bantz/interface/tui/panels/__init__.py:2: in <module>
    from bantz.interface.tui.panels.system import SystemStatus
_ _ _ _ _ _ _ _ _ _ _ _ _ _ _ _ _ _ _ _ _ _ _ _ _ _ _ _ _ _ _ _ _ _ _ _ _ _ _ _ 

    """
    Bantz — System Status Panel (#133)
    
    Real-time hardware telemetry with sparkline history in the TUI right panel.
    All metric collection runs in a background thread via @work(thread=True)
    so the Textual event loop is never blocked.
    """
    from __future__ import annotations
    
    from datetime import datetime
    
>   from textual import work
E   ModuleNotFoundError: No module named 'textual'

src/bantz/interface/tui/panels/system.py:12: ModuleNotFoundError
____________ TestOperationsHeaderRender.test_render_contains_memory ____________

self = <tests.tui.test_header.TestOperationsHeaderRender object at 0x7e3352b49b10>

    def test_render_contains_memory(self):
>       from bantz.interface.tui.panels.header import OperationsHeader

tests/tui/test_header.py:208: 
_ _ _ _ _ _ _ _ _ _ _ _ _ _ _ _ _ _ _ _ _ _ _ _ _ _ _ _ _ _ _ _ _ _ _ _ _ _ _ _ 
src/bantz/interface/tui/panels/__init__.py:2: in <module>
    from bantz.interface.tui.panels.system import SystemStatus
_ _ _ _ _ _ _ _ _ _ _ _ _ _ _ _ _ _ _ _ _ _ _ _ _ _ _ _ _ _ _ _ _ _ _ _ _ _ _ _ 

    """
    Bantz — System Status Panel (#133)
    
    Real-time hardware telemetry with sparkline history in the TUI right panel.
    All metric collection runs in a background thread via @work(thread=True)
    so the Textual event loop is never blocked.
    """
    from __future__ import annotations
    
    from datetime import datetime
    
>   from textual import work
E   ModuleNotFoundError: No module named 'textual'

src/bantz/interface/tui/panels/system.py:12: ModuleNotFoundError
___________ TestOperationsHeaderRender.test_render_contains_sessions ___________

self = <tests.tui.test_header.TestOperationsHeaderRender object at 0x7e3352b49cc0>

    def test_render_contains_sessions(self):
>       from bantz.interface.tui.panels.header import OperationsHeader

tests/tui/test_header.py:213: 
_ _ _ _ _ _ _ _ _ _ _ _ _ _ _ _ _ _ _ _ _ _ _ _ _ _ _ _ _ _ _ _ _ _ _ _ _ _ _ _ 
src/bantz/interface/tui/panels/__init__.py:2: in <module>
    from bantz.interface.tui.panels.system import SystemStatus
_ _ _ _ _ _ _ _ _ _ _ _ _ _ _ _ _ _ _ _ _ _ _ _ _ _ _ _ _ _ _ _ _ _ _ _ _ _ _ _ 

    """
    Bantz — System Status Panel (#133)
    
    Real-time hardware telemetry with sparkline history in the TUI right panel.
    All metric collection runs in a background thread via @work(thread=True)
    so the Textual event loop is never blocked.
    """
    from __future__ import annotations
    
    from datetime import datetime
    
>   from textual import work
E   ModuleNotFoundError: No module named 'textual'

src/bantz/interface/tui/panels/system.py:12: ModuleNotFoundError
_________ TestAppHeaderIntegration.test_app_imports_operations_header __________

self = <tests.tui.test_header.TestAppHeaderIntegration object at 0x7e3352b4a650>

    def test_app_imports_operations_header(self):
        """BantzApp module should import OperationsHeader, not Textual's Header."""
>       import bantz.interface.tui.app as app_mod

tests/tui/test_header.py:268: 
_ _ _ _ _ _ _ _ _ _ _ _ _ _ _ _ _ _ _ _ _ _ _ _ _ _ _ _ _ _ _ _ _ _ _ _ _ _ _ _ 

    """
    Bantz v3 — Textual TUI Application
    
    Entry point for the terminal user interface.
    Left panel: chat.  Right panel: system status + clock.
    """
    from __future__ import annotations
    
    import asyncio
    import logging
    from pathlib import Path
    
>   from textual.app import App, ComposeResult
E   ModuleNotFoundError: No module named 'textual'

src/bantz/interface/tui/app.py:13: ModuleNotFoundError
_________ TestAppHeaderIntegration.test_app_has_notify_service_health __________

self = <tests.tui.test_header.TestAppHeaderIntegration object at 0x7e3352b4a800>

    def test_app_has_notify_service_health(self):
>       from bantz.interface.tui.app import BantzApp

tests/tui/test_header.py:277: 
_ _ _ _ _ _ _ _ _ _ _ _ _ _ _ _ _ _ _ _ _ _ _ _ _ _ _ _ _ _ _ _ _ _ _ _ _ _ _ _ 

    """
    Bantz v3 — Textual TUI Application
    
    Entry point for the terminal user interface.
    Left panel: chat.  Right panel: system status + clock.
    """
    from __future__ import annotations
    
    import asyncio
    import logging
    from pathlib import Path
    
>   from textual.app import App, ComposeResult
E   ModuleNotFoundError: No module named 'textual'

src/bantz/interface/tui/app.py:13: ModuleNotFoundError
__________ TestAppHeaderIntegration.test_app_has_notify_memory_counts __________

self = <tests.tui.test_header.TestAppHeaderIntegration object at 0x7e3352b4a9b0>

    def test_app_has_notify_memory_counts(self):
>       from bantz.interface.tui.app import BantzApp

tests/tui/test_header.py:283: 
_ _ _ _ _ _ _ _ _ _ _ _ _ _ _ _ _ _ _ _ _ _ _ _ _ _ _ _ _ _ _ _ _ _ _ _ _ _ _ _ 

    """
    Bantz v3 — Textual TUI Application
    
    Entry point for the terminal user interface.
    Left panel: chat.  Right panel: system status + clock.
    """
    from __future__ import annotations
    
    import asyncio
    import logging
    from pathlib import Path
    
>   from textual.app import App, ComposeResult
E   ModuleNotFoundError: No module named 'textual'

src/bantz/interface/tui/app.py:13: ModuleNotFoundError
__________ TestAppHeaderIntegration.test_app_has_update_header_counts __________

self = <tests.tui.test_header.TestAppHeaderIntegration object at 0x7e3352b4ab60>

    def test_app_has_update_header_counts(self):
>       from bantz.interface.tui.app import BantzApp

tests/tui/test_header.py:289: 
_ _ _ _ _ _ _ _ _ _ _ _ _ _ _ _ _ _ _ _ _ _ _ _ _ _ _ _ _ _ _ _ _ _ _ _ _ _ _ _ 

    """
    Bantz v3 — Textual TUI Application
    
    Entry point for the terminal user interface.
    Left panel: chat.  Right panel: system status + clock.
    """
    from __future__ import annotations
    
    import asyncio
    import logging
    from pathlib import Path
    
>   from textual.app import App, ComposeResult
E   ModuleNotFoundError: No module named 'textual'

src/bantz/interface/tui/app.py:13: ModuleNotFoundError
_____________ TestArchitecture.test_no_set_interval_for_api_probes _____________

self = <tests.tui.test_header.TestArchitecture object at 0x7e3352b4ab00>

    def test_no_set_interval_for_api_probes(self):
        """OperationsHeader should NOT set_interval for API health checks."""
        import inspect
>       from bantz.interface.tui.panels.header import OperationsHeader

tests/tui/test_header.py:338: 
_ _ _ _ _ _ _ _ _ _ _ _ _ _ _ _ _ _ _ _ _ _ _ _ _ _ _ _ _ _ _ _ _ _ _ _ _ _ _ _ 
src/bantz/interface/tui/panels/__init__.py:2: in <module>
    from bantz.interface.tui.panels.system import SystemStatus
_ _ _ _ _ _ _ _ _ _ _ _ _ _ _ _ _ _ _ _ _ _ _ _ _ _ _ _ _ _ _ _ _ _ _ _ _ _ _ _ 

    """
    Bantz — System Status Panel (#133)
    
    Real-time hardware telemetry with sparkline history in the TUI right panel.
    All metric collection runs in a background thread via @work(thread=True)
    so the Textual event loop is never blocked.
    """
    from __future__ import annotations
    
    from datetime import datetime
    
>   from textual import work
E   ModuleNotFoundError: No module named 'textual'

src/bantz/interface/tui/panels/system.py:12: ModuleNotFoundError
__________________ TestArchitecture.test_probes_are_threaded ___________________

self = <tests.tui.test_header.TestArchitecture object at 0x7e3352b4a5f0>

    def test_probes_are_threaded(self):
        """All probe methods should be @work(thread=True) decorated."""
>       from bantz.interface.tui.panels.header import OperationsHeader

tests/tui/test_header.py:345: 
_ _ _ _ _ _ _ _ _ _ _ _ _ _ _ _ _ _ _ _ _ _ _ _ _ _ _ _ _ _ _ _ _ _ _ _ _ _ _ _ 
src/bantz/interface/tui/panels/__init__.py:2: in <module>
    from bantz.interface.tui.panels.system import SystemStatus
_ _ _ _ _ _ _ _ _ _ _ _ _ _ _ _ _ _ _ _ _ _ _ _ _ _ _ _ _ _ _ _ _ _ _ _ _ _ _ _ 

    """
    Bantz — System Status Panel (#133)
    
    Real-time hardware telemetry with sparkline history in the TUI right panel.
    All metric collection runs in a background thread via @work(thread=True)
    so the Textual event loop is never blocked.
    """
    from __future__ import annotations
    
    from datetime import datetime
    
>   from textual import work
E   ModuleNotFoundError: No module named 'textual'

src/bantz/interface/tui/panels/system.py:12: ModuleNotFoundError
______________ TestArchitecture.test_aggressive_timeout_in_probes ______________

self = <tests.tui.test_header.TestArchitecture object at 0x7e3352b4a080>

    def test_aggressive_timeout_in_probes(self):
        """Probe source code should contain timeout=3.0."""
        import inspect
>       from bantz.interface.tui.panels.header import OperationsHeader

tests/tui/test_header.py:355: 
_ _ _ _ _ _ _ _ _ _ _ _ _ _ _ _ _ _ _ _ _ _ _ _ _ _ _ _ _ _ _ _ _ _ _ _ _ _ _ _ 
src/bantz/interface/tui/panels/__init__.py:2: in <module>
    from bantz.interface.tui.panels.system import SystemStatus
_ _ _ _ _ _ _ _ _ _ _ _ _ _ _ _ _ _ _ _ _ _ _ _ _ _ _ _ _ _ _ _ _ _ _ _ _ _ _ _ 

    """
    Bantz — System Status Panel (#133)
    
    Real-time hardware telemetry with sparkline history in the TUI right panel.
    All metric collection runs in a background thread via @work(thread=True)
    so the Textual event loop is never blocked.
    """
    from __future__ import annotations
    
    from datetime import datetime
    
>   from textual import work
E   ModuleNotFoundError: No module named 'textual'

src/bantz/interface/tui/panels/system.py:12: ModuleNotFoundError
____ TestMoodTUIIntegration.test_system_status_no_duplicate_mood_indicator _____

self = <tests.tui.test_mood.TestMoodTUIIntegration object at 0x7e3352be27d0>

    def test_system_status_no_duplicate_mood_indicator(self):
        """Mood face lives in OperationsHeader only — SystemStatus must NOT yield #mood-indicator."""
>       from bantz.interface.tui.panels.system import SystemStatus

tests/tui/test_mood.py:442: 
_ _ _ _ _ _ _ _ _ _ _ _ _ _ _ _ _ _ _ _ _ _ _ _ _ _ _ _ _ _ _ _ _ _ _ _ _ _ _ _ 
src/bantz/interface/tui/panels/__init__.py:2: in <module>
    from bantz.interface.tui.panels.system import SystemStatus
_ _ _ _ _ _ _ _ _ _ _ _ _ _ _ _ _ _ _ _ _ _ _ _ _ _ _ _ _ _ _ _ _ _ _ _ _ _ _ _ 

    """
    Bantz — System Status Panel (#133)
    
    Real-time hardware telemetry with sparkline history in the TUI right panel.
    All metric collection runs in a background thread via @work(thread=True)
    so the Textual event loop is never blocked.
    """
    from __future__ import annotations
    
    from datetime import datetime
    
>   from textual import work
E   ModuleNotFoundError: No module named 'textual'

src/bantz/interface/tui/panels/system.py:12: ModuleNotFoundError
______________ TestStreamLifecycle.test_stream_start_resets_state ______________

self = <tests.tui.test_streaming.TestStreamLifecycle object at 0x7e3352be3400>

    def test_stream_start_resets_state(self):
>       cl = _make_chatlog()

tests/tui/test_streaming.py:55: 
_ _ _ _ _ _ _ _ _ _ _ _ _ _ _ _ _ _ _ _ _ _ _ _ _ _ _ _ _ _ _ _ _ _ _ _ _ _ _ _ 
tests/tui/test_streaming.py:33: in _make_chatlog
    from bantz.interface.tui.panels.chat import ChatLog
src/bantz/interface/tui/panels/__init__.py:2: in <module>
    from bantz.interface.tui.panels.system import SystemStatus
_ _ _ _ _ _ _ _ _ _ _ _ _ _ _ _ _ _ _ _ _ _ _ _ _ _ _ _ _ _ _ _ _ _ _ _ _ _ _ _ 

    """
    Bantz — System Status Panel (#133)
    
    Real-time hardware telemetry with sparkline history in the TUI right panel.
    All metric collection runs in a background thread via @work(thread=True)
    so the Textual event loop is never blocked.
    """
    from __future__ import annotations
    
    from datetime import datetime
    
>   from textual import work
E   ModuleNotFoundError: No module named 'textual'

src/bantz/interface/tui/panels/system.py:12: ModuleNotFoundError
____________ TestStreamLifecycle.test_stream_end_returns_full_text _____________

self = <tests.tui.test_streaming.TestStreamLifecycle object at 0x7e3352be35b0>

    def test_stream_end_returns_full_text(self):
>       cl = _make_chatlog()

tests/tui/test_streaming.py:64: 
_ _ _ _ _ _ _ _ _ _ _ _ _ _ _ _ _ _ _ _ _ _ _ _ _ _ _ _ _ _ _ _ _ _ _ _ _ _ _ _ 
tests/tui/test_streaming.py:33: in _make_chatlog
    from bantz.interface.tui.panels.chat import ChatLog
src/bantz/interface/tui/panels/__init__.py:2: in <module>
    from bantz.interface.tui.panels.system import SystemStatus
_ _ _ _ _ _ _ _ _ _ _ _ _ _ _ _ _ _ _ _ _ _ _ _ _ _ _ _ _ _ _ _ _ _ _ _ _ _ _ _ 

    """
    Bantz — System Status Panel (#133)
    
    Real-time hardware telemetry with sparkline history in the TUI right panel.
    All metric collection runs in a background thread via @work(thread=True)
    so the Textual event loop is never blocked.
    """
    from __future__ import annotations
    
    from datetime import datetime
    
>   from textual import work
E   ModuleNotFoundError: No module named 'textual'

src/bantz/interface/tui/panels/system.py:12: ModuleNotFoundError
______________ TestStreamLifecycle.test_stream_end_with_newlines _______________

self = <tests.tui.test_streaming.TestStreamLifecycle object at 0x7e3352be3760>

    def test_stream_end_with_newlines(self):
>       cl = _make_chatlog()

tests/tui/test_streaming.py:75: 
_ _ _ _ _ _ _ _ _ _ _ _ _ _ _ _ _ _ _ _ _ _ _ _ _ _ _ _ _ _ _ _ _ _ _ _ _ _ _ _ 
tests/tui/test_streaming.py:33: in _make_chatlog
    from bantz.interface.tui.panels.chat import ChatLog
src/bantz/interface/tui/panels/__init__.py:2: in <module>
    from bantz.interface.tui.panels.system import SystemStatus
_ _ _ _ _ _ _ _ _ _ _ _ _ _ _ _ _ _ _ _ _ _ _ _ _ _ _ _ _ _ _ _ _ _ _ _ _ _ _ _ 

    """
    Bantz — System Status Panel (#133)
    
    Real-time hardware telemetry with sparkline history in the TUI right panel.
    All metric collection runs in a background thread via @work(thread=True)
    so the Textual event loop is never blocked.
    """
    from __future__ import annotations
    
    from datetime import datetime
    
>   from textual import work
E   ModuleNotFoundError: No module named 'textual'

src/bantz/interface/tui/panels/system.py:12: ModuleNotFoundError
________________ TestDeltaBuffer.test_buffer_holds_only_partial ________________

self = <tests.tui.test_streaming.TestDeltaBuffer object at 0x7e3352be39a0>

    def test_buffer_holds_only_partial(self):
>       cl = _make_chatlog()

tests/tui/test_streaming.py:88: 
_ _ _ _ _ _ _ _ _ _ _ _ _ _ _ _ _ _ _ _ _ _ _ _ _ _ _ _ _ _ _ _ _ _ _ _ _ _ _ _ 
tests/tui/test_streaming.py:33: in _make_chatlog
    from bantz.interface.tui.panels.chat import ChatLog
src/bantz/interface/tui/panels/__init__.py:2: in <module>
    from bantz.interface.tui.panels.system import SystemStatus
_ _ _ _ _ _ _ _ _ _ _ _ _ _ _ _ _ _ _ _ _ _ _ _ _ _ _ _ _ _ _ _ _ _ _ _ _ _ _ _ 

    """
    Bantz — System Status Panel (#133)
    
    Real-time hardware telemetry with sparkline history in the TUI right panel.
    All metric collection runs in a background thread via @work(thread=True)
    so the Textual event loop is never blocked.
    """
    from __future__ import annotations
    
    from datetime import datetime
    
>   from textual import work
E   ModuleNotFoundError: No module named 'textual'

src/bantz/interface/tui/panels/system.py:12: ModuleNotFoundError
___________ TestDeltaBuffer.test_buffer_empty_after_trailing_newline ___________

self = <tests.tui.test_streaming.TestDeltaBuffer object at 0x7e3352be3b50>

    def test_buffer_empty_after_trailing_newline(self):
>       cl = _make_chatlog()

tests/tui/test_streaming.py:95: 
_ _ _ _ _ _ _ _ _ _ _ _ _ _ _ _ _ _ _ _ _ _ _ _ _ _ _ _ _ _ _ _ _ _ _ _ _ _ _ _ 
tests/tui/test_streaming.py:33: in _make_chatlog
    from bantz.interface.tui.panels.chat import ChatLog
src/bantz/interface/tui/panels/__init__.py:2: in <module>
    from bantz.interface.tui.panels.system import SystemStatus
_ _ _ _ _ _ _ _ _ _ _ _ _ _ _ _ _ _ _ _ _ _ _ _ _ _ _ _ _ _ _ _ _ _ _ _ _ _ _ _ 

    """
    Bantz — System Status Panel (#133)
    
    Real-time hardware telemetry with sparkline history in the TUI right panel.
    All metric collection runs in a background thread via @work(thread=True)
    so the Textual event loop is never blocked.
    """
    from __future__ import annotations
    
    from datetime import datetime
    
>   from textual import work
E   ModuleNotFoundError: No module named 'textual'

src/bantz/interface/tui/panels/system.py:12: ModuleNotFoundError
_____________ TestDeltaBuffer.test_buffer_accumulates_within_line ______________

self = <tests.tui.test_streaming.TestDeltaBuffer object at 0x7e3352be3d00>

    def test_buffer_accumulates_within_line(self):
>       cl = _make_chatlog()

tests/tui/test_streaming.py:101: 
_ _ _ _ _ _ _ _ _ _ _ _ _ _ _ _ _ _ _ _ _ _ _ _ _ _ _ _ _ _ _ _ _ _ _ _ _ _ _ _ 
tests/tui/test_streaming.py:33: in _make_chatlog
    from bantz.interface.tui.panels.chat import ChatLog
src/bantz/interface/tui/panels/__init__.py:2: in <module>
    from bantz.interface.tui.panels.system import SystemStatus
_ _ _ _ _ _ _ _ _ _ _ _ _ _ _ _ _ _ _ _ _ _ _ _ _ _ _ _ _ _ _ _ _ _ _ _ _ _ _ _ 

    """
    Bantz — System Status Panel (#133)
    
    Real-time hardware telemetry with sparkline history in the TUI right panel.
    All metric collection runs in a background thread via @work(thread=True)
    so the Textual event loop is never blocked.
    """
    from __future__ import annotations
    
    from datetime import datetime
    
>   from textual import work
E   ModuleNotFoundError: No module named 'textual'

src/bantz/interface/tui/panels/system.py:12: ModuleNotFoundError
____________ TestDeltaBuffer.test_buffer_resets_on_newline_boundary ____________

self = <tests.tui.test_streaming.TestDeltaBuffer object at 0x7e3352be3eb0>

    def test_buffer_resets_on_newline_boundary(self):
>       cl = _make_chatlog()

tests/tui/test_streaming.py:109: 
_ _ _ _ _ _ _ _ _ _ _ _ _ _ _ _ _ _ _ _ _ _ _ _ _ _ _ _ _ _ _ _ _ _ _ _ _ _ _ _ 
tests/tui/test_streaming.py:33: in _make_chatlog
    from bantz.interface.tui.panels.chat import ChatLog
src/bantz/interface/tui/panels/__init__.py:2: in <module>
    from bantz.interface.tui.panels.system import SystemStatus
_ _ _ _ _ _ _ _ _ _ _ _ _ _ _ _ _ _ _ _ _ _ _ _ _ _ _ _ _ _ _ _ _ _ _ _ _ _ _ _ 

    """
    Bantz — System Status Panel (#133)
    
    Real-time hardware telemetry with sparkline history in the TUI right panel.
    All metric collection runs in a background thread via @work(thread=True)
    so the Textual event loop is never blocked.
    """
    from __future__ import annotations
    
    from datetime import datetime
    
>   from textual import work
E   ModuleNotFoundError: No module named 'textual'

src/bantz/interface/tui/panels/system.py:12: ModuleNotFoundError
____________ TestDeltaBuffer.test_multiple_newlines_in_single_token ____________

self = <tests.tui.test_streaming.TestDeltaBuffer object at 0x7e3352a0c0a0>

    def test_multiple_newlines_in_single_token(self):
>       cl = _make_chatlog()

tests/tui/test_streaming.py:118: 
_ _ _ _ _ _ _ _ _ _ _ _ _ _ _ _ _ _ _ _ _ _ _ _ _ _ _ _ _ _ _ _ _ _ _ _ _ _ _ _ 
tests/tui/test_streaming.py:33: in _make_chatlog
    from bantz.interface.tui.panels.chat import ChatLog
src/bantz/interface/tui/panels/__init__.py:2: in <module>
    from bantz.interface.tui.panels.system import SystemStatus
_ _ _ _ _ _ _ _ _ _ _ _ _ _ _ _ _ _ _ _ _ _ _ _ _ _ _ _ _ _ _ _ _ _ _ _ _ _ _ _ 

    """
    Bantz — System Status Panel (#133)
    
    Real-time hardware telemetry with sparkline history in the TUI right panel.
    All metric collection runs in a background thread via @work(thread=True)
    so the Textual event loop is never blocked.
    """
    from __future__ import annotations
    
    from datetime import datetime
    
>   from textual import work
E   ModuleNotFoundError: No module named 'textual'

src/bantz/interface/tui/panels/system.py:12: ModuleNotFoundError
_______________ TestNoDuplicateLines.test_single_line_no_growth ________________

self = <tests.tui.test_streaming.TestNoDuplicateLines object at 0x7e3352a0c310>

    def test_single_line_no_growth(self):
        """Streaming 5 tokens on one line should keep exactly 1 content line."""
>       cl = _make_chatlog()

tests/tui/test_streaming.py:135: 
_ _ _ _ _ _ _ _ _ _ _ _ _ _ _ _ _ _ _ _ _ _ _ _ _ _ _ _ _ _ _ _ _ _ _ _ _ _ _ _ 
tests/tui/test_streaming.py:33: in _make_chatlog
    from bantz.interface.tui.panels.chat import ChatLog
src/bantz/interface/tui/panels/__init__.py:2: in <module>
    from bantz.interface.tui.panels.system import SystemStatus
_ _ _ _ _ _ _ _ _ _ _ _ _ _ _ _ _ _ _ _ _ _ _ _ _ _ _ _ _ _ _ _ _ _ _ _ _ _ _ _ 

    """
    Bantz — System Status Panel (#133)
    
    Real-time hardware telemetry with sparkline history in the TUI right panel.
    All metric collection runs in a background thread via @work(thread=True)
    so the Textual event loop is never blocked.
    """
    from __future__ import annotations
    
    from datetime import datetime
    
>   from textual import work
E   ModuleNotFoundError: No module named 'textual'

src/bantz/interface/tui/panels/system.py:12: ModuleNotFoundError
_______________ TestNoDuplicateLines.test_multiline_exact_count ________________

self = <tests.tui.test_streaming.TestNoDuplicateLines object at 0x7e3352a0c4c0>

    def test_multiline_exact_count(self):
        """'Hello\\nWorld\\n' should produce exactly 2 permanent + 1 partial."""
>       cl = _make_chatlog()

tests/tui/test_streaming.py:149: 
_ _ _ _ _ _ _ _ _ _ _ _ _ _ _ _ _ _ _ _ _ _ _ _ _ _ _ _ _ _ _ _ _ _ _ _ _ _ _ _ 
tests/tui/test_streaming.py:33: in _make_chatlog
    from bantz.interface.tui.panels.chat import ChatLog
src/bantz/interface/tui/panels/__init__.py:2: in <module>
    from bantz.interface.tui.panels.system import SystemStatus
_ _ _ _ _ _ _ _ _ _ _ _ _ _ _ _ _ _ _ _ _ _ _ _ _ _ _ _ _ _ _ _ _ _ _ _ _ _ _ _ 

    """
    Bantz — System Status Panel (#133)
    
    Real-time hardware telemetry with sparkline history in the TUI right panel.
    All metric collection runs in a background thread via @work(thread=True)
    so the Textual event loop is never blocked.
    """
    from __future__ import annotations
    
    from datetime import datetime
    
>   from textual import work
E   ModuleNotFoundError: No module named 'textual'

src/bantz/interface/tui/panels/system.py:12: ModuleNotFoundError
_______________ TestNoDuplicateLines.test_no_exponential_growth ________________

self = <tests.tui.test_streaming.TestNoDuplicateLines object at 0x7e3352a0c670>

    def test_no_exponential_growth(self):
        """Simulate 100 tokens across 10 lines — line count must be O(n_lines)."""
>       cl = _make_chatlog()

tests/tui/test_streaming.py:160: 
_ _ _ _ _ _ _ _ _ _ _ _ _ _ _ _ _ _ _ _ _ _ _ _ _ _ _ _ _ _ _ _ _ _ _ _ _ _ _ _ 
tests/tui/test_streaming.py:33: in _make_chatlog
    from bantz.interface.tui.panels.chat import ChatLog
src/bantz/interface/tui/panels/__init__.py:2: in <module>
    from bantz.interface.tui.panels.system import SystemStatus
_ _ _ _ _ _ _ _ _ _ _ _ _ _ _ _ _ _ _ _ _ _ _ _ _ _ _ _ _ _ _ _ _ _ _ _ _ _ _ _ 

    """
    Bantz — System Status Panel (#133)
    
    Real-time hardware telemetry with sparkline history in the TUI right panel.
    All metric collection runs in a background thread via @work(thread=True)
    so the Textual event loop is never blocked.
    """
    from __future__ import annotations
    
    from datetime import datetime
    
>   from textual import work
E   ModuleNotFoundError: No module named 'textual'

src/bantz/interface/tui/panels/system.py:12: ModuleNotFoundError
_____________________ TestStreamEdgeCases.test_empty_token _____________________

self = <tests.tui.test_streaming.TestStreamEdgeCases object at 0x7e3352a0c8b0>

    def test_empty_token(self):
>       cl = _make_chatlog()

tests/tui/test_streaming.py:182: 
_ _ _ _ _ _ _ _ _ _ _ _ _ _ _ _ _ _ _ _ _ _ _ _ _ _ _ _ _ _ _ _ _ _ _ _ _ _ _ _ 
tests/tui/test_streaming.py:33: in _make_chatlog
    from bantz.interface.tui.panels.chat import ChatLog
src/bantz/interface/tui/panels/__init__.py:2: in <module>
    from bantz.interface.tui.panels.system import SystemStatus
_ _ _ _ _ _ _ _ _ _ _ _ _ _ _ _ _ _ _ _ _ _ _ _ _ _ _ _ _ _ _ _ _ _ _ _ _ _ _ _ 

    """
    Bantz — System Status Panel (#133)
    
    Real-time hardware telemetry with sparkline history in the TUI right panel.
    All metric collection runs in a background thread via @work(thread=True)
    so the Textual event loop is never blocked.
    """
    from __future__ import annotations
    
    from datetime import datetime
    
>   from textual import work
E   ModuleNotFoundError: No module named 'textual'

src/bantz/interface/tui/panels/system.py:12: ModuleNotFoundError
________________ TestStreamEdgeCases.test_consecutive_newlines _________________

self = <tests.tui.test_streaming.TestStreamEdgeCases object at 0x7e3352a0ca60>

    def test_consecutive_newlines(self):
>       cl = _make_chatlog()

tests/tui/test_streaming.py:189: 
_ _ _ _ _ _ _ _ _ _ _ _ _ _ _ _ _ _ _ _ _ _ _ _ _ _ _ _ _ _ _ _ _ _ _ _ _ _ _ _ 
tests/tui/test_streaming.py:33: in _make_chatlog
    from bantz.interface.tui.panels.chat import ChatLog
src/bantz/interface/tui/panels/__init__.py:2: in <module>
    from bantz.interface.tui.panels.system import SystemStatus
_ _ _ _ _ _ _ _ _ _ _ _ _ _ _ _ _ _ _ _ _ _ _ _ _ _ _ _ _ _ _ _ _ _ _ _ _ _ _ _ 

    """
    Bantz — System Status Panel (#133)
    
    Real-time hardware telemetry with sparkline history in the TUI right panel.
    All metric collection runs in a background thread via @work(thread=True)
    so the Textual event loop is never blocked.
    """
    from __future__ import annotations
    
    from datetime import datetime
    
>   from textual import work
E   ModuleNotFoundError: No module named 'textual'

src/bantz/interface/tui/panels/system.py:12: ModuleNotFoundError
_________________ TestStreamEdgeCases.test_only_newline_token __________________

self = <tests.tui.test_streaming.TestStreamEdgeCases object at 0x7e3352a0cc10>

    def test_only_newline_token(self):
>       cl = _make_chatlog()

tests/tui/test_streaming.py:197: 
_ _ _ _ _ _ _ _ _ _ _ _ _ _ _ _ _ _ _ _ _ _ _ _ _ _ _ _ _ _ _ _ _ _ _ _ _ _ _ _ 
tests/tui/test_streaming.py:33: in _make_chatlog
    from bantz.interface.tui.panels.chat import ChatLog
src/bantz/interface/tui/panels/__init__.py:2: in <module>
    from bantz.interface.tui.panels.system import SystemStatus
_ _ _ _ _ _ _ _ _ _ _ _ _ _ _ _ _ _ _ _ _ _ _ _ _ _ _ _ _ _ _ _ _ _ _ _ _ _ _ _ 

    """
    Bantz — System Status Panel (#133)
    
    Real-time hardware telemetry with sparkline history in the TUI right panel.
    All metric collection runs in a background thread via @work(thread=True)
    so the Textual event loop is never blocked.
    """
    from __future__ import annotations
    
    from datetime import datetime
    
>   from textual import work
E   ModuleNotFoundError: No module named 'textual'

src/bantz/interface/tui/panels/system.py:12: ModuleNotFoundError
____________ TestStreamEdgeCases.test_full_text_matches_all_tokens _____________

self = <tests.tui.test_streaming.TestStreamEdgeCases object at 0x7e3352a0cdc0>

    def test_full_text_matches_all_tokens(self):
>       cl = _make_chatlog()

tests/tui/test_streaming.py:205: 
_ _ _ _ _ _ _ _ _ _ _ _ _ _ _ _ _ _ _ _ _ _ _ _ _ _ _ _ _ _ _ _ _ _ _ _ _ _ _ _ 
tests/tui/test_streaming.py:33: in _make_chatlog
    from bantz.interface.tui.panels.chat import ChatLog
src/bantz/interface/tui/panels/__init__.py:2: in <module>
    from bantz.interface.tui.panels.system import SystemStatus
_ _ _ _ _ _ _ _ _ _ _ _ _ _ _ _ _ _ _ _ _ _ _ _ _ _ _ _ _ _ _ _ _ _ _ _ _ _ _ _ 

    """
    Bantz — System Status Panel (#133)
    
    Real-time hardware telemetry with sparkline history in the TUI right panel.
    All metric collection runs in a background thread via @work(thread=True)
    so the Textual event loop is never blocked.
    """
    from __future__ import annotations
    
    from datetime import datetime
    
>   from textual import work
E   ModuleNotFoundError: No module named 'textual'

src/bantz/interface/tui/panels/system.py:12: ModuleNotFoundError
___________ TestSessionIsolation.test_second_session_works_correctly ___________

self = <tests.tui.test_streaming.TestSessionIsolation object at 0x7e3352be3af0>

    def test_second_session_works_correctly(self):
        """After stream_end, a new stream_start must work from clean state."""
>       cl = _make_chatlog()

tests/tui/test_streaming.py:220: 
_ _ _ _ _ _ _ _ _ _ _ _ _ _ _ _ _ _ _ _ _ _ _ _ _ _ _ _ _ _ _ _ _ _ _ _ _ _ _ _ 
tests/tui/test_streaming.py:33: in _make_chatlog
    from bantz.interface.tui.panels.chat import ChatLog
src/bantz/interface/tui/panels/__init__.py:2: in <module>
    from bantz.interface.tui.panels.system import SystemStatus
_ _ _ _ _ _ _ _ _ _ _ _ _ _ _ _ _ _ _ _ _ _ _ _ _ _ _ _ _ _ _ _ _ _ _ _ _ _ _ _ 

    """
    Bantz — System Status Panel (#133)
    
    Real-time hardware telemetry with sparkline history in the TUI right panel.
    All metric collection runs in a background thread via @work(thread=True)
    so the Textual event loop is never blocked.
    """
    from __future__ import annotations
    
    from datetime import datetime
    
>   from textual import work
E   ModuleNotFoundError: No module named 'textual'

src/bantz/interface/tui/panels/system.py:12: ModuleNotFoundError
___________ TestSessionIsolation.test_buffer_clean_between_sessions ____________

self = <tests.tui.test_streaming.TestSessionIsolation object at 0x7e3352be3370>

    def test_buffer_clean_between_sessions(self):
>       cl = _make_chatlog()

tests/tui/test_streaming.py:244: 
_ _ _ _ _ _ _ _ _ _ _ _ _ _ _ _ _ _ _ _ _ _ _ _ _ _ _ _ _ _ _ _ _ _ _ _ _ _ _ _ 
tests/tui/test_streaming.py:33: in _make_chatlog
    from bantz.interface.tui.panels.chat import ChatLog
src/bantz/interface/tui/panels/__init__.py:2: in <module>
    from bantz.interface.tui.panels.system import SystemStatus
_ _ _ _ _ _ _ _ _ _ _ _ _ _ _ _ _ _ _ _ _ _ _ _ _ _ _ _ _ _ _ _ _ _ _ _ _ _ _ _ 

    """
    Bantz — System Status Panel (#133)
    
    Real-time hardware telemetry with sparkline history in the TUI right panel.
    All metric collection runs in a background thread via @work(thread=True)
    so the Textual event loop is never blocked.
    """
    from __future__ import annotations
    
    from datetime import datetime
    
>   from textual import work
E   ModuleNotFoundError: No module named 'textual'

src/bantz/interface/tui/panels/system.py:12: ModuleNotFoundError
____________________ TestNonStreamingMethods.test_add_user _____________________

self = <tests.tui.test_streaming.TestNonStreamingMethods object at 0x7e3352a0cc40>

    def test_add_user(self):
>       cl = _make_chatlog()

tests/tui/test_streaming.py:260: 
_ _ _ _ _ _ _ _ _ _ _ _ _ _ _ _ _ _ _ _ _ _ _ _ _ _ _ _ _ _ _ _ _ _ _ _ _ _ _ _ 
tests/tui/test_streaming.py:33: in _make_chatlog
    from bantz.interface.tui.panels.chat import ChatLog
src/bantz/interface/tui/panels/__init__.py:2: in <module>
    from bantz.interface.tui.panels.system import SystemStatus
_ _ _ _ _ _ _ _ _ _ _ _ _ _ _ _ _ _ _ _ _ _ _ _ _ _ _ _ _ _ _ _ _ _ _ _ _ _ _ _ 

    """
    Bantz — System Status Panel (#133)
    
    Real-time hardware telemetry with sparkline history in the TUI right panel.
    All metric collection runs in a background thread via @work(thread=True)
    so the Textual event loop is never blocked.
    """
    from __future__ import annotations
    
    from datetime import datetime
    
>   from textual import work
E   ModuleNotFoundError: No module named 'textual'

src/bantz/interface/tui/panels/system.py:12: ModuleNotFoundError
______________ TestNonStreamingMethods.test_add_bantz_single_line ______________

self = <tests.tui.test_streaming.TestNonStreamingMethods object at 0x7e3352a0c7c0>

    def test_add_bantz_single_line(self):
>       cl = _make_chatlog()

tests/tui/test_streaming.py:265: 
_ _ _ _ _ _ _ _ _ _ _ _ _ _ _ _ _ _ _ _ _ _ _ _ _ _ _ _ _ _ _ _ _ _ _ _ _ _ _ _ 
tests/tui/test_streaming.py:33: in _make_chatlog
    from bantz.interface.tui.panels.chat import ChatLog
src/bantz/interface/tui/panels/__init__.py:2: in <module>
    from bantz.interface.tui.panels.system import SystemStatus
_ _ _ _ _ _ _ _ _ _ _ _ _ _ _ _ _ _ _ _ _ _ _ _ _ _ _ _ _ _ _ _ _ _ _ _ _ _ _ _ 

    """
    Bantz — System Status Panel (#133)
    
    Real-time hardware telemetry with sparkline history in the TUI right panel.
    All metric collection runs in a background thread via @work(thread=True)
    so the Textual event loop is never blocked.
    """
    from __future__ import annotations
    
    from datetime import datetime
    
>   from textual import work
E   ModuleNotFoundError: No module named 'textual'

src/bantz/interface/tui/panels/system.py:12: ModuleNotFoundError
_______________ TestNonStreamingMethods.test_add_bantz_multiline _______________

self = <tests.tui.test_streaming.TestNonStreamingMethods object at 0x7e3352a0c220>

    def test_add_bantz_multiline(self):
>       cl = _make_chatlog()

tests/tui/test_streaming.py:270: 
_ _ _ _ _ _ _ _ _ _ _ _ _ _ _ _ _ _ _ _ _ _ _ _ _ _ _ _ _ _ _ _ _ _ _ _ _ _ _ _ 
tests/tui/test_streaming.py:33: in _make_chatlog
    from bantz.interface.tui.panels.chat import ChatLog
src/bantz/interface/tui/panels/__init__.py:2: in <module>
    from bantz.interface.tui.panels.system import SystemStatus
_ _ _ _ _ _ _ _ _ _ _ _ _ _ _ _ _ _ _ _ _ _ _ _ _ _ _ _ _ _ _ _ _ _ _ _ _ _ _ _ 

    """
    Bantz — System Status Panel (#133)
    
    Real-time hardware telemetry with sparkline history in the TUI right panel.
    All metric collection runs in a background thread via @work(thread=True)
    so the Textual event loop is never blocked.
    """
    from __future__ import annotations
    
    from datetime import datetime
    
>   from textual import work
E   ModuleNotFoundError: No module named 'textual'

src/bantz/interface/tui/panels/system.py:12: ModuleNotFoundError
___________________ TestNonStreamingMethods.test_add_system ____________________

self = <tests.tui.test_streaming.TestNonStreamingMethods object at 0x7e3352a0d090>

    def test_add_system(self):
>       cl = _make_chatlog()

tests/tui/test_streaming.py:275: 
_ _ _ _ _ _ _ _ _ _ _ _ _ _ _ _ _ _ _ _ _ _ _ _ _ _ _ _ _ _ _ _ _ _ _ _ _ _ _ _ 
tests/tui/test_streaming.py:33: in _make_chatlog
    from bantz.interface.tui.panels.chat import ChatLog
src/bantz/interface/tui/panels/__init__.py:2: in <module>
    from bantz.interface.tui.panels.system import SystemStatus
_ _ _ _ _ _ _ _ _ _ _ _ _ _ _ _ _ _ _ _ _ _ _ _ _ _ _ _ _ _ _ _ _ _ _ _ _ _ _ _ 

    """
    Bantz — System Status Panel (#133)
    
    Real-time hardware telemetry with sparkline history in the TUI right panel.
    All metric collection runs in a background thread via @work(thread=True)
    so the Textual event loop is never blocked.
    """
    from __future__ import annotations
    
    from datetime import datetime
    
>   from textual import work
E   ModuleNotFoundError: No module named 'textual'

src/bantz/interface/tui/panels/system.py:12: ModuleNotFoundError
____________________ TestNonStreamingMethods.test_add_error ____________________

self = <tests.tui.test_streaming.TestNonStreamingMethods object at 0x7e3352a0d240>

    def test_add_error(self):
>       cl = _make_chatlog()

tests/tui/test_streaming.py:280: 
_ _ _ _ _ _ _ _ _ _ _ _ _ _ _ _ _ _ _ _ _ _ _ _ _ _ _ _ _ _ _ _ _ _ _ _ _ _ _ _ 
tests/tui/test_streaming.py:33: in _make_chatlog
    from bantz.interface.tui.panels.chat import ChatLog
src/bantz/interface/tui/panels/__init__.py:2: in <module>
    from bantz.interface.tui.panels.system import SystemStatus
_ _ _ _ _ _ _ _ _ _ _ _ _ _ _ _ _ _ _ _ _ _ _ _ _ _ _ _ _ _ _ _ _ _ _ _ _ _ _ _ 

    """
    Bantz — System Status Panel (#133)
    
    Real-time hardware telemetry with sparkline history in the TUI right panel.
    All metric collection runs in a background thread via @work(thread=True)
    so the Textual event loop is never blocked.
    """
    from __future__ import annotations
    
    from datetime import datetime
    
>   from textual import work
E   ModuleNotFoundError: No module named 'textual'

src/bantz/interface/tui/panels/system.py:12: ModuleNotFoundError
____________________ TestNonStreamingMethods.test_add_tool _____________________

self = <tests.tui.test_streaming.TestNonStreamingMethods object at 0x7e3352a0d3f0>

    def test_add_tool(self):
>       cl = _make_chatlog()

tests/tui/test_streaming.py:285: 
_ _ _ _ _ _ _ _ _ _ _ _ _ _ _ _ _ _ _ _ _ _ _ _ _ _ _ _ _ _ _ _ _ _ _ _ _ _ _ _ 
tests/tui/test_streaming.py:33: in _make_chatlog
    from bantz.interface.tui.panels.chat import ChatLog
src/bantz/interface/tui/panels/__init__.py:2: in <module>
    from bantz.interface.tui.panels.system import SystemStatus
_ _ _ _ _ _ _ _ _ _ _ _ _ _ _ _ _ _ _ _ _ _ _ _ _ _ _ _ _ _ _ _ _ _ _ _ _ _ _ _ 

    """
    Bantz — System Status Panel (#133)
    
    Real-time hardware telemetry with sparkline history in the TUI right panel.
    All metric collection runs in a background thread via @work(thread=True)
    so the Textual event loop is never blocked.
    """
    from __future__ import annotations
    
    from datetime import datetime
    
>   from textual import work
E   ModuleNotFoundError: No module named 'textual'

src/bantz/interface/tui/panels/system.py:12: ModuleNotFoundError
_________ TestStreamingAudit.test_no_full_buffer_split_on_every_token __________

self = <tests.tui.test_streaming.TestStreamingAudit object at 0x7e3352a0d690>

    def test_no_full_buffer_split_on_every_token(self):
        """_streaming_buffer must never grow beyond the current line fragment."""
>       cl = _make_chatlog()

tests/tui/test_streaming.py:297: 
_ _ _ _ _ _ _ _ _ _ _ _ _ _ _ _ _ _ _ _ _ _ _ _ _ _ _ _ _ _ _ _ _ _ _ _ _ _ _ _ 
tests/tui/test_streaming.py:33: in _make_chatlog
    from bantz.interface.tui.panels.chat import ChatLog
src/bantz/interface/tui/panels/__init__.py:2: in <module>
    from bantz.interface.tui.panels.system import SystemStatus
_ _ _ _ _ _ _ _ _ _ _ _ _ _ _ _ _ _ _ _ _ _ _ _ _ _ _ _ _ _ _ _ _ _ _ _ _ _ _ _ 

    """
    Bantz — System Status Panel (#133)
    
    Real-time hardware telemetry with sparkline history in the TUI right panel.
    All metric collection runs in a background thread via @work(thread=True)
    so the Textual event loop is never blocked.
    """
    from __future__ import annotations
    
    from datetime import datetime
    
>   from textual import work
E   ModuleNotFoundError: No module named 'textual'

src/bantz/interface/tui/panels/system.py:12: ModuleNotFoundError
___________ TestStreamingAudit.test_full_text_accumulates_everything ___________

self = <tests.tui.test_streaming.TestStreamingAudit object at 0x7e3352a0d840>

    def test_full_text_accumulates_everything(self):
>       cl = _make_chatlog()

tests/tui/test_streaming.py:307: 
_ _ _ _ _ _ _ _ _ _ _ _ _ _ _ _ _ _ _ _ _ _ _ _ _ _ _ _ _ _ _ _ _ _ _ _ _ _ _ _ 
tests/tui/test_streaming.py:33: in _make_chatlog
    from bantz.interface.tui.panels.chat import ChatLog
src/bantz/interface/tui/panels/__init__.py:2: in <module>
    from bantz.interface.tui.panels.system import SystemStatus
_ _ _ _ _ _ _ _ _ _ _ _ _ _ _ _ _ _ _ _ _ _ _ _ _ _ _ _ _ _ _ _ _ _ _ _ _ _ _ _ 

    """
    Bantz — System Status Panel (#133)
    
    Real-time hardware telemetry with sparkline history in the TUI right panel.
    All metric collection runs in a background thread via @work(thread=True)
    so the Textual event loop is never blocked.
    """
    from __future__ import annotations
    
    from datetime import datetime
    
>   from textual import work
E   ModuleNotFoundError: No module named 'textual'

src/bantz/interface/tui/panels/system.py:12: ModuleNotFoundError
_______________________ TestMetricRow.test_render_green ________________________

self = <tests.tui.test_telemetry.TestMetricRow object at 0x7e3352a3e050>

    def test_render_green(self):
>       from bantz.interface.tui.panels.system import MetricRow

tests/tui/test_telemetry.py:393: 
_ _ _ _ _ _ _ _ _ _ _ _ _ _ _ _ _ _ _ _ _ _ _ _ _ _ _ _ _ _ _ _ _ _ _ _ _ _ _ _ 
src/bantz/interface/tui/panels/__init__.py:2: in <module>
    from bantz.interface.tui.panels.system import SystemStatus
_ _ _ _ _ _ _ _ _ _ _ _ _ _ _ _ _ _ _ _ _ _ _ _ _ _ _ _ _ _ _ _ _ _ _ _ _ _ _ _ 

    """
    Bantz — System Status Panel (#133)
    
    Real-time hardware telemetry with sparkline history in the TUI right panel.
    All metric collection runs in a background thread via @work(thread=True)
    so the Textual event loop is never blocked.
    """
    from __future__ import annotations
    
    from datetime import datetime
    
>   from textual import work
E   ModuleNotFoundError: No module named 'textual'

src/bantz/interface/tui/panels/system.py:12: ModuleNotFoundError
_______________________ TestMetricRow.test_render_yellow _______________________

self = <tests.tui.test_telemetry.TestMetricRow object at 0x7e3352a3e200>

    def test_render_yellow(self):
>       from bantz.interface.tui.panels.system import MetricRow

tests/tui/test_telemetry.py:401: 
_ _ _ _ _ _ _ _ _ _ _ _ _ _ _ _ _ _ _ _ _ _ _ _ _ _ _ _ _ _ _ _ _ _ _ _ _ _ _ _ 
src/bantz/interface/tui/panels/__init__.py:2: in <module>
    from bantz.interface.tui.panels.system import SystemStatus
_ _ _ _ _ _ _ _ _ _ _ _ _ _ _ _ _ _ _ _ _ _ _ _ _ _ _ _ _ _ _ _ _ _ _ _ _ _ _ _ 

    """
    Bantz — System Status Panel (#133)
    
    Real-time hardware telemetry with sparkline history in the TUI right panel.
    All metric collection runs in a background thread via @work(thread=True)
    so the Textual event loop is never blocked.
    """
    from __future__ import annotations
    
    from datetime import datetime
    
>   from textual import work
E   ModuleNotFoundError: No module named 'textual'

src/bantz/interface/tui/panels/system.py:12: ModuleNotFoundError
________________________ TestMetricRow.test_render_red _________________________

self = <tests.tui.test_telemetry.TestMetricRow object at 0x7e3352a3e3b0>

    def test_render_red(self):
>       from bantz.interface.tui.panels.system import MetricRow

tests/tui/test_telemetry.py:408: 
_ _ _ _ _ _ _ _ _ _ _ _ _ _ _ _ _ _ _ _ _ _ _ _ _ _ _ _ _ _ _ _ _ _ _ _ _ _ _ _ 
src/bantz/interface/tui/panels/__init__.py:2: in <module>
    from bantz.interface.tui.panels.system import SystemStatus
_ _ _ _ _ _ _ _ _ _ _ _ _ _ _ _ _ _ _ _ _ _ _ _ _ _ _ _ _ _ _ _ _ _ _ _ _ _ _ _ 

    """
    Bantz — System Status Panel (#133)
    
    Real-time hardware telemetry with sparkline history in the TUI right panel.
    All metric collection runs in a background thread via @work(thread=True)
    so the Textual event loop is never blocked.
    """
    from __future__ import annotations
    
    from datetime import datetime
    
>   from textual import work
E   ModuleNotFoundError: No module named 'textual'

src/bantz/interface/tui/panels/system.py:12: ModuleNotFoundError
_____________________ TestMetricRow.test_render_mbps_unit ______________________

self = <tests.tui.test_telemetry.TestMetricRow object at 0x7e3352a3e560>

    def test_render_mbps_unit(self):
>       from bantz.interface.tui.panels.system import MetricRow

tests/tui/test_telemetry.py:415: 
_ _ _ _ _ _ _ _ _ _ _ _ _ _ _ _ _ _ _ _ _ _ _ _ _ _ _ _ _ _ _ _ _ _ _ _ _ _ _ _ 
src/bantz/interface/tui/panels/__init__.py:2: in <module>
    from bantz.interface.tui.panels.system import SystemStatus
_ _ _ _ _ _ _ _ _ _ _ _ _ _ _ _ _ _ _ _ _ _ _ _ _ _ _ _ _ _ _ _ _ _ _ _ _ _ _ _ 

    """
    Bantz — System Status Panel (#133)
    
    Real-time hardware telemetry with sparkline history in the TUI right panel.
    All metric collection runs in a background thread via @work(thread=True)
    so the Textual event loop is never blocked.
    """
    from __future__ import annotations
    
    from datetime import datetime
    
>   from textual import work
E   ModuleNotFoundError: No module named 'textual'

src/bantz/interface/tui/panels/system.py:12: ModuleNotFoundError
___________________ TestMetricRow.test_clamps_at_100_percent ___________________

self = <tests.tui.test_telemetry.TestMetricRow object at 0x7e3352a3e710>

    def test_clamps_at_100_percent(self):
>       from bantz.interface.tui.panels.system import MetricRow

tests/tui/test_telemetry.py:423: 
_ _ _ _ _ _ _ _ _ _ _ _ _ _ _ _ _ _ _ _ _ _ _ _ _ _ _ _ _ _ _ _ _ _ _ _ _ _ _ _ 
src/bantz/interface/tui/panels/__init__.py:2: in <module>
    from bantz.interface.tui.panels.system import SystemStatus
_ _ _ _ _ _ _ _ _ _ _ _ _ _ _ _ _ _ _ _ _ _ _ _ _ _ _ _ _ _ _ _ _ _ _ _ _ _ _ _ 

    """
    Bantz — System Status Panel (#133)
    
    Real-time hardware telemetry with sparkline history in the TUI right panel.
    All metric collection runs in a background thread via @work(thread=True)
    so the Textual event loop is never blocked.
    """
    from __future__ import annotations
    
    from datetime import datetime
    
>   from textual import work
E   ModuleNotFoundError: No module named 'textual'

src/bantz/interface/tui/panels/system.py:12: ModuleNotFoundError
______________________ TestMetricRow.test_zero_max_value _______________________

self = <tests.tui.test_telemetry.TestMetricRow object at 0x7e3352a3e8c0>

    def test_zero_max_value(self):
>       from bantz.interface.tui.panels.system import MetricRow

tests/tui/test_telemetry.py:431: 
_ _ _ _ _ _ _ _ _ _ _ _ _ _ _ _ _ _ _ _ _ _ _ _ _ _ _ _ _ _ _ _ _ _ _ _ _ _ _ _ 
src/bantz/interface/tui/panels/__init__.py:2: in <module>
    from bantz.interface.tui.panels.system import SystemStatus
_ _ _ _ _ _ _ _ _ _ _ _ _ _ _ _ _ _ _ _ _ _ _ _ _ _ _ _ _ _ _ _ _ _ _ _ _ _ _ _ 

    """
    Bantz — System Status Panel (#133)
    
    Real-time hardware telemetry with sparkline history in the TUI right panel.
    All metric collection runs in a background thread via @work(thread=True)
    so the Textual event loop is never blocked.
    """
    from __future__ import annotations
    
    from datetime import datetime
    
>   from textual import work
E   ModuleNotFoundError: No module named 'textual'

src/bantz/interface/tui/panels/system.py:12: ModuleNotFoundError
_________ TestMetricRowPeakLabel.test_render_shows_peak_when_different _________

self = <tests.tui.test_telemetry.TestMetricRowPeakLabel object at 0x7e3352a3efe0>

    def test_render_shows_peak_when_different(self):
>       from bantz.interface.tui.panels.system import MetricRow

tests/tui/test_telemetry.py:565: 
_ _ _ _ _ _ _ _ _ _ _ _ _ _ _ _ _ _ _ _ _ _ _ _ _ _ _ _ _ _ _ _ _ _ _ _ _ _ _ _ 
src/bantz/interface/tui/panels/__init__.py:2: in <module>
    from bantz.interface.tui.panels.system import SystemStatus
_ _ _ _ _ _ _ _ _ _ _ _ _ _ _ _ _ _ _ _ _ _ _ _ _ _ _ _ _ _ _ _ _ _ _ _ _ _ _ _ 

    """
    Bantz — System Status Panel (#133)
    
    Real-time hardware telemetry with sparkline history in the TUI right panel.
    All metric collection runs in a background thread via @work(thread=True)
    so the Textual event loop is never blocked.
    """
    from __future__ import annotations
    
    from datetime import datetime
    
>   from textual import work
E   ModuleNotFoundError: No module named 'textual'

src/bantz/interface/tui/panels/system.py:12: ModuleNotFoundError
______ TestMetricRowPeakLabel.test_render_hides_peak_when_same_as_current ______

self = <tests.tui.test_telemetry.TestMetricRowPeakLabel object at 0x7e3352a3f190>

    def test_render_hides_peak_when_same_as_current(self):
>       from bantz.interface.tui.panels.system import MetricRow

tests/tui/test_telemetry.py:573: 
_ _ _ _ _ _ _ _ _ _ _ _ _ _ _ _ _ _ _ _ _ _ _ _ _ _ _ _ _ _ _ _ _ _ _ _ _ _ _ _ 
src/bantz/interface/tui/panels/__init__.py:2: in <module>
    from bantz.interface.tui.panels.system import SystemStatus
_ _ _ _ _ _ _ _ _ _ _ _ _ _ _ _ _ _ _ _ _ _ _ _ _ _ _ _ _ _ _ _ _ _ _ _ _ _ _ _ 

    """
    Bantz — System Status Panel (#133)
    
    Real-time hardware telemetry with sparkline history in the TUI right panel.
    All metric collection runs in a background thread via @work(thread=True)
    so the Textual event loop is never blocked.
    """
    from __future__ import annotations
    
    from datetime import datetime
    
>   from textual import work
E   ModuleNotFoundError: No module named 'textual'

src/bantz/interface/tui/panels/system.py:12: ModuleNotFoundError
___________ TestMetricRowPeakLabel.test_render_hides_peak_when_zero ____________

self = <tests.tui.test_telemetry.TestMetricRowPeakLabel object at 0x7e3352a3f340>

    def test_render_hides_peak_when_zero(self):
>       from bantz.interface.tui.panels.system import MetricRow

tests/tui/test_telemetry.py:581: 
_ _ _ _ _ _ _ _ _ _ _ _ _ _ _ _ _ _ _ _ _ _ _ _ _ _ _ _ _ _ _ _ _ _ _ _ _ _ _ _ 
src/bantz/interface/tui/panels/__init__.py:2: in <module>
    from bantz.interface.tui.panels.system import SystemStatus
_ _ _ _ _ _ _ _ _ _ _ _ _ _ _ _ _ _ _ _ _ _ _ _ _ _ _ _ _ _ _ _ _ _ _ _ _ _ _ _ 

    """
    Bantz — System Status Panel (#133)
    
    Real-time hardware telemetry with sparkline history in the TUI right panel.
    All metric collection runs in a background thread via @work(thread=True)
    so the Textual event loop is never blocked.
    """
    from __future__ import annotations
    
    from datetime import datetime
    
>   from textual import work
E   ModuleNotFoundError: No module named 'textual'

src/bantz/interface/tui/panels/system.py:12: ModuleNotFoundError
______________ TestMetricRowPeakLabel.test_render_peak_mbps_unit _______________

self = <tests.tui.test_telemetry.TestMetricRowPeakLabel object at 0x7e3352a3f4f0>

    def test_render_peak_mbps_unit(self):
>       from bantz.interface.tui.panels.system import MetricRow

tests/tui/test_telemetry.py:589: 
_ _ _ _ _ _ _ _ _ _ _ _ _ _ _ _ _ _ _ _ _ _ _ _ _ _ _ _ _ _ _ _ _ _ _ _ _ _ _ _ 
src/bantz/interface/tui/panels/__init__.py:2: in <module>
    from bantz.interface.tui.panels.system import SystemStatus
_ _ _ _ _ _ _ _ _ _ _ _ _ _ _ _ _ _ _ _ _ _ _ _ _ _ _ _ _ _ _ _ _ _ _ _ _ _ _ _ 

    """
    Bantz — System Status Panel (#133)
    
    Real-time hardware telemetry with sparkline history in the TUI right panel.
    All metric collection runs in a background thread via @work(thread=True)
    so the Textual event loop is never blocked.
    """
    from __future__ import annotations
    
    from datetime import datetime
    
>   from textual import work
E   ModuleNotFoundError: No module named 'textual'

src/bantz/interface/tui/panels/system.py:12: ModuleNotFoundError
______________ TestMetricRowPeakLabel.test_update_data_sets_peak _______________

self = <tests.tui.test_telemetry.TestMetricRowPeakLabel object at 0x7e3352a3f6a0>

    def test_update_data_sets_peak(self):
>       from bantz.interface.tui.panels.system import MetricRow

tests/tui/test_telemetry.py:597: 
_ _ _ _ _ _ _ _ _ _ _ _ _ _ _ _ _ _ _ _ _ _ _ _ _ _ _ _ _ _ _ _ _ _ _ _ _ _ _ _ 
src/bantz/interface/tui/panels/__init__.py:2: in <module>
    from bantz.interface.tui.panels.system import SystemStatus
_ _ _ _ _ _ _ _ _ _ _ _ _ _ _ _ _ _ _ _ _ _ _ _ _ _ _ _ _ _ _ _ _ _ _ _ _ _ _ _ 

    """
    Bantz — System Status Panel (#133)
    
    Real-time hardware telemetry with sparkline history in the TUI right panel.
    All metric collection runs in a background thread via @work(thread=True)
    so the Textual event loop is never blocked.
    """
    from __future__ import annotations
    
    from datetime import datetime
    
>   from textual import work
E   ModuleNotFoundError: No module named 'textual'

src/bantz/interface/tui/panels/system.py:12: ModuleNotFoundError
_____________ TestSidebarToggle.test_toggle_sidebar_binding_exists _____________

self = <tests.tui.test_telemetry.TestSidebarToggle object at 0x7e3352a3f940>

    def test_toggle_sidebar_binding_exists(self):
        """Verify Ctrl+S binding is registered in BantzApp."""
>       from bantz.interface.tui.app import BantzApp

tests/tui/test_telemetry.py:611: 
_ _ _ _ _ _ _ _ _ _ _ _ _ _ _ _ _ _ _ _ _ _ _ _ _ _ _ _ _ _ _ _ _ _ _ _ _ _ _ _ 

    """
    Bantz v3 — Textual TUI Application
    
    Entry point for the terminal user interface.
    Left panel: chat.  Right panel: system status + clock.
    """
    from __future__ import annotations
    
    import asyncio
    import logging
    from pathlib import Path
    
>   from textual.app import App, ComposeResult
E   ModuleNotFoundError: No module named 'textual'

src/bantz/interface/tui/app.py:13: ModuleNotFoundError
_____________ TestSidebarToggle.test_toggle_sidebar_action_defined _____________

self = <tests.tui.test_telemetry.TestSidebarToggle object at 0x7e3352a3faf0>

    def test_toggle_sidebar_action_defined(self):
        """Verify action_toggle_sidebar method exists."""
>       from bantz.interface.tui.app import BantzApp

tests/tui/test_telemetry.py:618: 
_ _ _ _ _ _ _ _ _ _ _ _ _ _ _ _ _ _ _ _ _ _ _ _ _ _ _ _ _ _ _ _ _ _ _ _ _ _ _ _ 

    """
    Bantz v3 — Textual TUI Application
    
    Entry point for the terminal user interface.
    Left panel: chat.  Right panel: system status + clock.
    """
    from __future__ import annotations
    
    import asyncio
    import logging
    from pathlib import Path
    
>   from textual.app import App, ComposeResult
E   ModuleNotFoundError: No module named 'textual'

src/bantz/interface/tui/app.py:13: ModuleNotFoundError
_________________________ TestToastType.test_all_types _________________________

self = <tests.tui.test_toast.TestToastType object at 0x7e3352a5d2a0>

    def test_all_types(self):
>       from bantz.interface.tui.widgets.toast import ToastType

tests/tui/test_toast.py:32: 
_ _ _ _ _ _ _ _ _ _ _ _ _ _ _ _ _ _ _ _ _ _ _ _ _ _ _ _ _ _ _ _ _ _ _ _ _ _ _ _ 

    """
    Bantz — Non-blocking toast notifications (#137).
    
    Custom toast widget system integrated with InterventionQueue for
    proactive alerts.  Toasts never steal focus from chat input.
    
    Architecture:
        InterventionQueue ──→ ToastContainer ──→ ToastWidget (×3 max)
                                   │                    │
                             dismiss_top()         auto-dismiss
                             accept_top()          (TTL-based)
                                   │
                        ToastAccepted / ToastDismissed / ToastExpired
                                   │
                            RL feedback (reward/penalty)
    
    Toast types:
        INFO     cyan    5 s auto-dismiss    system notifications
        SUCCESS  green   3 s auto-dismiss    completion notices
        WARNING  amber  10 s auto-dismiss    maintenance alerts
        ERROR    red     ∞  manual dismiss   critical errors
        ACTION   blue    ∞  accept/dismiss   RL suggestions, reminders
    """
    from __future__ import annotations
    
    import logging
    import time
    from dataclasses import dataclass, field
    from enum import Enum
    from typing import Any, Optional
    
>   from textual.app import ComposeResult
E   ModuleNotFoundError: No module named 'textual'

src/bantz/interface/tui/widgets/toast.py:32: ModuleNotFoundError
_______________________ TestToastType.test_unique_values _______________________

self = <tests.tui.test_toast.TestToastType object at 0x7e3352a5d450>

    def test_unique_values(self):
>       from bantz.interface.tui.widgets.toast import ToastType

tests/tui/test_toast.py:40: 
_ _ _ _ _ _ _ _ _ _ _ _ _ _ _ _ _ _ _ _ _ _ _ _ _ _ _ _ _ _ _ _ _ _ _ _ _ _ _ _ 

    """
    Bantz — Non-blocking toast notifications (#137).
    
    Custom toast widget system integrated with InterventionQueue for
    proactive alerts.  Toasts never steal focus from chat input.
    
    Architecture:
        InterventionQueue ──→ ToastContainer ──→ ToastWidget (×3 max)
                                   │                    │
                             dismiss_top()         auto-dismiss
                             accept_top()          (TTL-based)
                                   │
                        ToastAccepted / ToastDismissed / ToastExpired
                                   │
                            RL feedback (reward/penalty)
    
    Toast types:
        INFO     cyan    5 s auto-dismiss    system notifications
        SUCCESS  green   3 s auto-dismiss    completion notices
        WARNING  amber  10 s auto-dismiss    maintenance alerts
        ERROR    red     ∞  manual dismiss   critical errors
        ACTION   blue    ∞  accept/dismiss   RL suggestions, reminders
    """
    from __future__ import annotations
    
    import logging
    import time
    from dataclasses import dataclass, field
    from enum import Enum
    from typing import Any, Optional
    
>   from textual.app import ComposeResult
E   ModuleNotFoundError: No module named 'textual'

src/bantz/interface/tui/widgets/toast.py:32: ModuleNotFoundError
________________________ TestToastType.test_five_types _________________________

self = <tests.tui.test_toast.TestToastType object at 0x7e3352a5d600>

    def test_five_types(self):
>       from bantz.interface.tui.widgets.toast import ToastType

tests/tui/test_toast.py:45: 
_ _ _ _ _ _ _ _ _ _ _ _ _ _ _ _ _ _ _ _ _ _ _ _ _ _ _ _ _ _ _ _ _ _ _ _ _ _ _ _ 

    """
    Bantz — Non-blocking toast notifications (#137).
    
    Custom toast widget system integrated with InterventionQueue for
    proactive alerts.  Toasts never steal focus from chat input.
    
    Architecture:
        InterventionQueue ──→ ToastContainer ──→ ToastWidget (×3 max)
                                   │                    │
                             dismiss_top()         auto-dismiss
                             accept_top()          (TTL-based)
                                   │
                        ToastAccepted / ToastDismissed / ToastExpired
                                   │
                            RL feedback (reward/penalty)
    
    Toast types:
        INFO     cyan    5 s auto-dismiss    system notifications
        SUCCESS  green   3 s auto-dismiss    completion notices
        WARNING  amber  10 s auto-dismiss    maintenance alerts
        ERROR    red     ∞  manual dismiss   critical errors
        ACTION   blue    ∞  accept/dismiss   RL suggestions, reminders
    """
    from __future__ import annotations
    
    import logging
    import time
    from dataclasses import dataclass, field
    from enum import Enum
    from typing import Any, Optional
    
>   from textual.app import ComposeResult
E   ModuleNotFoundError: No module named 'textual'

src/bantz/interface/tui/widgets/toast.py:32: ModuleNotFoundError
_________________ TestToastAutoDismiss.test_all_types_present __________________

self = <tests.tui.test_toast.TestToastAutoDismiss object at 0x7e3352a5d840>

    def test_all_types_present(self):
>       from bantz.interface.tui.widgets.toast import ToastType, TOAST_AUTO_DISMISS

tests/tui/test_toast.py:51: 
_ _ _ _ _ _ _ _ _ _ _ _ _ _ _ _ _ _ _ _ _ _ _ _ _ _ _ _ _ _ _ _ _ _ _ _ _ _ _ _ 

    """
    Bantz — Non-blocking toast notifications (#137).
    
    Custom toast widget system integrated with InterventionQueue for
    proactive alerts.  Toasts never steal focus from chat input.
    
    Architecture:
        InterventionQueue ──→ ToastContainer ──→ ToastWidget (×3 max)
                                   │                    │
                             dismiss_top()         auto-dismiss
                             accept_top()          (TTL-based)
                                   │
                        ToastAccepted / ToastDismissed / ToastExpired
                                   │
                            RL feedback (reward/penalty)
    
    Toast types:
        INFO     cyan    5 s auto-dismiss    system notifications
        SUCCESS  green   3 s auto-dismiss    completion notices
        WARNING  amber  10 s auto-dismiss    maintenance alerts
        ERROR    red     ∞  manual dismiss   critical errors
        ACTION   blue    ∞  accept/dismiss   RL suggestions, reminders
    """
    from __future__ import annotations
    
    import logging
    import time
    from dataclasses import dataclass, field
    from enum import Enum
    from typing import Any, Optional
    
>   from textual.app import ComposeResult
E   ModuleNotFoundError: No module named 'textual'

src/bantz/interface/tui/widgets/toast.py:32: ModuleNotFoundError
______________________ TestToastAutoDismiss.test_info_5s _______________________

self = <tests.tui.test_toast.TestToastAutoDismiss object at 0x7e3352a5d9f0>

    def test_info_5s(self):
>       from bantz.interface.tui.widgets.toast import ToastType, TOAST_AUTO_DISMISS

tests/tui/test_toast.py:56: 
_ _ _ _ _ _ _ _ _ _ _ _ _ _ _ _ _ _ _ _ _ _ _ _ _ _ _ _ _ _ _ _ _ _ _ _ _ _ _ _ 

    """
    Bantz — Non-blocking toast notifications (#137).
    
    Custom toast widget system integrated with InterventionQueue for
    proactive alerts.  Toasts never steal focus from chat input.
    
    Architecture:
        InterventionQueue ──→ ToastContainer ──→ ToastWidget (×3 max)
                                   │                    │
                             dismiss_top()         auto-dismiss
                             accept_top()          (TTL-based)
                                   │
                        ToastAccepted / ToastDismissed / ToastExpired
                                   │
                            RL feedback (reward/penalty)
    
    Toast types:
        INFO     cyan    5 s auto-dismiss    system notifications
        SUCCESS  green   3 s auto-dismiss    completion notices
        WARNING  amber  10 s auto-dismiss    maintenance alerts
        ERROR    red     ∞  manual dismiss   critical errors
        ACTION   blue    ∞  accept/dismiss   RL suggestions, reminders
    """
    from __future__ import annotations
    
    import logging
    import time
    from dataclasses import dataclass, field
    from enum import Enum
    from typing import Any, Optional
    
>   from textual.app import ComposeResult
E   ModuleNotFoundError: No module named 'textual'

src/bantz/interface/tui/widgets/toast.py:32: ModuleNotFoundError
_____________________ TestToastAutoDismiss.test_success_3s _____________________

self = <tests.tui.test_toast.TestToastAutoDismiss object at 0x7e3352a5dba0>

    def test_success_3s(self):
>       from bantz.interface.tui.widgets.toast import ToastType, TOAST_AUTO_DISMISS

tests/tui/test_toast.py:60: 
_ _ _ _ _ _ _ _ _ _ _ _ _ _ _ _ _ _ _ _ _ _ _ _ _ _ _ _ _ _ _ _ _ _ _ _ _ _ _ _ 

    """
    Bantz — Non-blocking toast notifications (#137).
    
    Custom toast widget system integrated with InterventionQueue for
    proactive alerts.  Toasts never steal focus from chat input.
    
    Architecture:
        InterventionQueue ──→ ToastContainer ──→ ToastWidget (×3 max)
                                   │                    │
                             dismiss_top()         auto-dismiss
                             accept_top()          (TTL-based)
                                   │
                        ToastAccepted / ToastDismissed / ToastExpired
                                   │
                            RL feedback (reward/penalty)
    
    Toast types:
        INFO     cyan    5 s auto-dismiss    system notifications
        SUCCESS  green   3 s auto-dismiss    completion notices
        WARNING  amber  10 s auto-dismiss    maintenance alerts
        ERROR    red     ∞  manual dismiss   critical errors
        ACTION   blue    ∞  accept/dismiss   RL suggestions, reminders
    """
    from __future__ import annotations
    
    import logging
    import time
    from dataclasses import dataclass, field
    from enum import Enum
    from typing import Any, Optional
    
>   from textual.app import ComposeResult
E   ModuleNotFoundError: No module named 'textual'

src/bantz/interface/tui/widgets/toast.py:32: ModuleNotFoundError
____________________ TestToastAutoDismiss.test_warning_10s _____________________

self = <tests.tui.test_toast.TestToastAutoDismiss object at 0x7e3352a5dd50>

    def test_warning_10s(self):
>       from bantz.interface.tui.widgets.toast import ToastType, TOAST_AUTO_DISMISS

tests/tui/test_toast.py:64: 
_ _ _ _ _ _ _ _ _ _ _ _ _ _ _ _ _ _ _ _ _ _ _ _ _ _ _ _ _ _ _ _ _ _ _ _ _ _ _ _ 

    """
    Bantz — Non-blocking toast notifications (#137).
    
    Custom toast widget system integrated with InterventionQueue for
    proactive alerts.  Toasts never steal focus from chat input.
    
    Architecture:
        InterventionQueue ──→ ToastContainer ──→ ToastWidget (×3 max)
                                   │                    │
                             dismiss_top()         auto-dismiss
                             accept_top()          (TTL-based)
                                   │
                        ToastAccepted / ToastDismissed / ToastExpired
                                   │
                            RL feedback (reward/penalty)
    
    Toast types:
        INFO     cyan    5 s auto-dismiss    system notifications
        SUCCESS  green   3 s auto-dismiss    completion notices
        WARNING  amber  10 s auto-dismiss    maintenance alerts
        ERROR    red     ∞  manual dismiss   critical errors
        ACTION   blue    ∞  accept/dismiss   RL suggestions, reminders
    """
    from __future__ import annotations
    
    import logging
    import time
    from dataclasses import dataclass, field
    from enum import Enum
    from typing import Any, Optional
    
>   from textual.app import ComposeResult
E   ModuleNotFoundError: No module named 'textual'

src/bantz/interface/tui/widgets/toast.py:32: ModuleNotFoundError
___________________ TestToastAutoDismiss.test_error_no_auto ____________________

self = <tests.tui.test_toast.TestToastAutoDismiss object at 0x7e3352a5df00>

    def test_error_no_auto(self):
>       from bantz.interface.tui.widgets.toast import ToastType, TOAST_AUTO_DISMISS

tests/tui/test_toast.py:68: 
_ _ _ _ _ _ _ _ _ _ _ _ _ _ _ _ _ _ _ _ _ _ _ _ _ _ _ _ _ _ _ _ _ _ _ _ _ _ _ _ 

    """
    Bantz — Non-blocking toast notifications (#137).
    
    Custom toast widget system integrated with InterventionQueue for
    proactive alerts.  Toasts never steal focus from chat input.
    
    Architecture:
        InterventionQueue ──→ ToastContainer ──→ ToastWidget (×3 max)
                                   │                    │
                             dismiss_top()         auto-dismiss
                             accept_top()          (TTL-based)
                                   │
                        ToastAccepted / ToastDismissed / ToastExpired
                                   │
                            RL feedback (reward/penalty)
    
    Toast types:
        INFO     cyan    5 s auto-dismiss    system notifications
        SUCCESS  green   3 s auto-dismiss    completion notices
        WARNING  amber  10 s auto-dismiss    maintenance alerts
        ERROR    red     ∞  manual dismiss   critical errors
        ACTION   blue    ∞  accept/dismiss   RL suggestions, reminders
    """
    from __future__ import annotations
    
    import logging
    import time
    from dataclasses import dataclass, field
    from enum import Enum
    from typing import Any, Optional
    
>   from textual.app import ComposeResult
E   ModuleNotFoundError: No module named 'textual'

src/bantz/interface/tui/widgets/toast.py:32: ModuleNotFoundError
___________________ TestToastAutoDismiss.test_action_no_auto ___________________

self = <tests.tui.test_toast.TestToastAutoDismiss object at 0x7e3352a5e0b0>

    def test_action_no_auto(self):
>       from bantz.interface.tui.widgets.toast import ToastType, TOAST_AUTO_DISMISS

tests/tui/test_toast.py:72: 
_ _ _ _ _ _ _ _ _ _ _ _ _ _ _ _ _ _ _ _ _ _ _ _ _ _ _ _ _ _ _ _ _ _ _ _ _ _ _ _ 

    """
    Bantz — Non-blocking toast notifications (#137).
    
    Custom toast widget system integrated with InterventionQueue for
    proactive alerts.  Toasts never steal focus from chat input.
    
    Architecture:
        InterventionQueue ──→ ToastContainer ──→ ToastWidget (×3 max)
                                   │                    │
                             dismiss_top()         auto-dismiss
                             accept_top()          (TTL-based)
                                   │
                        ToastAccepted / ToastDismissed / ToastExpired
                                   │
                            RL feedback (reward/penalty)
    
    Toast types:
        INFO     cyan    5 s auto-dismiss    system notifications
        SUCCESS  green   3 s auto-dismiss    completion notices
        WARNING  amber  10 s auto-dismiss    maintenance alerts
        ERROR    red     ∞  manual dismiss   critical errors
        ACTION   blue    ∞  accept/dismiss   RL suggestions, reminders
    """
    from __future__ import annotations
    
    import logging
    import time
    from dataclasses import dataclass, field
    from enum import Enum
    from typing import Any, Optional
    
>   from textual.app import ComposeResult
E   ModuleNotFoundError: No module named 'textual'

src/bantz/interface/tui/widgets/toast.py:32: ModuleNotFoundError
___________________ TestToastIcons.test_all_types_have_icons ___________________

self = <tests.tui.test_toast.TestToastIcons object at 0x7e3352a5dea0>

    def test_all_types_have_icons(self):
>       from bantz.interface.tui.widgets.toast import ToastType, TOAST_ICONS

tests/tui/test_toast.py:78: 
_ _ _ _ _ _ _ _ _ _ _ _ _ _ _ _ _ _ _ _ _ _ _ _ _ _ _ _ _ _ _ _ _ _ _ _ _ _ _ _ 

    """
    Bantz — Non-blocking toast notifications (#137).
    
    Custom toast widget system integrated with InterventionQueue for
    proactive alerts.  Toasts never steal focus from chat input.
    
    Architecture:
        InterventionQueue ──→ ToastContainer ──→ ToastWidget (×3 max)
                                   │                    │
                             dismiss_top()         auto-dismiss
                             accept_top()          (TTL-based)
                                   │
                        ToastAccepted / ToastDismissed / ToastExpired
                                   │
                            RL feedback (reward/penalty)
    
    Toast types:
        INFO     cyan    5 s auto-dismiss    system notifications
        SUCCESS  green   3 s auto-dismiss    completion notices
        WARNING  amber  10 s auto-dismiss    maintenance alerts
        ERROR    red     ∞  manual dismiss   critical errors
        ACTION   blue    ∞  accept/dismiss   RL suggestions, reminders
    """
    from __future__ import annotations
    
    import logging
    import time
    from dataclasses import dataclass, field
    from enum import Enum
    from typing import Any, Optional
    
>   from textual.app import ComposeResult
E   ModuleNotFoundError: No module named 'textual'

src/bantz/interface/tui/widgets/toast.py:32: ModuleNotFoundError
________________________ TestToastIcons.test_info_icon _________________________

self = <tests.tui.test_toast.TestToastIcons object at 0x7e3352a5d990>

    def test_info_icon(self):
>       from bantz.interface.tui.widgets.toast import ToastType, TOAST_ICONS

tests/tui/test_toast.py:85: 
_ _ _ _ _ _ _ _ _ _ _ _ _ _ _ _ _ _ _ _ _ _ _ _ _ _ _ _ _ _ _ _ _ _ _ _ _ _ _ _ 

    """
    Bantz — Non-blocking toast notifications (#137).
    
    Custom toast widget system integrated with InterventionQueue for
    proactive alerts.  Toasts never steal focus from chat input.
    
    Architecture:
        InterventionQueue ──→ ToastContainer ──→ ToastWidget (×3 max)
                                   │                    │
                             dismiss_top()         auto-dismiss
                             accept_top()          (TTL-based)
                                   │
                        ToastAccepted / ToastDismissed / ToastExpired
                                   │
                            RL feedback (reward/penalty)
    
    Toast types:
        INFO     cyan    5 s auto-dismiss    system notifications
        SUCCESS  green   3 s auto-dismiss    completion notices
        WARNING  amber  10 s auto-dismiss    maintenance alerts
        ERROR    red     ∞  manual dismiss   critical errors
        ACTION   blue    ∞  accept/dismiss   RL suggestions, reminders
    """
    from __future__ import annotations
    
    import logging
    import time
    from dataclasses import dataclass, field
    from enum import Enum
    from typing import Any, Optional
    
>   from textual.app import ComposeResult
E   ModuleNotFoundError: No module named 'textual'

src/bantz/interface/tui/widgets/toast.py:32: ModuleNotFoundError
_______________________ TestToastIcons.test_success_icon _______________________

self = <tests.tui.test_toast.TestToastIcons object at 0x7e3352a5d3f0>

    def test_success_icon(self):
>       from bantz.interface.tui.widgets.toast import ToastType, TOAST_ICONS

tests/tui/test_toast.py:89: 
_ _ _ _ _ _ _ _ _ _ _ _ _ _ _ _ _ _ _ _ _ _ _ _ _ _ _ _ _ _ _ _ _ _ _ _ _ _ _ _ 

    """
    Bantz — Non-blocking toast notifications (#137).
    
    Custom toast widget system integrated with InterventionQueue for
    proactive alerts.  Toasts never steal focus from chat input.
    
    Architecture:
        InterventionQueue ──→ ToastContainer ──→ ToastWidget (×3 max)
                                   │                    │
                             dismiss_top()         auto-dismiss
                             accept_top()          (TTL-based)
                                   │
                        ToastAccepted / ToastDismissed / ToastExpired
                                   │
                            RL feedback (reward/penalty)
    
    Toast types:
        INFO     cyan    5 s auto-dismiss    system notifications
        SUCCESS  green   3 s auto-dismiss    completion notices
        WARNING  amber  10 s auto-dismiss    maintenance alerts
        ERROR    red     ∞  manual dismiss   critical errors
        ACTION   blue    ∞  accept/dismiss   RL suggestions, reminders
    """
    from __future__ import annotations
    
    import logging
    import time
    from dataclasses import dataclass, field
    from enum import Enum
    from typing import Any, Optional
    
>   from textual.app import ComposeResult
E   ModuleNotFoundError: No module named 'textual'

src/bantz/interface/tui/widgets/toast.py:32: ModuleNotFoundError
_______________________ TestToastIcons.test_warning_icon _______________________

self = <tests.tui.test_toast.TestToastIcons object at 0x7e3352a5e320>

    def test_warning_icon(self):
>       from bantz.interface.tui.widgets.toast import ToastType, TOAST_ICONS

tests/tui/test_toast.py:93: 
_ _ _ _ _ _ _ _ _ _ _ _ _ _ _ _ _ _ _ _ _ _ _ _ _ _ _ _ _ _ _ _ _ _ _ _ _ _ _ _ 

    """
    Bantz — Non-blocking toast notifications (#137).
    
    Custom toast widget system integrated with InterventionQueue for
    proactive alerts.  Toasts never steal focus from chat input.
    
    Architecture:
        InterventionQueue ──→ ToastContainer ──→ ToastWidget (×3 max)
                                   │                    │
                             dismiss_top()         auto-dismiss
                             accept_top()          (TTL-based)
                                   │
                        ToastAccepted / ToastDismissed / ToastExpired
                                   │
                            RL feedback (reward/penalty)
    
    Toast types:
        INFO     cyan    5 s auto-dismiss    system notifications
        SUCCESS  green   3 s auto-dismiss    completion notices
        WARNING  amber  10 s auto-dismiss    maintenance alerts
        ERROR    red     ∞  manual dismiss   critical errors
        ACTION   blue    ∞  accept/dismiss   RL suggestions, reminders
    """
    from __future__ import annotations
    
    import logging
    import time
    from dataclasses import dataclass, field
    from enum import Enum
    from typing import Any, Optional
    
>   from textual.app import ComposeResult
E   ModuleNotFoundError: No module named 'textual'

src/bantz/interface/tui/widgets/toast.py:32: ModuleNotFoundError
________________________ TestToastIcons.test_error_icon ________________________

self = <tests.tui.test_toast.TestToastIcons object at 0x7e3352a5e4d0>

    def test_error_icon(self):
>       from bantz.interface.tui.widgets.toast import ToastType, TOAST_ICONS

tests/tui/test_toast.py:97: 
_ _ _ _ _ _ _ _ _ _ _ _ _ _ _ _ _ _ _ _ _ _ _ _ _ _ _ _ _ _ _ _ _ _ _ _ _ _ _ _ 

    """
    Bantz — Non-blocking toast notifications (#137).
    
    Custom toast widget system integrated with InterventionQueue for
    proactive alerts.  Toasts never steal focus from chat input.
    
    Architecture:
        InterventionQueue ──→ ToastContainer ──→ ToastWidget (×3 max)
                                   │                    │
                             dismiss_top()         auto-dismiss
                             accept_top()          (TTL-based)
                                   │
                        ToastAccepted / ToastDismissed / ToastExpired
                                   │
                            RL feedback (reward/penalty)
    
    Toast types:
        INFO     cyan    5 s auto-dismiss    system notifications
        SUCCESS  green   3 s auto-dismiss    completion notices
        WARNING  amber  10 s auto-dismiss    maintenance alerts
        ERROR    red     ∞  manual dismiss   critical errors
        ACTION   blue    ∞  accept/dismiss   RL suggestions, reminders
    """
    from __future__ import annotations
    
    import logging
    import time
    from dataclasses import dataclass, field
    from enum import Enum
    from typing import Any, Optional
    
>   from textual.app import ComposeResult
E   ModuleNotFoundError: No module named 'textual'

src/bantz/interface/tui/widgets/toast.py:32: ModuleNotFoundError
_______________________ TestToastIcons.test_action_icon ________________________

self = <tests.tui.test_toast.TestToastIcons object at 0x7e3352a5e680>

    def test_action_icon(self):
>       from bantz.interface.tui.widgets.toast import ToastType, TOAST_ICONS

tests/tui/test_toast.py:101: 
_ _ _ _ _ _ _ _ _ _ _ _ _ _ _ _ _ _ _ _ _ _ _ _ _ _ _ _ _ _ _ _ _ _ _ _ _ _ _ _ 

    """
    Bantz — Non-blocking toast notifications (#137).
    
    Custom toast widget system integrated with InterventionQueue for
    proactive alerts.  Toasts never steal focus from chat input.
    
    Architecture:
        InterventionQueue ──→ ToastContainer ──→ ToastWidget (×3 max)
                                   │                    │
                             dismiss_top()         auto-dismiss
                             accept_top()          (TTL-based)
                                   │
                        ToastAccepted / ToastDismissed / ToastExpired
                                   │
                            RL feedback (reward/penalty)
    
    Toast types:
        INFO     cyan    5 s auto-dismiss    system notifications
        SUCCESS  green   3 s auto-dismiss    completion notices
        WARNING  amber  10 s auto-dismiss    maintenance alerts
        ERROR    red     ∞  manual dismiss   critical errors
        ACTION   blue    ∞  accept/dismiss   RL suggestions, reminders
    """
    from __future__ import annotations
    
    import logging
    import time
    from dataclasses import dataclass, field
    from enum import Enum
    from typing import Any, Optional
    
>   from textual.app import ComposeResult
E   ModuleNotFoundError: No module named 'textual'

src/bantz/interface/tui/widgets/toast.py:32: ModuleNotFoundError
_________________________ TestToastData.test_creation __________________________

self = <tests.tui.test_toast.TestToastData object at 0x7e3352a5e8f0>

    def test_creation(self):
>       from bantz.interface.tui.widgets.toast import ToastData

tests/tui/test_toast.py:111: 
_ _ _ _ _ _ _ _ _ _ _ _ _ _ _ _ _ _ _ _ _ _ _ _ _ _ _ _ _ _ _ _ _ _ _ _ _ _ _ _ 

    """
    Bantz — Non-blocking toast notifications (#137).
    
    Custom toast widget system integrated with InterventionQueue for
    proactive alerts.  Toasts never steal focus from chat input.
    
    Architecture:
        InterventionQueue ──→ ToastContainer ──→ ToastWidget (×3 max)
                                   │                    │
                             dismiss_top()         auto-dismiss
                             accept_top()          (TTL-based)
                                   │
                        ToastAccepted / ToastDismissed / ToastExpired
                                   │
                            RL feedback (reward/penalty)
    
    Toast types:
        INFO     cyan    5 s auto-dismiss    system notifications
        SUCCESS  green   3 s auto-dismiss    completion notices
        WARNING  amber  10 s auto-dismiss    maintenance alerts
        ERROR    red     ∞  manual dismiss   critical errors
        ACTION   blue    ∞  accept/dismiss   RL suggestions, reminders
    """
    from __future__ import annotations
    
    import logging
    import time
    from dataclasses import dataclass, field
    from enum import Enum
    from typing import Any, Optional
    
>   from textual.app import ComposeResult
E   ModuleNotFoundError: No module named 'textual'

src/bantz/interface/tui/widgets/toast.py:32: ModuleNotFoundError
_________________________ TestToastData.test_defaults __________________________

self = <tests.tui.test_toast.TestToastData object at 0x7e3352a5eaa0>

    def test_defaults(self):
>       from bantz.interface.tui.widgets.toast import ToastData

tests/tui/test_toast.py:117: 
_ _ _ _ _ _ _ _ _ _ _ _ _ _ _ _ _ _ _ _ _ _ _ _ _ _ _ _ _ _ _ _ _ _ _ _ _ _ _ _ 

    """
    Bantz — Non-blocking toast notifications (#137).
    
    Custom toast widget system integrated with InterventionQueue for
    proactive alerts.  Toasts never steal focus from chat input.
    
    Architecture:
        InterventionQueue ──→ ToastContainer ──→ ToastWidget (×3 max)
                                   │                    │
                             dismiss_top()         auto-dismiss
                             accept_top()          (TTL-based)
                                   │
                        ToastAccepted / ToastDismissed / ToastExpired
                                   │
                            RL feedback (reward/penalty)
    
    Toast types:
        INFO     cyan    5 s auto-dismiss    system notifications
        SUCCESS  green   3 s auto-dismiss    completion notices
        WARNING  amber  10 s auto-dismiss    maintenance alerts
        ERROR    red     ∞  manual dismiss   critical errors
        ACTION   blue    ∞  accept/dismiss   RL suggestions, reminders
    """
    from __future__ import annotations
    
    import logging
    import time
    from dataclasses import dataclass, field
    from enum import Enum
    from typing import Any, Optional
    
>   from textual.app import ComposeResult
E   ModuleNotFoundError: No module named 'textual'

src/bantz/interface/tui/widgets/toast.py:32: ModuleNotFoundError
_______________________ TestToastData.test_remaining_ttl _______________________

self = <tests.tui.test_toast.TestToastData object at 0x7e3352a5ec50>

    def test_remaining_ttl(self):
>       from bantz.interface.tui.widgets.toast import ToastData

tests/tui/test_toast.py:127: 
_ _ _ _ _ _ _ _ _ _ _ _ _ _ _ _ _ _ _ _ _ _ _ _ _ _ _ _ _ _ _ _ _ _ _ _ _ _ _ _ 

    """
    Bantz — Non-blocking toast notifications (#137).
    
    Custom toast widget system integrated with InterventionQueue for
    proactive alerts.  Toasts never steal focus from chat input.
    
    Architecture:
        InterventionQueue ──→ ToastContainer ──→ ToastWidget (×3 max)
                                   │                    │
                             dismiss_top()         auto-dismiss
                             accept_top()          (TTL-based)
                                   │
                        ToastAccepted / ToastDismissed / ToastExpired
                                   │
                            RL feedback (reward/penalty)
    
    Toast types:
        INFO     cyan    5 s auto-dismiss    system notifications
        SUCCESS  green   3 s auto-dismiss    completion notices
        WARNING  amber  10 s auto-dismiss    maintenance alerts
        ERROR    red     ∞  manual dismiss   critical errors
        ACTION   blue    ∞  accept/dismiss   RL suggestions, reminders
    """
    from __future__ import annotations
    
    import logging
    import time
    from dataclasses import dataclass, field
    from enum import Enum
    from typing import Any, Optional
    
>   from textual.app import ComposeResult
E   ModuleNotFoundError: No module named 'textual'

src/bantz/interface/tui/widgets/toast.py:32: ModuleNotFoundError
___________________ TestToastData.test_expired_always_false ____________________

self = <tests.tui.test_toast.TestToastData object at 0x7e3352a5ee00>

    def test_expired_always_false(self):
>       from bantz.interface.tui.widgets.toast import ToastData

tests/tui/test_toast.py:132: 
_ _ _ _ _ _ _ _ _ _ _ _ _ _ _ _ _ _ _ _ _ _ _ _ _ _ _ _ _ _ _ _ _ _ _ _ _ _ _ _ 

    """
    Bantz — Non-blocking toast notifications (#137).
    
    Custom toast widget system integrated with InterventionQueue for
    proactive alerts.  Toasts never steal focus from chat input.
    
    Architecture:
        InterventionQueue ──→ ToastContainer ──→ ToastWidget (×3 max)
                                   │                    │
                             dismiss_top()         auto-dismiss
                             accept_top()          (TTL-based)
                                   │
                        ToastAccepted / ToastDismissed / ToastExpired
                                   │
                            RL feedback (reward/penalty)
    
    Toast types:
        INFO     cyan    5 s auto-dismiss    system notifications
        SUCCESS  green   3 s auto-dismiss    completion notices
        WARNING  amber  10 s auto-dismiss    maintenance alerts
        ERROR    red     ∞  manual dismiss   critical errors
        ACTION   blue    ∞  accept/dismiss   RL suggestions, reminders
    """
    from __future__ import annotations
    
    import logging
    import time
    from dataclasses import dataclass, field
    from enum import Enum
    from typing import Any, Optional
    
>   from textual.app import ComposeResult
E   ModuleNotFoundError: No module named 'textual'

src/bantz/interface/tui/widgets/toast.py:32: ModuleNotFoundError
_______________ TestToastData.test_intervention_attribute_compat _______________

self = <tests.tui.test_toast.TestToastData object at 0x7e3352a5efb0>

    def test_intervention_attribute_compat(self):
        """ToastData has the same getattr interface as Intervention."""
>       from bantz.interface.tui.widgets.toast import ToastData

tests/tui/test_toast.py:138: 
_ _ _ _ _ _ _ _ _ _ _ _ _ _ _ _ _ _ _ _ _ _ _ _ _ _ _ _ _ _ _ _ _ _ _ _ _ _ _ _ 

    """
    Bantz — Non-blocking toast notifications (#137).
    
    Custom toast widget system integrated with InterventionQueue for
    proactive alerts.  Toasts never steal focus from chat input.
    
    Architecture:
        InterventionQueue ──→ ToastContainer ──→ ToastWidget (×3 max)
                                   │                    │
                             dismiss_top()         auto-dismiss
                             accept_top()          (TTL-based)
                                   │
                        ToastAccepted / ToastDismissed / ToastExpired
                                   │
                            RL feedback (reward/penalty)
    
    Toast types:
        INFO     cyan    5 s auto-dismiss    system notifications
        SUCCESS  green   3 s auto-dismiss    completion notices
        WARNING  amber  10 s auto-dismiss    maintenance alerts
        ERROR    red     ∞  manual dismiss   critical errors
        ACTION   blue    ∞  accept/dismiss   RL suggestions, reminders
    """
    from __future__ import annotations
    
    import logging
    import time
    from dataclasses import dataclass, field
    from enum import Enum
    from typing import Any, Optional
    
>   from textual.app import ComposeResult
E   ModuleNotFoundError: No module named 'textual'

src/bantz/interface/tui/widgets/toast.py:32: ModuleNotFoundError
____________________ TestToastMessages.test_toast_accepted _____________________

self = <tests.tui.test_toast.TestToastMessages object at 0x7e3352a5f220>

    def test_toast_accepted(self):
>       from bantz.interface.tui.widgets.toast import ToastAccepted

tests/tui/test_toast.py:152: 
_ _ _ _ _ _ _ _ _ _ _ _ _ _ _ _ _ _ _ _ _ _ _ _ _ _ _ _ _ _ _ _ _ _ _ _ _ _ _ _ 

    """
    Bantz — Non-blocking toast notifications (#137).
    
    Custom toast widget system integrated with InterventionQueue for
    proactive alerts.  Toasts never steal focus from chat input.
    
    Architecture:
        InterventionQueue ──→ ToastContainer ──→ ToastWidget (×3 max)
                                   │                    │
                             dismiss_top()         auto-dismiss
                             accept_top()          (TTL-based)
                                   │
                        ToastAccepted / ToastDismissed / ToastExpired
                                   │
                            RL feedback (reward/penalty)
    
    Toast types:
        INFO     cyan    5 s auto-dismiss    system notifications
        SUCCESS  green   3 s auto-dismiss    completion notices
        WARNING  amber  10 s auto-dismiss    maintenance alerts
        ERROR    red     ∞  manual dismiss   critical errors
        ACTION   blue    ∞  accept/dismiss   RL suggestions, reminders
    """
    from __future__ import annotations
    
    import logging
    import time
    from dataclasses import dataclass, field
    from enum import Enum
    from typing import Any, Optional
    
>   from textual.app import ComposeResult
E   ModuleNotFoundError: No module named 'textual'

src/bantz/interface/tui/widgets/toast.py:32: ModuleNotFoundError
____________________ TestToastMessages.test_toast_dismissed ____________________

self = <tests.tui.test_toast.TestToastMessages object at 0x7e3352a5f3d0>

    def test_toast_dismissed(self):
>       from bantz.interface.tui.widgets.toast import ToastDismissed

tests/tui/test_toast.py:158: 
_ _ _ _ _ _ _ _ _ _ _ _ _ _ _ _ _ _ _ _ _ _ _ _ _ _ _ _ _ _ _ _ _ _ _ _ _ _ _ _ 

    """
    Bantz — Non-blocking toast notifications (#137).
    
    Custom toast widget system integrated with InterventionQueue for
    proactive alerts.  Toasts never steal focus from chat input.
    
    Architecture:
        InterventionQueue ──→ ToastContainer ──→ ToastWidget (×3 max)
                                   │                    │
                             dismiss_top()         auto-dismiss
                             accept_top()          (TTL-based)
                                   │
                        ToastAccepted / ToastDismissed / ToastExpired
                                   │
                            RL feedback (reward/penalty)
    
    Toast types:
        INFO     cyan    5 s auto-dismiss    system notifications
        SUCCESS  green   3 s auto-dismiss    completion notices
        WARNING  amber  10 s auto-dismiss    maintenance alerts
        ERROR    red     ∞  manual dismiss   critical errors
        ACTION   blue    ∞  accept/dismiss   RL suggestions, reminders
    """
    from __future__ import annotations
    
    import logging
    import time
    from dataclasses import dataclass, field
    from enum import Enum
    from typing import Any, Optional
    
>   from textual.app import ComposeResult
E   ModuleNotFoundError: No module named 'textual'

src/bantz/interface/tui/widgets/toast.py:32: ModuleNotFoundError
_____________________ TestToastMessages.test_toast_expired _____________________

self = <tests.tui.test_toast.TestToastMessages object at 0x7e3352a5f580>

    def test_toast_expired(self):
>       from bantz.interface.tui.widgets.toast import ToastExpired

tests/tui/test_toast.py:164: 
_ _ _ _ _ _ _ _ _ _ _ _ _ _ _ _ _ _ _ _ _ _ _ _ _ _ _ _ _ _ _ _ _ _ _ _ _ _ _ _ 

    """
    Bantz — Non-blocking toast notifications (#137).
    
    Custom toast widget system integrated with InterventionQueue for
    proactive alerts.  Toasts never steal focus from chat input.
    
    Architecture:
        InterventionQueue ──→ ToastContainer ──→ ToastWidget (×3 max)
                                   │                    │
                             dismiss_top()         auto-dismiss
                             accept_top()          (TTL-based)
                                   │
                        ToastAccepted / ToastDismissed / ToastExpired
                                   │
                            RL feedback (reward/penalty)
    
    Toast types:
        INFO     cyan    5 s auto-dismiss    system notifications
        SUCCESS  green   3 s auto-dismiss    completion notices
        WARNING  amber  10 s auto-dismiss    maintenance alerts
        ERROR    red     ∞  manual dismiss   critical errors
        ACTION   blue    ∞  accept/dismiss   RL suggestions, reminders
    """
    from __future__ import annotations
    
    import logging
    import time
    from dataclasses import dataclass, field
    from enum import Enum
    from typing import Any, Optional
    
>   from textual.app import ComposeResult
E   ModuleNotFoundError: No module named 'textual'

src/bantz/interface/tui/widgets/toast.py:32: ModuleNotFoundError
_____________ TestToastMessages.test_messages_are_textual_messages _____________

self = <tests.tui.test_toast.TestToastMessages object at 0x7e3352a5f730>

    def test_messages_are_textual_messages(self):
>       from bantz.interface.tui.widgets.toast import (
            ToastAccepted, ToastDismissed, ToastExpired,
        )

tests/tui/test_toast.py:170: 
_ _ _ _ _ _ _ _ _ _ _ _ _ _ _ _ _ _ _ _ _ _ _ _ _ _ _ _ _ _ _ _ _ _ _ _ _ _ _ _ 

    """
    Bantz — Non-blocking toast notifications (#137).
    
    Custom toast widget system integrated with InterventionQueue for
    proactive alerts.  Toasts never steal focus from chat input.
    
    Architecture:
        InterventionQueue ──→ ToastContainer ──→ ToastWidget (×3 max)
                                   │                    │
                             dismiss_top()         auto-dismiss
                             accept_top()          (TTL-based)
                                   │
                        ToastAccepted / ToastDismissed / ToastExpired
                                   │
                            RL feedback (reward/penalty)
    
    Toast types:
        INFO     cyan    5 s auto-dismiss    system notifications
        SUCCESS  green   3 s auto-dismiss    completion notices
        WARNING  amber  10 s auto-dismiss    maintenance alerts
        ERROR    red     ∞  manual dismiss   critical errors
        ACTION   blue    ∞  accept/dismiss   RL suggestions, reminders
    """
    from __future__ import annotations
    
    import logging
    import time
    from dataclasses import dataclass, field
    from enum import Enum
    from typing import Any, Optional
    
>   from textual.app import ComposeResult
E   ModuleNotFoundError: No module named 'textual'

src/bantz/interface/tui/widgets/toast.py:32: ModuleNotFoundError
_____________________ TestToastWidget.test_can_focus_false _____________________

self = <tests.tui.test_toast.TestToastWidget object at 0x7e3352a5f970>

    def test_can_focus_false(self):
        """CRITICAL: Toast must never steal focus from chat input."""
>       from bantz.interface.tui.widgets.toast import ToastWidget

tests/tui/test_toast.py:187: 
_ _ _ _ _ _ _ _ _ _ _ _ _ _ _ _ _ _ _ _ _ _ _ _ _ _ _ _ _ _ _ _ _ _ _ _ _ _ _ _ 

    """
    Bantz — Non-blocking toast notifications (#137).
    
    Custom toast widget system integrated with InterventionQueue for
    proactive alerts.  Toasts never steal focus from chat input.
    
    Architecture:
        InterventionQueue ──→ ToastContainer ──→ ToastWidget (×3 max)
                                   │                    │
                             dismiss_top()         auto-dismiss
                             accept_top()          (TTL-based)
                                   │
                        ToastAccepted / ToastDismissed / ToastExpired
                                   │
                            RL feedback (reward/penalty)
    
    Toast types:
        INFO     cyan    5 s auto-dismiss    system notifications
        SUCCESS  green   3 s auto-dismiss    completion notices
        WARNING  amber  10 s auto-dismiss    maintenance alerts
        ERROR    red     ∞  manual dismiss   critical errors
        ACTION   blue    ∞  accept/dismiss   RL suggestions, reminders
    """
    from __future__ import annotations
    
    import logging
    import time
    from dataclasses import dataclass, field
    from enum import Enum
    from typing import Any, Optional
    
>   from textual.app import ComposeResult
E   ModuleNotFoundError: No module named 'textual'

src/bantz/interface/tui/widgets/toast.py:32: ModuleNotFoundError
________________________ TestToastWidget.test_creation _________________________

self = <tests.tui.test_toast.TestToastWidget object at 0x7e3352a5fb20>

    def test_creation(self):
>       from bantz.interface.tui.widgets.toast import ToastWidget, ToastType, ToastData

tests/tui/test_toast.py:191: 
_ _ _ _ _ _ _ _ _ _ _ _ _ _ _ _ _ _ _ _ _ _ _ _ _ _ _ _ _ _ _ _ _ _ _ _ _ _ _ _ 

    """
    Bantz — Non-blocking toast notifications (#137).
    
    Custom toast widget system integrated with InterventionQueue for
    proactive alerts.  Toasts never steal focus from chat input.
    
    Architecture:
        InterventionQueue ──→ ToastContainer ──→ ToastWidget (×3 max)
                                   │                    │
                             dismiss_top()         auto-dismiss
                             accept_top()          (TTL-based)
                                   │
                        ToastAccepted / ToastDismissed / ToastExpired
                                   │
                            RL feedback (reward/penalty)
    
    Toast types:
        INFO     cyan    5 s auto-dismiss    system notifications
        SUCCESS  green   3 s auto-dismiss    completion notices
        WARNING  amber  10 s auto-dismiss    maintenance alerts
        ERROR    red     ∞  manual dismiss   critical errors
        ACTION   blue    ∞  accept/dismiss   RL suggestions, reminders
    """
    from __future__ import annotations
    
    import logging
    import time
    from dataclasses import dataclass, field
    from enum import Enum
    from typing import Any, Optional
    
>   from textual.app import ComposeResult
E   ModuleNotFoundError: No module named 'textual'

src/bantz/interface/tui/widgets/toast.py:32: ModuleNotFoundError
______________________ TestToastWidget.test_default_type _______________________

self = <tests.tui.test_toast.TestToastWidget object at 0x7e3352a5fcd0>

    def test_default_type(self):
>       from bantz.interface.tui.widgets.toast import ToastWidget, ToastType, ToastData

tests/tui/test_toast.py:198: 
_ _ _ _ _ _ _ _ _ _ _ _ _ _ _ _ _ _ _ _ _ _ _ _ _ _ _ _ _ _ _ _ _ _ _ _ _ _ _ _ 

    """
    Bantz — Non-blocking toast notifications (#137).
    
    Custom toast widget system integrated with InterventionQueue for
    proactive alerts.  Toasts never steal focus from chat input.
    
    Architecture:
        InterventionQueue ──→ ToastContainer ──→ ToastWidget (×3 max)
                                   │                    │
                             dismiss_top()         auto-dismiss
                             accept_top()          (TTL-based)
                                   │
                        ToastAccepted / ToastDismissed / ToastExpired
                                   │
                            RL feedback (reward/penalty)
    
    Toast types:
        INFO     cyan    5 s auto-dismiss    system notifications
        SUCCESS  green   3 s auto-dismiss    completion notices
        WARNING  amber  10 s auto-dismiss    maintenance alerts
        ERROR    red     ∞  manual dismiss   critical errors
        ACTION   blue    ∞  accept/dismiss   RL suggestions, reminders
    """
    from __future__ import annotations
    
    import logging
    import time
    from dataclasses import dataclass, field
    from enum import Enum
    from typing import Any, Optional
    
>   from textual.app import ComposeResult
E   ModuleNotFoundError: No module named 'textual'

src/bantz/interface/tui/widgets/toast.py:32: ModuleNotFoundError
_____________________ TestToastWidget.test_css_class_info ______________________

self = <tests.tui.test_toast.TestToastWidget object at 0x7e3352a5fe80>

    def test_css_class_info(self):
>       from bantz.interface.tui.widgets.toast import ToastWidget, ToastType, ToastData

tests/tui/test_toast.py:204: 
_ _ _ _ _ _ _ _ _ _ _ _ _ _ _ _ _ _ _ _ _ _ _ _ _ _ _ _ _ _ _ _ _ _ _ _ _ _ _ _ 

    """
    Bantz — Non-blocking toast notifications (#137).
    
    Custom toast widget system integrated with InterventionQueue for
    proactive alerts.  Toasts never steal focus from chat input.
    
    Architecture:
        InterventionQueue ──→ ToastContainer ──→ ToastWidget (×3 max)
                                   │                    │
                             dismiss_top()         auto-dismiss
                             accept_top()          (TTL-based)
                                   │
                        ToastAccepted / ToastDismissed / ToastExpired
                                   │
                            RL feedback (reward/penalty)
    
    Toast types:
        INFO     cyan    5 s auto-dismiss    system notifications
        SUCCESS  green   3 s auto-dismiss    completion notices
        WARNING  amber  10 s auto-dismiss    maintenance alerts
        ERROR    red     ∞  manual dismiss   critical errors
        ACTION   blue    ∞  accept/dismiss   RL suggestions, reminders
    """
    from __future__ import annotations
    
    import logging
    import time
    from dataclasses import dataclass, field
    from enum import Enum
    from typing import Any, Optional
    
>   from textual.app import ComposeResult
E   ModuleNotFoundError: No module named 'textual'

src/bantz/interface/tui/widgets/toast.py:32: ModuleNotFoundError
____________________ TestToastWidget.test_css_class_warning ____________________

self = <tests.tui.test_toast.TestToastWidget object at 0x7e3352a90070>

    def test_css_class_warning(self):
>       from bantz.interface.tui.widgets.toast import ToastWidget, ToastType, ToastData

tests/tui/test_toast.py:210: 
_ _ _ _ _ _ _ _ _ _ _ _ _ _ _ _ _ _ _ _ _ _ _ _ _ _ _ _ _ _ _ _ _ _ _ _ _ _ _ _ 

    """
    Bantz — Non-blocking toast notifications (#137).
    
    Custom toast widget system integrated with InterventionQueue for
    proactive alerts.  Toasts never steal focus from chat input.
    
    Architecture:
        InterventionQueue ──→ ToastContainer ──→ ToastWidget (×3 max)
                                   │                    │
                             dismiss_top()         auto-dismiss
                             accept_top()          (TTL-based)
                                   │
                        ToastAccepted / ToastDismissed / ToastExpired
                                   │
                            RL feedback (reward/penalty)
    
    Toast types:
        INFO     cyan    5 s auto-dismiss    system notifications
        SUCCESS  green   3 s auto-dismiss    completion notices
        WARNING  amber  10 s auto-dismiss    maintenance alerts
        ERROR    red     ∞  manual dismiss   critical errors
        ACTION   blue    ∞  accept/dismiss   RL suggestions, reminders
    """
    from __future__ import annotations
    
    import logging
    import time
    from dataclasses import dataclass, field
    from enum import Enum
    from typing import Any, Optional
    
>   from textual.app import ComposeResult
E   ModuleNotFoundError: No module named 'textual'

src/bantz/interface/tui/widgets/toast.py:32: ModuleNotFoundError
_____________________ TestToastWidget.test_css_class_error _____________________

self = <tests.tui.test_toast.TestToastWidget object at 0x7e3352a5fe20>

    def test_css_class_error(self):
>       from bantz.interface.tui.widgets.toast import ToastWidget, ToastType, ToastData

tests/tui/test_toast.py:216: 
_ _ _ _ _ _ _ _ _ _ _ _ _ _ _ _ _ _ _ _ _ _ _ _ _ _ _ _ _ _ _ _ _ _ _ _ _ _ _ _ 

    """
    Bantz — Non-blocking toast notifications (#137).
    
    Custom toast widget system integrated with InterventionQueue for
    proactive alerts.  Toasts never steal focus from chat input.
    
    Architecture:
        InterventionQueue ──→ ToastContainer ──→ ToastWidget (×3 max)
                                   │                    │
                             dismiss_top()         auto-dismiss
                             accept_top()          (TTL-based)
                                   │
                        ToastAccepted / ToastDismissed / ToastExpired
                                   │
                            RL feedback (reward/penalty)
    
    Toast types:
        INFO     cyan    5 s auto-dismiss    system notifications
        SUCCESS  green   3 s auto-dismiss    completion notices
        WARNING  amber  10 s auto-dismiss    maintenance alerts
        ERROR    red     ∞  manual dismiss   critical errors
        ACTION   blue    ∞  accept/dismiss   RL suggestions, reminders
    """
    from __future__ import annotations
    
    import logging
    import time
    from dataclasses import dataclass, field
    from enum import Enum
    from typing import Any, Optional
    
>   from textual.app import ComposeResult
E   ModuleNotFoundError: No module named 'textual'

src/bantz/interface/tui/widgets/toast.py:32: ModuleNotFoundError
____________________ TestToastWidget.test_css_class_success ____________________

self = <tests.tui.test_toast.TestToastWidget object at 0x7e3352a5f910>

    def test_css_class_success(self):
>       from bantz.interface.tui.widgets.toast import ToastWidget, ToastType, ToastData

tests/tui/test_toast.py:222: 
_ _ _ _ _ _ _ _ _ _ _ _ _ _ _ _ _ _ _ _ _ _ _ _ _ _ _ _ _ _ _ _ _ _ _ _ _ _ _ _ 

    """
    Bantz — Non-blocking toast notifications (#137).
    
    Custom toast widget system integrated with InterventionQueue for
    proactive alerts.  Toasts never steal focus from chat input.
    
    Architecture:
        InterventionQueue ──→ ToastContainer ──→ ToastWidget (×3 max)
                                   │                    │
                             dismiss_top()         auto-dismiss
                             accept_top()          (TTL-based)
                                   │
                        ToastAccepted / ToastDismissed / ToastExpired
                                   │
                            RL feedback (reward/penalty)
    
    Toast types:
        INFO     cyan    5 s auto-dismiss    system notifications
        SUCCESS  green   3 s auto-dismiss    completion notices
        WARNING  amber  10 s auto-dismiss    maintenance alerts
        ERROR    red     ∞  manual dismiss   critical errors
        ACTION   blue    ∞  accept/dismiss   RL suggestions, reminders
    """
    from __future__ import annotations
    
    import logging
    import time
    from dataclasses import dataclass, field
    from enum import Enum
    from typing import Any, Optional
    
>   from textual.app import ComposeResult
E   ModuleNotFoundError: No module named 'textual'

src/bantz/interface/tui/widgets/toast.py:32: ModuleNotFoundError
____________________ TestToastWidget.test_css_class_action _____________________

self = <tests.tui.test_toast.TestToastWidget object at 0x7e3352a5f370>

    def test_css_class_action(self):
>       from bantz.interface.tui.widgets.toast import ToastWidget, ToastType, ToastData

tests/tui/test_toast.py:228: 
_ _ _ _ _ _ _ _ _ _ _ _ _ _ _ _ _ _ _ _ _ _ _ _ _ _ _ _ _ _ _ _ _ _ _ _ _ _ _ _ 

    """
    Bantz — Non-blocking toast notifications (#137).
    
    Custom toast widget system integrated with InterventionQueue for
    proactive alerts.  Toasts never steal focus from chat input.
    
    Architecture:
        InterventionQueue ──→ ToastContainer ──→ ToastWidget (×3 max)
                                   │                    │
                             dismiss_top()         auto-dismiss
                             accept_top()          (TTL-based)
                                   │
                        ToastAccepted / ToastDismissed / ToastExpired
                                   │
                            RL feedback (reward/penalty)
    
    Toast types:
        INFO     cyan    5 s auto-dismiss    system notifications
        SUCCESS  green   3 s auto-dismiss    completion notices
        WARNING  amber  10 s auto-dismiss    maintenance alerts
        ERROR    red     ∞  manual dismiss   critical errors
        ACTION   blue    ∞  accept/dismiss   RL suggestions, reminders
    """
    from __future__ import annotations
    
    import logging
    import time
    from dataclasses import dataclass, field
    from enum import Enum
    from typing import Any, Optional
    
>   from textual.app import ComposeResult
E   ModuleNotFoundError: No module named 'textual'

src/bantz/interface/tui/widgets/toast.py:32: ModuleNotFoundError
______________ TestToastWidget.test_dismiss_timer_initially_none _______________

self = <tests.tui.test_toast.TestToastWidget object at 0x7e3352a5eda0>

    def test_dismiss_timer_initially_none(self):
>       from bantz.interface.tui.widgets.toast import ToastWidget, ToastType, ToastData

tests/tui/test_toast.py:234: 
_ _ _ _ _ _ _ _ _ _ _ _ _ _ _ _ _ _ _ _ _ _ _ _ _ _ _ _ _ _ _ _ _ _ _ _ _ _ _ _ 

    """
    Bantz — Non-blocking toast notifications (#137).
    
    Custom toast widget system integrated with InterventionQueue for
    proactive alerts.  Toasts never steal focus from chat input.
    
    Architecture:
        InterventionQueue ──→ ToastContainer ──→ ToastWidget (×3 max)
                                   │                    │
                             dismiss_top()         auto-dismiss
                             accept_top()          (TTL-based)
                                   │
                        ToastAccepted / ToastDismissed / ToastExpired
                                   │
                            RL feedback (reward/penalty)
    
    Toast types:
        INFO     cyan    5 s auto-dismiss    system notifications
        SUCCESS  green   3 s auto-dismiss    completion notices
        WARNING  amber  10 s auto-dismiss    maintenance alerts
        ERROR    red     ∞  manual dismiss   critical errors
        ACTION   blue    ∞  accept/dismiss   RL suggestions, reminders
    """
    from __future__ import annotations
    
    import logging
    import time
    from dataclasses import dataclass, field
    from enum import Enum
    from typing import Any, Optional
    
>   from textual.app import ComposeResult
E   ModuleNotFoundError: No module named 'textual'

src/bantz/interface/tui/widgets/toast.py:32: ModuleNotFoundError
__________ TestToastWidget.test_all_five_types_produce_valid_widgets ___________

self = <tests.tui.test_toast.TestToastWidget object at 0x7e3352a5e890>

    def test_all_five_types_produce_valid_widgets(self):
>       from bantz.interface.tui.widgets.toast import ToastWidget, ToastType, ToastData

tests/tui/test_toast.py:240: 
_ _ _ _ _ _ _ _ _ _ _ _ _ _ _ _ _ _ _ _ _ _ _ _ _ _ _ _ _ _ _ _ _ _ _ _ _ _ _ _ 

    """
    Bantz — Non-blocking toast notifications (#137).
    
    Custom toast widget system integrated with InterventionQueue for
    proactive alerts.  Toasts never steal focus from chat input.
    
    Architecture:
        InterventionQueue ──→ ToastContainer ──→ ToastWidget (×3 max)
                                   │                    │
                             dismiss_top()         auto-dismiss
                             accept_top()          (TTL-based)
                                   │
                        ToastAccepted / ToastDismissed / ToastExpired
                                   │
                            RL feedback (reward/penalty)
    
    Toast types:
        INFO     cyan    5 s auto-dismiss    system notifications
        SUCCESS  green   3 s auto-dismiss    completion notices
        WARNING  amber  10 s auto-dismiss    maintenance alerts
        ERROR    red     ∞  manual dismiss   critical errors
        ACTION   blue    ∞  accept/dismiss   RL suggestions, reminders
    """
    from __future__ import annotations
    
    import logging
    import time
    from dataclasses import dataclass, field
    from enum import Enum
    from typing import Any, Optional
    
>   from textual.app import ComposeResult
E   ModuleNotFoundError: No module named 'textual'

src/bantz/interface/tui/widgets/toast.py:32: ModuleNotFoundError
___________________ TestToastContainer.test_can_focus_false ____________________

self = <tests.tui.test_toast.TestToastContainer object at 0x7e3352a5d480>

    def test_can_focus_false(self):
>       from bantz.interface.tui.widgets.toast import ToastContainer

tests/tui/test_toast.py:253: 
_ _ _ _ _ _ _ _ _ _ _ _ _ _ _ _ _ _ _ _ _ _ _ _ _ _ _ _ _ _ _ _ _ _ _ _ _ _ _ _ 

    """
    Bantz — Non-blocking toast notifications (#137).
    
    Custom toast widget system integrated with InterventionQueue for
    proactive alerts.  Toasts never steal focus from chat input.
    
    Architecture:
        InterventionQueue ──→ ToastContainer ──→ ToastWidget (×3 max)
                                   │                    │
                             dismiss_top()         auto-dismiss
                             accept_top()          (TTL-based)
                                   │
                        ToastAccepted / ToastDismissed / ToastExpired
                                   │
                            RL feedback (reward/penalty)
    
    Toast types:
        INFO     cyan    5 s auto-dismiss    system notifications
        SUCCESS  green   3 s auto-dismiss    completion notices
        WARNING  amber  10 s auto-dismiss    maintenance alerts
        ERROR    red     ∞  manual dismiss   critical errors
        ACTION   blue    ∞  accept/dismiss   RL suggestions, reminders
    """
    from __future__ import annotations
    
    import logging
    import time
    from dataclasses import dataclass, field
    from enum import Enum
    from typing import Any, Optional
    
>   from textual.app import ComposeResult
E   ModuleNotFoundError: No module named 'textual'

src/bantz/interface/tui/widgets/toast.py:32: ModuleNotFoundError
_____________________ TestToastContainer.test_max_visible ______________________

self = <tests.tui.test_toast.TestToastContainer object at 0x7e3352a90220>

    def test_max_visible(self):
>       from bantz.interface.tui.widgets.toast import ToastContainer

tests/tui/test_toast.py:257: 
_ _ _ _ _ _ _ _ _ _ _ _ _ _ _ _ _ _ _ _ _ _ _ _ _ _ _ _ _ _ _ _ _ _ _ _ _ _ _ _ 

    """
    Bantz — Non-blocking toast notifications (#137).
    
    Custom toast widget system integrated with InterventionQueue for
    proactive alerts.  Toasts never steal focus from chat input.
    
    Architecture:
        InterventionQueue ──→ ToastContainer ──→ ToastWidget (×3 max)
                                   │                    │
                             dismiss_top()         auto-dismiss
                             accept_top()          (TTL-based)
                                   │
                        ToastAccepted / ToastDismissed / ToastExpired
                                   │
                            RL feedback (reward/penalty)
    
    Toast types:
        INFO     cyan    5 s auto-dismiss    system notifications
        SUCCESS  green   3 s auto-dismiss    completion notices
        WARNING  amber  10 s auto-dismiss    maintenance alerts
        ERROR    red     ∞  manual dismiss   critical errors
        ACTION   blue    ∞  accept/dismiss   RL suggestions, reminders
    """
    from __future__ import annotations
    
    import logging
    import time
    from dataclasses import dataclass, field
    from enum import Enum
    from typing import Any, Optional
    
>   from textual.app import ComposeResult
E   ModuleNotFoundError: No module named 'textual'

src/bantz/interface/tui/widgets/toast.py:32: ModuleNotFoundError
_______________________ TestToastContainer.test_creation _______________________

self = <tests.tui.test_toast.TestToastContainer object at 0x7e3352a903d0>

    def test_creation(self):
>       from bantz.interface.tui.widgets.toast import ToastContainer

tests/tui/test_toast.py:261: 
_ _ _ _ _ _ _ _ _ _ _ _ _ _ _ _ _ _ _ _ _ _ _ _ _ _ _ _ _ _ _ _ _ _ _ _ _ _ _ _ 

    """
    Bantz — Non-blocking toast notifications (#137).
    
    Custom toast widget system integrated with InterventionQueue for
    proactive alerts.  Toasts never steal focus from chat input.
    
    Architecture:
        InterventionQueue ──→ ToastContainer ──→ ToastWidget (×3 max)
                                   │                    │
                             dismiss_top()         auto-dismiss
                             accept_top()          (TTL-based)
                                   │
                        ToastAccepted / ToastDismissed / ToastExpired
                                   │
                            RL feedback (reward/penalty)
    
    Toast types:
        INFO     cyan    5 s auto-dismiss    system notifications
        SUCCESS  green   3 s auto-dismiss    completion notices
        WARNING  amber  10 s auto-dismiss    maintenance alerts
        ERROR    red     ∞  manual dismiss   critical errors
        ACTION   blue    ∞  accept/dismiss   RL suggestions, reminders
    """
    from __future__ import annotations
    
    import logging
    import time
    from dataclasses import dataclass, field
    from enum import Enum
    from typing import Any, Optional
    
>   from textual.app import ComposeResult
E   ModuleNotFoundError: No module named 'textual'

src/bantz/interface/tui/widgets/toast.py:32: ModuleNotFoundError
________________ TestToastContainer.test_infer_type_error_alert ________________

self = <tests.tui.test_toast.TestToastContainer object at 0x7e3352a90580>

    def test_infer_type_error_alert(self):
>       from bantz.interface.tui.widgets.toast import ToastContainer, ToastType

tests/tui/test_toast.py:266: 
_ _ _ _ _ _ _ _ _ _ _ _ _ _ _ _ _ _ _ _ _ _ _ _ _ _ _ _ _ _ _ _ _ _ _ _ _ _ _ _ 

    """
    Bantz — Non-blocking toast notifications (#137).
    
    Custom toast widget system integrated with InterventionQueue for
    proactive alerts.  Toasts never steal focus from chat input.
    
    Architecture:
        InterventionQueue ──→ ToastContainer ──→ ToastWidget (×3 max)
                                   │                    │
                             dismiss_top()         auto-dismiss
                             accept_top()          (TTL-based)
                                   │
                        ToastAccepted / ToastDismissed / ToastExpired
                                   │
                            RL feedback (reward/penalty)
    
    Toast types:
        INFO     cyan    5 s auto-dismiss    system notifications
        SUCCESS  green   3 s auto-dismiss    completion notices
        WARNING  amber  10 s auto-dismiss    maintenance alerts
        ERROR    red     ∞  manual dismiss   critical errors
        ACTION   blue    ∞  accept/dismiss   RL suggestions, reminders
    """
    from __future__ import annotations
    
    import logging
    import time
    from dataclasses import dataclass, field
    from enum import Enum
    from typing import Any, Optional
    
>   from textual.app import ComposeResult
E   ModuleNotFoundError: No module named 'textual'

src/bantz/interface/tui/widgets/toast.py:32: ModuleNotFoundError
________________ TestToastContainer.test_infer_type_with_action ________________

self = <tests.tui.test_toast.TestToastContainer object at 0x7e3352a90730>

    def test_infer_type_with_action(self):
>       from bantz.interface.tui.widgets.toast import ToastContainer, ToastType

tests/tui/test_toast.py:273: 
_ _ _ _ _ _ _ _ _ _ _ _ _ _ _ _ _ _ _ _ _ _ _ _ _ _ _ _ _ _ _ _ _ _ _ _ _ _ _ _ 

    """
    Bantz — Non-blocking toast notifications (#137).
    
    Custom toast widget system integrated with InterventionQueue for
    proactive alerts.  Toasts never steal focus from chat input.
    
    Architecture:
        InterventionQueue ──→ ToastContainer ──→ ToastWidget (×3 max)
                                   │                    │
                             dismiss_top()         auto-dismiss
                             accept_top()          (TTL-based)
                                   │
                        ToastAccepted / ToastDismissed / ToastExpired
                                   │
                            RL feedback (reward/penalty)
    
    Toast types:
        INFO     cyan    5 s auto-dismiss    system notifications
        SUCCESS  green   3 s auto-dismiss    completion notices
        WARNING  amber  10 s auto-dismiss    maintenance alerts
        ERROR    red     ∞  manual dismiss   critical errors
        ACTION   blue    ∞  accept/dismiss   RL suggestions, reminders
    """
    from __future__ import annotations
    
    import logging
    import time
    from dataclasses import dataclass, field
    from enum import Enum
    from typing import Any, Optional
    
>   from textual.app import ComposeResult
E   ModuleNotFoundError: No module named 'textual'

src/bantz/interface/tui/widgets/toast.py:32: ModuleNotFoundError
_________________ TestToastContainer.test_infer_type_reminder __________________

self = <tests.tui.test_toast.TestToastContainer object at 0x7e3352a908e0>

    def test_infer_type_reminder(self):
>       from bantz.interface.tui.widgets.toast import ToastContainer, ToastType

tests/tui/test_toast.py:280: 
_ _ _ _ _ _ _ _ _ _ _ _ _ _ _ _ _ _ _ _ _ _ _ _ _ _ _ _ _ _ _ _ _ _ _ _ _ _ _ _ 

    """
    Bantz — Non-blocking toast notifications (#137).
    
    Custom toast widget system integrated with InterventionQueue for
    proactive alerts.  Toasts never steal focus from chat input.
    
    Architecture:
        InterventionQueue ──→ ToastContainer ──→ ToastWidget (×3 max)
                                   │                    │
                             dismiss_top()         auto-dismiss
                             accept_top()          (TTL-based)
                                   │
                        ToastAccepted / ToastDismissed / ToastExpired
                                   │
                            RL feedback (reward/penalty)
    
    Toast types:
        INFO     cyan    5 s auto-dismiss    system notifications
        SUCCESS  green   3 s auto-dismiss    completion notices
        WARNING  amber  10 s auto-dismiss    maintenance alerts
        ERROR    red     ∞  manual dismiss   critical errors
        ACTION   blue    ∞  accept/dismiss   RL suggestions, reminders
    """
    from __future__ import annotations
    
    import logging
    import time
    from dataclasses import dataclass, field
    from enum import Enum
    from typing import Any, Optional
    
>   from textual.app import ComposeResult
E   ModuleNotFoundError: No module named 'textual'

src/bantz/interface/tui/widgets/toast.py:32: ModuleNotFoundError
________________ TestToastContainer.test_infer_type_maintenance ________________

self = <tests.tui.test_toast.TestToastContainer object at 0x7e3352a90a90>

    def test_infer_type_maintenance(self):
>       from bantz.interface.tui.widgets.toast import ToastContainer, ToastType

tests/tui/test_toast.py:287: 
_ _ _ _ _ _ _ _ _ _ _ _ _ _ _ _ _ _ _ _ _ _ _ _ _ _ _ _ _ _ _ _ _ _ _ _ _ _ _ _ 

    """
    Bantz — Non-blocking toast notifications (#137).
    
    Custom toast widget system integrated with InterventionQueue for
    proactive alerts.  Toasts never steal focus from chat input.
    
    Architecture:
        InterventionQueue ──→ ToastContainer ──→ ToastWidget (×3 max)
                                   │                    │
                             dismiss_top()         auto-dismiss
                             accept_top()          (TTL-based)
                                   │
                        ToastAccepted / ToastDismissed / ToastExpired
                                   │
                            RL feedback (reward/penalty)
    
    Toast types:
        INFO     cyan    5 s auto-dismiss    system notifications
        SUCCESS  green   3 s auto-dismiss    completion notices
        WARNING  amber  10 s auto-dismiss    maintenance alerts
        ERROR    red     ∞  manual dismiss   critical errors
        ACTION   blue    ∞  accept/dismiss   RL suggestions, reminders
    """
    from __future__ import annotations
    
    import logging
    import time
    from dataclasses import dataclass, field
    from enum import Enum
    from typing import Any, Optional
    
>   from textual.app import ComposeResult
E   ModuleNotFoundError: No module named 'textual'

src/bantz/interface/tui/widgets/toast.py:32: ModuleNotFoundError
__________________ TestToastContainer.test_infer_type_unknown __________________

self = <tests.tui.test_toast.TestToastContainer object at 0x7e3352a90c40>

    def test_infer_type_unknown(self):
>       from bantz.interface.tui.widgets.toast import ToastContainer, ToastType

tests/tui/test_toast.py:294: 
_ _ _ _ _ _ _ _ _ _ _ _ _ _ _ _ _ _ _ _ _ _ _ _ _ _ _ _ _ _ _ _ _ _ _ _ _ _ _ _ 

    """
    Bantz — Non-blocking toast notifications (#137).
    
    Custom toast widget system integrated with InterventionQueue for
    proactive alerts.  Toasts never steal focus from chat input.
    
    Architecture:
        InterventionQueue ──→ ToastContainer ──→ ToastWidget (×3 max)
                                   │                    │
                             dismiss_top()         auto-dismiss
                             accept_top()          (TTL-based)
                                   │
                        ToastAccepted / ToastDismissed / ToastExpired
                                   │
                            RL feedback (reward/penalty)
    
    Toast types:
        INFO     cyan    5 s auto-dismiss    system notifications
        SUCCESS  green   3 s auto-dismiss    completion notices
        WARNING  amber  10 s auto-dismiss    maintenance alerts
        ERROR    red     ∞  manual dismiss   critical errors
        ACTION   blue    ∞  accept/dismiss   RL suggestions, reminders
    """
    from __future__ import annotations
    
    import logging
    import time
    from dataclasses import dataclass, field
    from enum import Enum
    from typing import Any, Optional
    
>   from textual.app import ComposeResult
E   ModuleNotFoundError: No module named 'textual'

src/bantz/interface/tui/widgets/toast.py:32: ModuleNotFoundError
_______________ TestToastContainer.test_infer_type_no_type_attr ________________

self = <tests.tui.test_toast.TestToastContainer object at 0x7e3352a90df0>

    def test_infer_type_no_type_attr(self):
>       from bantz.interface.tui.widgets.toast import ToastContainer, ToastType

tests/tui/test_toast.py:301: 
_ _ _ _ _ _ _ _ _ _ _ _ _ _ _ _ _ _ _ _ _ _ _ _ _ _ _ _ _ _ _ _ _ _ _ _ _ _ _ _ 

    """
    Bantz — Non-blocking toast notifications (#137).
    
    Custom toast widget system integrated with InterventionQueue for
    proactive alerts.  Toasts never steal focus from chat input.
    
    Architecture:
        InterventionQueue ──→ ToastContainer ──→ ToastWidget (×3 max)
                                   │                    │
                             dismiss_top()         auto-dismiss
                             accept_top()          (TTL-based)
                                   │
                        ToastAccepted / ToastDismissed / ToastExpired
                                   │
                            RL feedback (reward/penalty)
    
    Toast types:
        INFO     cyan    5 s auto-dismiss    system notifications
        SUCCESS  green   3 s auto-dismiss    completion notices
        WARNING  amber  10 s auto-dismiss    maintenance alerts
        ERROR    red     ∞  manual dismiss   critical errors
        ACTION   blue    ∞  accept/dismiss   RL suggestions, reminders
    """
    from __future__ import annotations
    
    import logging
    import time
    from dataclasses import dataclass, field
    from enum import Enum
    from typing import Any, Optional
    
>   from textual.app import ComposeResult
E   ModuleNotFoundError: No module named 'textual'

src/bantz/interface/tui/widgets/toast.py:32: ModuleNotFoundError
__________ TestToastContainer.test_infer_type_error_overrides_action ___________

self = <tests.tui.test_toast.TestToastContainer object at 0x7e3352a90fa0>

    def test_infer_type_error_overrides_action(self):
        """error_alert type should always be ERROR even if action is set."""
>       from bantz.interface.tui.widgets.toast import ToastContainer, ToastType

tests/tui/test_toast.py:307: 
_ _ _ _ _ _ _ _ _ _ _ _ _ _ _ _ _ _ _ _ _ _ _ _ _ _ _ _ _ _ _ _ _ _ _ _ _ _ _ _ 

    """
    Bantz — Non-blocking toast notifications (#137).
    
    Custom toast widget system integrated with InterventionQueue for
    proactive alerts.  Toasts never steal focus from chat input.
    
    Architecture:
        InterventionQueue ──→ ToastContainer ──→ ToastWidget (×3 max)
                                   │                    │
                             dismiss_top()         auto-dismiss
                             accept_top()          (TTL-based)
                                   │
                        ToastAccepted / ToastDismissed / ToastExpired
                                   │
                            RL feedback (reward/penalty)
    
    Toast types:
        INFO     cyan    5 s auto-dismiss    system notifications
        SUCCESS  green   3 s auto-dismiss    completion notices
        WARNING  amber  10 s auto-dismiss    maintenance alerts
        ERROR    red     ∞  manual dismiss   critical errors
        ACTION   blue    ∞  accept/dismiss   RL suggestions, reminders
    """
    from __future__ import annotations
    
    import logging
    import time
    from dataclasses import dataclass, field
    from enum import Enum
    from typing import Any, Optional
    
>   from textual.app import ComposeResult
E   ModuleNotFoundError: No module named 'textual'

src/bantz/interface/tui/widgets/toast.py:32: ModuleNotFoundError
_________ TestAppToastIntegration.test_compose_yields_toast_container __________

self = <tests.tui.test_toast.TestAppToastIntegration object at 0x7e3352a911e0>

    def test_compose_yields_toast_container(self):
        """BantzApp.compose() must yield ToastContainer(id='toast-container')."""
        import ast, inspect
>       from bantz.interface.tui.app import BantzApp

tests/tui/test_toast.py:322: 
_ _ _ _ _ _ _ _ _ _ _ _ _ _ _ _ _ _ _ _ _ _ _ _ _ _ _ _ _ _ _ _ _ _ _ _ _ _ _ _ 

    """
    Bantz v3 — Textual TUI Application
    
    Entry point for the terminal user interface.
    Left panel: chat.  Right panel: system status + clock.
    """
    from __future__ import annotations
    
    import asyncio
    import logging
    from pathlib import Path
    
>   from textual.app import App, ComposeResult
E   ModuleNotFoundError: No module named 'textual'

src/bantz/interface/tui/app.py:13: ModuleNotFoundError
______________ TestAppToastIntegration.test_toast_imports_in_app _______________

self = <tests.tui.test_toast.TestAppToastIntegration object at 0x7e3352a91390>

    def test_toast_imports_in_app(self):
        """app.py must import toast components."""
>       import bantz.interface.tui.app as app_mod

tests/tui/test_toast.py:329: 
_ _ _ _ _ _ _ _ _ _ _ _ _ _ _ _ _ _ _ _ _ _ _ _ _ _ _ _ _ _ _ _ _ _ _ _ _ _ _ _ 

    """
    Bantz v3 — Textual TUI Application
    
    Entry point for the terminal user interface.
    Left panel: chat.  Right panel: system status + clock.
    """
    from __future__ import annotations
    
    import asyncio
    import logging
    from pathlib import Path
    
>   from textual.app import App, ComposeResult
E   ModuleNotFoundError: No module named 'textual'

src/bantz/interface/tui/app.py:13: ModuleNotFoundError
____________ TestAppToastIntegration.test_push_toast_method_exists _____________

self = <tests.tui.test_toast.TestAppToastIntegration object at 0x7e3352a91540>

    def test_push_toast_method_exists(self):
>       from bantz.interface.tui.app import BantzApp

tests/tui/test_toast.py:338: 
_ _ _ _ _ _ _ _ _ _ _ _ _ _ _ _ _ _ _ _ _ _ _ _ _ _ _ _ _ _ _ _ _ _ _ _ _ _ _ _ 

    """
    Bantz v3 — Textual TUI Application
    
    Entry point for the terminal user interface.
    Left panel: chat.  Right panel: system status + clock.
    """
    from __future__ import annotations
    
    import asyncio
    import logging
    from pathlib import Path
    
>   from textual.app import App, ComposeResult
E   ModuleNotFoundError: No module named 'textual'

src/bantz/interface/tui/app.py:13: ModuleNotFoundError
____________ TestAppToastIntegration.test_on_toast_accepted_handler ____________

self = <tests.tui.test_toast.TestAppToastIntegration object at 0x7e3352a916f0>

    def test_on_toast_accepted_handler(self):
>       from bantz.interface.tui.app import BantzApp

tests/tui/test_toast.py:343: 
_ _ _ _ _ _ _ _ _ _ _ _ _ _ _ _ _ _ _ _ _ _ _ _ _ _ _ _ _ _ _ _ _ _ _ _ _ _ _ _ 

    """
    Bantz v3 — Textual TUI Application
    
    Entry point for the terminal user interface.
    Left panel: chat.  Right panel: system status + clock.
    """
    from __future__ import annotations
    
    import asyncio
    import logging
    from pathlib import Path
    
>   from textual.app import App, ComposeResult
E   ModuleNotFoundError: No module named 'textual'

src/bantz/interface/tui/app.py:13: ModuleNotFoundError
___________ TestAppToastIntegration.test_on_toast_dismissed_handler ____________

self = <tests.tui.test_toast.TestAppToastIntegration object at 0x7e3352a918a0>

    def test_on_toast_dismissed_handler(self):
>       from bantz.interface.tui.app import BantzApp

tests/tui/test_toast.py:348: 
_ _ _ _ _ _ _ _ _ _ _ _ _ _ _ _ _ _ _ _ _ _ _ _ _ _ _ _ _ _ _ _ _ _ _ _ _ _ _ _ 

    """
    Bantz v3 — Textual TUI Application
    
    Entry point for the terminal user interface.
    Left panel: chat.  Right panel: system status + clock.
    """
    from __future__ import annotations
    
    import asyncio
    import logging
    from pathlib import Path
    
>   from textual.app import App, ComposeResult
E   ModuleNotFoundError: No module named 'textual'

src/bantz/interface/tui/app.py:13: ModuleNotFoundError
____________ TestAppToastIntegration.test_on_toast_expired_handler _____________

self = <tests.tui.test_toast.TestAppToastIntegration object at 0x7e3352a91a50>

    def test_on_toast_expired_handler(self):
>       from bantz.interface.tui.app import BantzApp

tests/tui/test_toast.py:353: 
_ _ _ _ _ _ _ _ _ _ _ _ _ _ _ _ _ _ _ _ _ _ _ _ _ _ _ _ _ _ _ _ _ _ _ _ _ _ _ _ 

    """
    Bantz v3 — Textual TUI Application
    
    Entry point for the terminal user interface.
    Left panel: chat.  Right panel: system status + clock.
    """
    from __future__ import annotations
    
    import asyncio
    import logging
    from pathlib import Path
    
>   from textual.app import App, ComposeResult
E   ModuleNotFoundError: No module named 'textual'

src/bantz/interface/tui/app.py:13: ModuleNotFoundError
__________ TestAppToastIntegration.test_wire_brain_toast_hook_method ___________

self = <tests.tui.test_toast.TestAppToastIntegration object at 0x7e3352a5ee30>

    def test_wire_brain_toast_hook_method(self):
>       from bantz.interface.tui.app import BantzApp

tests/tui/test_toast.py:358: 
_ _ _ _ _ _ _ _ _ _ _ _ _ _ _ _ _ _ _ _ _ _ _ _ _ _ _ _ _ _ _ _ _ _ _ _ _ _ _ _ 

    """
    Bantz v3 — Textual TUI Application
    
    Entry point for the terminal user interface.
    Left panel: chat.  Right panel: system status + clock.
    """
    from __future__ import annotations
    
    import asyncio
    import logging
    from pathlib import Path
    
>   from textual.app import App, ComposeResult
E   ModuleNotFoundError: No module named 'textual'

src/bantz/interface/tui/app.py:13: ModuleNotFoundError
______________ TestAppToastIntegration.test_on_brain_toast_method ______________

self = <tests.tui.test_toast.TestAppToastIntegration object at 0x7e3352a90fd0>

    def test_on_brain_toast_method(self):
>       from bantz.interface.tui.app import BantzApp

tests/tui/test_toast.py:362: 
_ _ _ _ _ _ _ _ _ _ _ _ _ _ _ _ _ _ _ _ _ _ _ _ _ _ _ _ _ _ _ _ _ _ _ _ _ _ _ _ 

    """
    Bantz v3 — Textual TUI Application
    
    Entry point for the terminal user interface.
    Left panel: chat.  Right panel: system status + clock.
    """
    from __future__ import annotations
    
    import asyncio
    import logging
    from pathlib import Path
    
>   from textual.app import App, ComposeResult
E   ModuleNotFoundError: No module named 'textual'

src/bantz/interface/tui/app.py:13: ModuleNotFoundError
________ TestAppToastIntegration.test_remove_intervention_toast_method _________

self = <tests.tui.test_toast.TestAppToastIntegration object at 0x7e3352a917e0>

    def test_remove_intervention_toast_method(self):
>       from bantz.interface.tui.app import BantzApp

tests/tui/test_toast.py:366: 
_ _ _ _ _ _ _ _ _ _ _ _ _ _ _ _ _ _ _ _ _ _ _ _ _ _ _ _ _ _ _ _ _ _ _ _ _ _ _ _ 

    """
    Bantz v3 — Textual TUI Application
    
    Entry point for the terminal user interface.
    Left panel: chat.  Right panel: system status + clock.
    """
    from __future__ import annotations
    
    import asyncio
    import logging
    from pathlib import Path
    
>   from textual.app import App, ComposeResult
E   ModuleNotFoundError: No module named 'textual'

src/bantz/interface/tui/app.py:13: ModuleNotFoundError
______________ TestAppToastIntegration.test_escape_binding_exists ______________

self = <tests.tui.test_toast.TestAppToastIntegration object at 0x7e3352a912d0>

    def test_escape_binding_exists(self):
        """Escape should be bound to focus_input (which now also dismisses toasts)."""
>       from bantz.interface.tui.app import BantzApp

tests/tui/test_toast.py:371: 
_ _ _ _ _ _ _ _ _ _ _ _ _ _ _ _ _ _ _ _ _ _ _ _ _ _ _ _ _ _ _ _ _ _ _ _ _ _ _ _ 

    """
    Bantz v3 — Textual TUI Application
    
    Entry point for the terminal user interface.
    Left panel: chat.  Right panel: system status + clock.
    """
    from __future__ import annotations
    
    import asyncio
    import logging
    from pathlib import Path
    
>   from textual.app import App, ComposeResult
E   ModuleNotFoundError: No module named 'textual'

src/bantz/interface/tui/app.py:13: ModuleNotFoundError
____ TestAppToastIntegration.test_action_focus_input_dismisses_toast_first _____

self = <tests.tui.test_toast.TestAppToastIntegration object at 0x7e3352a90d30>

    def test_action_focus_input_dismisses_toast_first(self):
        """action_focus_input should check for toasts before focusing input."""
        import inspect
>       from bantz.interface.tui.app import BantzApp

tests/tui/test_toast.py:383: 
_ _ _ _ _ _ _ _ _ _ _ _ _ _ _ _ _ _ _ _ _ _ _ _ _ _ _ _ _ _ _ _ _ _ _ _ _ _ _ _ 

    """
    Bantz v3 — Textual TUI Application
    
    Entry point for the terminal user interface.
    Left panel: chat.  Right panel: system status + clock.
    """
    from __future__ import annotations
    
    import asyncio
    import logging
    from pathlib import Path
    
>   from textual.app import App, ComposeResult
E   ModuleNotFoundError: No module named 'textual'

src/bantz/interface/tui/app.py:13: ModuleNotFoundError
_ TestProcessInterventionsToast.test_process_interventions_uses_toast_container _

self = <tests.tui.test_toast.TestProcessInterventionsToast object at 0x7e3352a90520>

    def test_process_interventions_uses_toast_container(self):
        """_process_interventions must push to ToastContainer, not ChatLog."""
        import inspect
>       from bantz.interface.tui.app import BantzApp

tests/tui/test_toast.py:397: 
_ _ _ _ _ _ _ _ _ _ _ _ _ _ _ _ _ _ _ _ _ _ _ _ _ _ _ _ _ _ _ _ _ _ _ _ _ _ _ _ 

    """
    Bantz v3 — Textual TUI Application
    
    Entry point for the terminal user interface.
    Left panel: chat.  Right panel: system status + clock.
    """
    from __future__ import annotations
    
    import asyncio
    import logging
    from pathlib import Path
    
>   from textual.app import App, ComposeResult
E   ModuleNotFoundError: No module named 'textual'

src/bantz/interface/tui/app.py:13: ModuleNotFoundError
____ TestProcessInterventionsToast.test_process_interventions_has_fallback _____

self = <tests.tui.test_toast.TestProcessInterventionsToast object at 0x7e3352a91ba0>

    def test_process_interventions_has_fallback(self):
        """_process_interventions should fallback to chat if toast container fails."""
        import inspect
>       from bantz.interface.tui.app import BantzApp

tests/tui/test_toast.py:410: 
_ _ _ _ _ _ _ _ _ _ _ _ _ _ _ _ _ _ _ _ _ _ _ _ _ _ _ _ _ _ _ _ _ _ _ _ _ _ _ _ 

    """
    Bantz v3 — Textual TUI Application
    
    Entry point for the terminal user interface.
    Left panel: chat.  Right panel: system status + clock.
    """
    from __future__ import annotations
    
    import asyncio
    import logging
    from pathlib import Path
    
>   from textual.app import App, ComposeResult
E   ModuleNotFoundError: No module named 'textual'

src/bantz/interface/tui/app.py:13: ModuleNotFoundError
_ TestInterventionResponseToast.test_handle_intervention_response_removes_toast _

self = <tests.tui.test_toast.TestInterventionResponseToast object at 0x7e3352a91db0>

    def test_handle_intervention_response_removes_toast(self):
        """Text-based intervention response should also remove the toast widget."""
        import inspect
>       from bantz.interface.tui.app import BantzApp

tests/tui/test_toast.py:424: 
_ _ _ _ _ _ _ _ _ _ _ _ _ _ _ _ _ _ _ _ _ _ _ _ _ _ _ _ _ _ _ _ _ _ _ _ _ _ _ _ 

    """
    Bantz v3 — Textual TUI Application
    
    Entry point for the terminal user interface.
    Left panel: chat.  Right panel: system status + clock.
    """
    from __future__ import annotations
    
    import asyncio
    import logging
    from pathlib import Path
    
>   from textual.app import App, ComposeResult
E   ModuleNotFoundError: No module named 'textual'

src/bantz/interface/tui/app.py:13: ModuleNotFoundError
___________ TestInterventionResponseToast.test_accept_removes_toast ____________

self = <tests.tui.test_toast.TestInterventionResponseToast object at 0x7e3352a91f60>

    def test_accept_removes_toast(self):
        import inspect
>       from bantz.interface.tui.app import BantzApp

tests/tui/test_toast.py:430: 
_ _ _ _ _ _ _ _ _ _ _ _ _ _ _ _ _ _ _ _ _ _ _ _ _ _ _ _ _ _ _ _ _ _ _ _ _ _ _ _ 

    """
    Bantz v3 — Textual TUI Application
    
    Entry point for the terminal user interface.
    Left panel: chat.  Right panel: system status + clock.
    """
    from __future__ import annotations
    
    import asyncio
    import logging
    from pathlib import Path
    
>   from textual.app import App, ComposeResult
E   ModuleNotFoundError: No module named 'textual'

src/bantz/interface/tui/app.py:13: ModuleNotFoundError
___________ TestInterventionResponseToast.test_dismiss_removes_toast ___________

self = <tests.tui.test_toast.TestInterventionResponseToast object at 0x7e3352a92110>

    def test_dismiss_removes_toast(self):
        import inspect
>       from bantz.interface.tui.app import BantzApp

tests/tui/test_toast.py:446: 
_ _ _ _ _ _ _ _ _ _ _ _ _ _ _ _ _ _ _ _ _ _ _ _ _ _ _ _ _ _ _ _ _ _ _ _ _ _ _ _ 

    """
    Bantz v3 — Textual TUI Application
    
    Entry point for the terminal user interface.
    Left panel: chat.  Right panel: system status + clock.
    """
    from __future__ import annotations
    
    import asyncio
    import logging
    from pathlib import Path
    
>   from textual.app import App, ComposeResult
E   ModuleNotFoundError: No module named 'textual'

src/bantz/interface/tui/app.py:13: ModuleNotFoundError
_________________ TestWidgetsInit.test_toast_module_importable _________________

self = <tests.tui.test_toast.TestWidgetsInit object at 0x7e3352aac4c0>

    def test_toast_module_importable(self):
>       from bantz.interface.tui.widgets import toast

tests/tui/test_toast.py:614: 
_ _ _ _ _ _ _ _ _ _ _ _ _ _ _ _ _ _ _ _ _ _ _ _ _ _ _ _ _ _ _ _ _ _ _ _ _ _ _ _ 

    """
    Bantz — Non-blocking toast notifications (#137).
    
    Custom toast widget system integrated with InterventionQueue for
    proactive alerts.  Toasts never steal focus from chat input.
    
    Architecture:
        InterventionQueue ──→ ToastContainer ──→ ToastWidget (×3 max)
                                   │                    │
                             dismiss_top()         auto-dismiss
                             accept_top()          (TTL-based)
                                   │
                        ToastAccepted / ToastDismissed / ToastExpired
                                   │
                            RL feedback (reward/penalty)
    
    Toast types:
        INFO     cyan    5 s auto-dismiss    system notifications
        SUCCESS  green   3 s auto-dismiss    completion notices
        WARNING  amber  10 s auto-dismiss    maintenance alerts
        ERROR    red     ∞  manual dismiss   critical errors
        ACTION   blue    ∞  accept/dismiss   RL suggestions, reminders
    """
    from __future__ import annotations
    
    import logging
    import time
    from dataclasses import dataclass, field
    from enum import Enum
    from typing import Any, Optional
    
>   from textual.app import ComposeResult
E   ModuleNotFoundError: No module named 'textual'

src/bantz/interface/tui/widgets/toast.py:32: ModuleNotFoundError
________ TestInterventionToastMapping.test_rl_suggestion_becomes_action ________

self = <tests.tui.test_toast.TestInterventionToastMapping object at 0x7e3352aac6d0>

    def test_rl_suggestion_becomes_action(self):
        """RL suggestions have action field → ACTION toast."""
>       from bantz.interface.tui.widgets.toast import ToastContainer, ToastType

tests/tui/test_toast.py:625: 
_ _ _ _ _ _ _ _ _ _ _ _ _ _ _ _ _ _ _ _ _ _ _ _ _ _ _ _ _ _ _ _ _ _ _ _ _ _ _ _ 

    """
    Bantz — Non-blocking toast notifications (#137).
    
    Custom toast widget system integrated with InterventionQueue for
    proactive alerts.  Toasts never steal focus from chat input.
    
    Architecture:
        InterventionQueue ──→ ToastContainer ──→ ToastWidget (×3 max)
                                   │                    │
                             dismiss_top()         auto-dismiss
                             accept_top()          (TTL-based)
                                   │
                        ToastAccepted / ToastDismissed / ToastExpired
                                   │
                            RL feedback (reward/penalty)
    
    Toast types:
        INFO     cyan    5 s auto-dismiss    system notifications
        SUCCESS  green   3 s auto-dismiss    completion notices
        WARNING  amber  10 s auto-dismiss    maintenance alerts
        ERROR    red     ∞  manual dismiss   critical errors
        ACTION   blue    ∞  accept/dismiss   RL suggestions, reminders
    """
    from __future__ import annotations
    
    import logging
    import time
    from dataclasses import dataclass, field
    from enum import Enum
    from typing import Any, Optional
    
>   from textual.app import ComposeResult
E   ModuleNotFoundError: No module named 'textual'

src/bantz/interface/tui/widgets/toast.py:32: ModuleNotFoundError
________ TestInterventionToastMapping.test_observer_error_becomes_error ________

self = <tests.tui.test_toast.TestInterventionToastMapping object at 0x7e3352aac880>

    def test_observer_error_becomes_error(self):
        """Observer critical alerts → ERROR toast."""
>       from bantz.interface.tui.widgets.toast import ToastContainer, ToastType

tests/tui/test_toast.py:636: 
_ _ _ _ _ _ _ _ _ _ _ _ _ _ _ _ _ _ _ _ _ _ _ _ _ _ _ _ _ _ _ _ _ _ _ _ _ _ _ _ 

    """
    Bantz — Non-blocking toast notifications (#137).
    
    Custom toast widget system integrated with InterventionQueue for
    proactive alerts.  Toasts never steal focus from chat input.
    
    Architecture:
        InterventionQueue ──→ ToastContainer ──→ ToastWidget (×3 max)
                                   │                    │
                             dismiss_top()         auto-dismiss
                             accept_top()          (TTL-based)
                                   │
                        ToastAccepted / ToastDismissed / ToastExpired
                                   │
                            RL feedback (reward/penalty)
    
    Toast types:
        INFO     cyan    5 s auto-dismiss    system notifications
        SUCCESS  green   3 s auto-dismiss    completion notices
        WARNING  amber  10 s auto-dismiss    maintenance alerts
        ERROR    red     ∞  manual dismiss   critical errors
        ACTION   blue    ∞  accept/dismiss   RL suggestions, reminders
    """
    from __future__ import annotations
    
    import logging
    import time
    from dataclasses import dataclass, field
    from enum import Enum
    from typing import Any, Optional
    
>   from textual.app import ComposeResult
E   ModuleNotFoundError: No module named 'textual'

src/bantz/interface/tui/widgets/toast.py:32: ModuleNotFoundError
_________ TestInterventionToastMapping.test_observer_warning_not_error _________

self = <tests.tui.test_toast.TestInterventionToastMapping object at 0x7e3352aaca30>

    def test_observer_warning_not_error(self):
        """Observer warnings → ACTION (has no action field → depends on type)."""
>       from bantz.interface.tui.widgets.toast import ToastContainer, ToastType

tests/tui/test_toast.py:647: 
_ _ _ _ _ _ _ _ _ _ _ _ _ _ _ _ _ _ _ _ _ _ _ _ _ _ _ _ _ _ _ _ _ _ _ _ _ _ _ _ 

    """
    Bantz — Non-blocking toast notifications (#137).
    
    Custom toast widget system integrated with InterventionQueue for
    proactive alerts.  Toasts never steal focus from chat input.
    
    Architecture:
        InterventionQueue ──→ ToastContainer ──→ ToastWidget (×3 max)
                                   │                    │
                             dismiss_top()         auto-dismiss
                             accept_top()          (TTL-based)
                                   │
                        ToastAccepted / ToastDismissed / ToastExpired
                                   │
                            RL feedback (reward/penalty)
    
    Toast types:
        INFO     cyan    5 s auto-dismiss    system notifications
        SUCCESS  green   3 s auto-dismiss    completion notices
        WARNING  amber  10 s auto-dismiss    maintenance alerts
        ERROR    red     ∞  manual dismiss   critical errors
        ACTION   blue    ∞  accept/dismiss   RL suggestions, reminders
    """
    from __future__ import annotations
    
    import logging
    import time
    from dataclasses import dataclass, field
    from enum import Enum
    from typing import Any, Optional
    
>   from textual.app import ComposeResult
E   ModuleNotFoundError: No module named 'textual'

src/bantz/interface/tui/widgets/toast.py:32: ModuleNotFoundError
__________ TestInterventionToastMapping.test_reminder_becomes_action ___________

self = <tests.tui.test_toast.TestInterventionToastMapping object at 0x7e3352aacbe0>

    def test_reminder_becomes_action(self):
        """Reminders → ACTION toast (accept/dismiss)."""
>       from bantz.interface.tui.widgets.toast import ToastContainer, ToastType

tests/tui/test_toast.py:659: 
_ _ _ _ _ _ _ _ _ _ _ _ _ _ _ _ _ _ _ _ _ _ _ _ _ _ _ _ _ _ _ _ _ _ _ _ _ _ _ _ 

    """
    Bantz — Non-blocking toast notifications (#137).
    
    Custom toast widget system integrated with InterventionQueue for
    proactive alerts.  Toasts never steal focus from chat input.
    
    Architecture:
        InterventionQueue ──→ ToastContainer ──→ ToastWidget (×3 max)
                                   │                    │
                             dismiss_top()         auto-dismiss
                             accept_top()          (TTL-based)
                                   │
                        ToastAccepted / ToastDismissed / ToastExpired
                                   │
                            RL feedback (reward/penalty)
    
    Toast types:
        INFO     cyan    5 s auto-dismiss    system notifications
        SUCCESS  green   3 s auto-dismiss    completion notices
        WARNING  amber  10 s auto-dismiss    maintenance alerts
        ERROR    red     ∞  manual dismiss   critical errors
        ACTION   blue    ∞  accept/dismiss   RL suggestions, reminders
    """
    from __future__ import annotations
    
    import logging
    import time
    from dataclasses import dataclass, field
    from enum import Enum
    from typing import Any, Optional
    
>   from textual.app import ComposeResult
E   ModuleNotFoundError: No module named 'textual'

src/bantz/interface/tui/widgets/toast.py:32: ModuleNotFoundError
_____ TestInterventionToastMapping.test_system_maintenance_becomes_warning _____

self = <tests.tui.test_toast.TestInterventionToastMapping object at 0x7e3352aacd90>

    def test_system_maintenance_becomes_warning(self):
        """System maintenance → WARNING toast."""
>       from bantz.interface.tui.widgets.toast import ToastContainer, ToastType

tests/tui/test_toast.py:666: 
_ _ _ _ _ _ _ _ _ _ _ _ _ _ _ _ _ _ _ _ _ _ _ _ _ _ _ _ _ _ _ _ _ _ _ _ _ _ _ _ 

    """
    Bantz — Non-blocking toast notifications (#137).
    
    Custom toast widget system integrated with InterventionQueue for
    proactive alerts.  Toasts never steal focus from chat input.
    
    Architecture:
        InterventionQueue ──→ ToastContainer ──→ ToastWidget (×3 max)
                                   │                    │
                             dismiss_top()         auto-dismiss
                             accept_top()          (TTL-based)
                                   │
                        ToastAccepted / ToastDismissed / ToastExpired
                                   │
                            RL feedback (reward/penalty)
    
    Toast types:
        INFO     cyan    5 s auto-dismiss    system notifications
        SUCCESS  green   3 s auto-dismiss    completion notices
        WARNING  amber  10 s auto-dismiss    maintenance alerts
        ERROR    red     ∞  manual dismiss   critical errors
        ACTION   blue    ∞  accept/dismiss   RL suggestions, reminders
    """
    from __future__ import annotations
    
    import logging
    import time
    from dataclasses import dataclass, field
    from enum import Enum
    from typing import Any, Optional
    
>   from textual.app import ComposeResult
E   ModuleNotFoundError: No module named 'textual'

src/bantz/interface/tui/widgets/toast.py:32: ModuleNotFoundError
_______________________ TestCLI.test_run_function_exists _______________________

self = <tests.tui.test_toast.TestCLI object at 0x7e3352a93b80>

    def test_run_function_exists(self):
>       from bantz.interface.tui.app import run

tests/tui/test_toast.py:681: 
_ _ _ _ _ _ _ _ _ _ _ _ _ _ _ _ _ _ _ _ _ _ _ _ _ _ _ _ _ _ _ _ _ _ _ _ _ _ _ _ 

    """
    Bantz v3 — Textual TUI Application
    
    Entry point for the terminal user interface.
    Left panel: chat.  Right panel: system status + clock.
    """
    from __future__ import annotations
    
    import asyncio
    import logging
    from pathlib import Path
    
>   from textual.app import App, ComposeResult
E   ModuleNotFoundError: No module named 'textual'

src/bantz/interface/tui/app.py:13: ModuleNotFoundError
________________________ TestCLI.test_app_instantiation ________________________

self = <tests.tui.test_toast.TestCLI object at 0x7e3352a913c0>

    def test_app_instantiation(self):
        """BantzApp can be instantiated without errors."""
>       from bantz.interface.tui.app import BantzApp

tests/tui/test_toast.py:686: 
_ _ _ _ _ _ _ _ _ _ _ _ _ _ _ _ _ _ _ _ _ _ _ _ _ _ _ _ _ _ _ _ _ _ _ _ _ _ _ _ 

    """
    Bantz v3 — Textual TUI Application
    
    Entry point for the terminal user interface.
    Left panel: chat.  Right panel: system status + clock.
    """
    from __future__ import annotations
    
    import asyncio
    import logging
    from pathlib import Path
    
>   from textual.app import App, ComposeResult
E   ModuleNotFoundError: No module named 'textual'

src/bantz/interface/tui/app.py:13: ModuleNotFoundError
=============================== warnings summary ===============================
tests/agent/test_tts.py::TestTTSAsync::test_synthesize_with_rate
  /usr/lib/python3.10/unittest/mock.py:2135: RuntimeWarning: coroutine 'TestTTSAsync.test_synthesize_timeout.<locals>.slow_comm' was never awaited
    setattr(_type, entry, MagicProxy(entry, self))
  Enable tracemalloc to get traceback where the object was allocated.
  See https://docs.pytest.org/en/stable/how-to/capture-warnings.html#resource-warnings for more info.

-- Docs: https://docs.pytest.org/en/stable/how-to/capture-warnings.html
=========================== short test summary info ============================
FAILED tests/agent/test_job_scheduler.py::TestJobSchedulerLifecycle::test_start_and_shutdown
FAILED tests/agent/test_job_scheduler.py::TestJobSchedulerLifecycle::test_double_start
FAILED tests/agent/test_job_scheduler.py::TestJobSchedulerLifecycle::test_start_without_night_jobs
FAILED tests/agent/test_job_scheduler.py::TestNightJobRegistration::test_all_night_jobs_registered
FAILED tests/agent/test_job_scheduler.py::TestNightJobRegistration::test_jobs_persist_across_restarts
FAILED tests/agent/test_job_scheduler.py::TestDynamicReminder::test_add_oneshot_reminder
FAILED tests/agent/test_job_scheduler.py::TestDynamicReminder::test_add_daily_reminder
FAILED tests/agent/test_job_scheduler.py::TestDynamicReminder::test_add_weekly_reminder
FAILED tests/agent/test_job_scheduler.py::TestDynamicReminder::test_add_weekday_reminder
FAILED tests/agent/test_job_scheduler.py::TestDynamicReminder::test_add_custom_interval_reminder
FAILED tests/agent/test_job_scheduler.py::TestDynamicReminder::test_remove_reminder
FAILED tests/agent/test_job_scheduler.py::TestDynamicReminder::test_remove_nonexistent
FAILED tests/agent/test_job_scheduler.py::TestJobListing::test_list_jobs - Mo...
FAILED tests/agent/test_job_scheduler.py::TestJobListing::test_format_jobs - ...
FAILED tests/agent/test_job_scheduler.py::TestRunJobNow::test_run_builtin_job
FAILED tests/agent/test_job_scheduler.py::TestRunJobNow::test_run_nonexistent_job
FAILED tests/agent/test_job_scheduler.py::TestStats::test_stats_when_started
FAILED tests/agent/test_job_scheduler.py::TestStats::test_status_line - Modul...
FAILED tests/agent/test_job_scheduler.py::TestEventHistory::test_job_executed_event
FAILED tests/agent/test_job_scheduler.py::TestEventHistory::test_job_error_event
FAILED tests/agent/test_job_scheduler.py::TestEventHistory::test_history_capped_at_100
FAILED tests/agent/test_planner.py::TestProcessTextCitation::test_system_prompt_has_anti_leakage_rule
FAILED tests/agent/test_tts.py::TestBriefingWatcherRegistration::test_register_when_tts_enabled
FAILED tests/agent/test_wake_word.py::TestTUIMessage::test_wake_word_detected_message_exists
FAILED tests/agent/test_wake_word.py::TestTUIMessage::test_app_has_handler - ...
FAILED tests/agent/test_wake_word.py::TestTUIMessage::test_app_has_start_wake_word
FAILED tests/core/test_brain_integrations.py::TestNotifyToastFallback::test_fallback_to_notifier_when_no_tui
FAILED tests/interface/test_telegram_llm.py::TestSafeReply::test_short_message_single_reply
FAILED tests/interface/test_telegram_llm.py::TestSafeReply::test_splits_at_paragraph_boundary
FAILED tests/interface/test_telegram_llm.py::TestSafeReply::test_exact_boundary
FAILED tests/interface/test_telegram_llm.py::TestSafeReply::test_hard_split_long_paragraph
FAILED tests/interface/test_telegram_llm.py::TestSafeReply::test_three_small_paragraphs_fit_one_chunk
FAILED tests/interface/test_telegram_llm.py::TestSilentStranger::test_unauthorized_user_silent_drop
FAILED tests/interface/test_telegram_llm.py::TestSilentStranger::test_authorized_user_passes
FAILED tests/interface/test_telegram_llm.py::TestLLMModeToggle::test_llm_mode_off_rejects
FAILED tests/interface/test_telegram_llm.py::TestHandleMessage::test_typing_indicator_sent
FAILED tests/interface/test_telegram_llm.py::TestHandleMessage::test_brain_process_called_with_is_remote
FAILED tests/interface/test_telegram_llm.py::TestHandleMessage::test_stream_response_collected
FAILED tests/interface/test_telegram_llm.py::TestHandleMessage::test_stream_response_persisted_to_db
FAILED tests/interface/test_telegram_llm.py::TestHandleMessage::test_empty_text_ignored
FAILED tests/interface/test_telegram_llm.py::TestHandleMessage::test_rate_limited_user_gets_warning
FAILED tests/interface/test_telegram_llm.py::TestHandleMessage::test_brain_error_reports_to_user
FAILED tests/interface/test_telegram_llm.py::TestHandleMessage::test_empty_response_sends_ellipsis
FAILED tests/interface/test_telegram_llm.py::TestStartCommand::test_start_shows_llm_hint_when_enabled
FAILED tests/interface/test_telegram_llm.py::TestStartCommand::test_start_no_llm_hint_when_disabled
FAILED tests/interface/test_telegram_llm.py::TestRunBotRegistration::test_run_bot_source_has_message_handler
FAILED tests/interface/test_telegram_llm.py::TestRunBotRegistration::test_run_bot_source_has_text_filter
FAILED tests/interface/test_telegram_llm.py::TestModuleExports::test_handle_message_exported
FAILED tests/interface/test_telegram_llm.py::TestModuleExports::test_rate_limit_constants
FAILED tests/interface/test_telegram_llm.py::TestModuleExports::test_safe_reply_exported
FAILED tests/interface/test_telegram_llm.py::TestModuleExports::test_is_rate_limited_exported
FAILED tests/interface/test_telegram_llm.py::TestProgressIndicators::test_placeholder_sent_immediately
FAILED tests/interface/test_telegram_llm.py::TestProgressIndicators::test_placeholder_edited_with_response
FAILED tests/interface/test_telegram_llm.py::TestProgressIndicators::test_long_response_chunked
FAILED tests/interface/test_telegram_llm.py::TestProgressIndicators::test_edit_failure_fallback_plain_text
FAILED tests/interface/test_telegram_llm.py::TestProgressIndicators::test_edit_failure_complete_fallback
FAILED tests/interface/test_telegram_llm.py::TestProgressIndicators::test_error_response_edits_placeholder
FAILED tests/interface/test_telegram_llm.py::TestProgressIndicators::test_placeholder_is_in_character
FAILED tests/interface/test_telegram_llm.py::TestProgressIndicators::test_streaming_collected_then_edited
FAILED tests/interface/test_telegram_llm.py::TestPlaceholderMessages::test_placeholder_messages_exist
FAILED tests/interface/test_telegram_llm.py::TestPlaceholderMessages::test_placeholder_messages_are_strings
FAILED tests/interface/test_telegram_llm.py::TestPlaceholderMessages::test_placeholder_messages_have_telegraph_emoji
FAILED tests/interface/test_telegram_llm.py::TestPlaceholderMessages::test_placeholder_messages_in_character
FAILED tests/interface/test_telegram_llm.py::TestChunkText::test_short_text_single_chunk
FAILED tests/interface/test_telegram_llm.py::TestChunkText::test_exact_boundary
FAILED tests/interface/test_telegram_llm.py::TestChunkText::test_splits_at_paragraph_boundary
FAILED tests/interface/test_telegram_llm.py::TestChunkText::test_hard_split_no_newlines
FAILED tests/interface/test_telegram_llm.py::TestChunkText::test_custom_max_len
FAILED tests/interface/test_telegram_llm.py::TestSafeEdit::test_normal_edit_succeeds
FAILED tests/interface/test_telegram_llm.py::TestSafeEdit::test_fallback_to_plain_text
FAILED tests/interface/test_telegram_llm.py::TestSafeEdit::test_complete_failure_returns_false
FAILED tests/interface/test_telegram_llm.py::TestThrottledStreaming::test_returns_full_text
FAILED tests/interface/test_telegram_llm.py::TestThrottledStreaming::test_edits_placeholder_during_stream
FAILED tests/interface/test_telegram_llm.py::TestThrottledStreaming::test_edit_includes_cursor
FAILED tests/interface/test_telegram_llm.py::TestThrottledStreaming::test_edit_failure_does_not_crash
FAILED tests/interface/test_telegram_llm.py::TestThrottledStreaming::test_stream_interval_constant_exists
FAILED tests/interface/test_telegram_llm.py::TestThrottledStreaming::test_handle_message_uses_stream_to_placeholder
FAILED tests/interface/test_telegram_llm.py::TestMessageLock::test_msg_lock_exists
FAILED tests/interface/test_telegram_llm.py::TestMessageLock::test_concurrent_messages_serialised
FAILED tests/interface/test_telegram_llm.py::TestMaintenanceSpamFilter::test_all_green_maintenance_is_spam
FAILED tests/interface/test_telegram_llm.py::TestMaintenanceSpamFilter::test_maintenance_with_failure_also_spam
FAILED tests/interface/test_telegram_llm.py::TestMaintenanceSpamFilter::test_non_maintenance_never_spam
FAILED tests/interface/test_telegram_llm.py::TestMaintenanceSpamFilter::test_chat_result_never_spam
FAILED tests/interface/test_telegram_llm.py::TestMaintenanceSpamFilter::test_handle_message_suppresses_green_maintenance
FAILED tests/interface/test_telegram_llm.py::TestMaintenanceSpamFilter::test_handle_message_suppresses_failed_maintenance
FAILED tests/interface/test_telegram_llm.py::TestStreamMemoryPersistence::test_import_path_is_correct
FAILED tests/interface/test_telegram_llm.py::TestStreamMemoryPersistence::test_streamed_response_saved_to_memory
FAILED tests/interface/test_telegram_llm.py::TestStreamMemoryPersistence::test_graph_store_called_for_streams
FAILED tests/interface/test_telegram_llm.py::TestOllamaWarmup::test_warmup_job_scheduled
FAILED tests/interface/test_telegram_llm.py::TestOllamaWarmup::test_warmup_sends_hi
FAILED tests/interface/test_telegram_llm.py::TestSessionRotation::test_session_rotation_job_scheduled
FAILED tests/interface/test_telegram_llm.py::TestSessionRotation::test_rotation_resets_memory_ready
FAILED tests/tui/test_header.py::TestServiceStatus::test_all_statuses - Modul...
FAILED tests/tui/test_header.py::TestServiceStatus::test_status_dots_all_present
FAILED tests/tui/test_header.py::TestServiceStatus::test_dot_colors - ModuleN...
FAILED tests/tui/test_header.py::TestServiceHealthChanged::test_message_creation
FAILED tests/tui/test_header.py::TestServiceHealthChanged::test_default_detail
FAILED tests/tui/test_header.py::TestMemoryCountUpdated::test_message_creation
FAILED tests/tui/test_header.py::TestOperationsHeader::test_default_statuses
FAILED tests/tui/test_header.py::TestOperationsHeader::test_default_counts - ...
FAILED tests/tui/test_header.py::TestOperationsHeader::test_boot_time_set - M...
FAILED tests/tui/test_header.py::TestOperationsHeader::test_set_status_ollama
FAILED tests/tui/test_header.py::TestOperationsHeader::test_set_status_neo4j
FAILED tests/tui/test_header.py::TestOperationsHeader::test_set_status_gemini
FAILED tests/tui/test_header.py::TestOperationsHeader::test_set_status_telegram
FAILED tests/tui/test_header.py::TestOperationsHeader::test_set_counts - Modu...
FAILED tests/tui/test_header.py::TestOperationsHeader::test_uptime_format_minutes
FAILED tests/tui/test_header.py::TestOperationsHeader::test_uptime_format_hours
FAILED tests/tui/test_header.py::TestOperationsHeader::test_health_changed_handler_ollama
FAILED tests/tui/test_header.py::TestOperationsHeader::test_health_changed_handler_gemini
FAILED tests/tui/test_header.py::TestOperationsHeader::test_memory_count_handler
FAILED tests/tui/test_header.py::TestOperationsHeaderRender::test_render_contains_ops_center
FAILED tests/tui/test_header.py::TestOperationsHeaderRender::test_render_contains_mood_face
FAILED tests/tui/test_header.py::TestOperationsHeaderRender::test_render_contains_model
FAILED tests/tui/test_header.py::TestOperationsHeaderRender::test_render_contains_service_names
FAILED tests/tui/test_header.py::TestOperationsHeaderRender::test_render_contains_uptime
FAILED tests/tui/test_header.py::TestOperationsHeaderRender::test_render_contains_memory
FAILED tests/tui/test_header.py::TestOperationsHeaderRender::test_render_contains_sessions
FAILED tests/tui/test_header.py::TestAppHeaderIntegration::test_app_imports_operations_header
FAILED tests/tui/test_header.py::TestAppHeaderIntegration::test_app_has_notify_service_health
FAILED tests/tui/test_header.py::TestAppHeaderIntegration::test_app_has_notify_memory_counts
FAILED tests/tui/test_header.py::TestAppHeaderIntegration::test_app_has_update_header_counts
FAILED tests/tui/test_header.py::TestArchitecture::test_no_set_interval_for_api_probes
FAILED tests/tui/test_header.py::TestArchitecture::test_probes_are_threaded
FAILED tests/tui/test_header.py::TestArchitecture::test_aggressive_timeout_in_probes
FAILED tests/tui/test_mood.py::TestMoodTUIIntegration::test_system_status_no_duplicate_mood_indicator
FAILED tests/tui/test_streaming.py::TestStreamLifecycle::test_stream_start_resets_state
FAILED tests/tui/test_streaming.py::TestStreamLifecycle::test_stream_end_returns_full_text
FAILED tests/tui/test_streaming.py::TestStreamLifecycle::test_stream_end_with_newlines
FAILED tests/tui/test_streaming.py::TestDeltaBuffer::test_buffer_holds_only_partial
FAILED tests/tui/test_streaming.py::TestDeltaBuffer::test_buffer_empty_after_trailing_newline
FAILED tests/tui/test_streaming.py::TestDeltaBuffer::test_buffer_accumulates_within_line
FAILED tests/tui/test_streaming.py::TestDeltaBuffer::test_buffer_resets_on_newline_boundary
FAILED tests/tui/test_streaming.py::TestDeltaBuffer::test_multiple_newlines_in_single_token
FAILED tests/tui/test_streaming.py::TestNoDuplicateLines::test_single_line_no_growth
FAILED tests/tui/test_streaming.py::TestNoDuplicateLines::test_multiline_exact_count
FAILED tests/tui/test_streaming.py::TestNoDuplicateLines::test_no_exponential_growth
FAILED tests/tui/test_streaming.py::TestStreamEdgeCases::test_empty_token - M...
FAILED tests/tui/test_streaming.py::TestStreamEdgeCases::test_consecutive_newlines
FAILED tests/tui/test_streaming.py::TestStreamEdgeCases::test_only_newline_token
FAILED tests/tui/test_streaming.py::TestStreamEdgeCases::test_full_text_matches_all_tokens
FAILED tests/tui/test_streaming.py::TestSessionIsolation::test_second_session_works_correctly
FAILED tests/tui/test_streaming.py::TestSessionIsolation::test_buffer_clean_between_sessions
FAILED tests/tui/test_streaming.py::TestNonStreamingMethods::test_add_user - ...
FAILED tests/tui/test_streaming.py::TestNonStreamingMethods::test_add_bantz_single_line
FAILED tests/tui/test_streaming.py::TestNonStreamingMethods::test_add_bantz_multiline
FAILED tests/tui/test_streaming.py::TestNonStreamingMethods::test_add_system
FAILED tests/tui/test_streaming.py::TestNonStreamingMethods::test_add_error
FAILED tests/tui/test_streaming.py::TestNonStreamingMethods::test_add_tool - ...
FAILED tests/tui/test_streaming.py::TestStreamingAudit::test_no_full_buffer_split_on_every_token
FAILED tests/tui/test_streaming.py::TestStreamingAudit::test_full_text_accumulates_everything
FAILED tests/tui/test_telemetry.py::TestMetricRow::test_render_green - Module...
FAILED tests/tui/test_telemetry.py::TestMetricRow::test_render_yellow - Modul...
FAILED tests/tui/test_telemetry.py::TestMetricRow::test_render_red - ModuleNo...
FAILED tests/tui/test_telemetry.py::TestMetricRow::test_render_mbps_unit - Mo...
FAILED tests/tui/test_telemetry.py::TestMetricRow::test_clamps_at_100_percent
FAILED tests/tui/test_telemetry.py::TestMetricRow::test_zero_max_value - Modu...
FAILED tests/tui/test_telemetry.py::TestMetricRowPeakLabel::test_render_shows_peak_when_different
FAILED tests/tui/test_telemetry.py::TestMetricRowPeakLabel::test_render_hides_peak_when_same_as_current
FAILED tests/tui/test_telemetry.py::TestMetricRowPeakLabel::test_render_hides_peak_when_zero
FAILED tests/tui/test_telemetry.py::TestMetricRowPeakLabel::test_render_peak_mbps_unit
FAILED tests/tui/test_telemetry.py::TestMetricRowPeakLabel::test_update_data_sets_peak
FAILED tests/tui/test_telemetry.py::TestSidebarToggle::test_toggle_sidebar_binding_exists
FAILED tests/tui/test_telemetry.py::TestSidebarToggle::test_toggle_sidebar_action_defined
FAILED tests/tui/test_toast.py::TestToastType::test_all_types - ModuleNotFoun...
FAILED tests/tui/test_toast.py::TestToastType::test_unique_values - ModuleNot...
FAILED tests/tui/test_toast.py::TestToastType::test_five_types - ModuleNotFou...
FAILED tests/tui/test_toast.py::TestToastAutoDismiss::test_all_types_present
FAILED tests/tui/test_toast.py::TestToastAutoDismiss::test_info_5s - ModuleNo...
FAILED tests/tui/test_toast.py::TestToastAutoDismiss::test_success_3s - Modul...
FAILED tests/tui/test_toast.py::TestToastAutoDismiss::test_warning_10s - Modu...
FAILED tests/tui/test_toast.py::TestToastAutoDismiss::test_error_no_auto - Mo...
FAILED tests/tui/test_toast.py::TestToastAutoDismiss::test_action_no_auto - M...
FAILED tests/tui/test_toast.py::TestToastIcons::test_all_types_have_icons - M...
FAILED tests/tui/test_toast.py::TestToastIcons::test_info_icon - ModuleNotFou...
FAILED tests/tui/test_toast.py::TestToastIcons::test_success_icon - ModuleNot...
FAILED tests/tui/test_toast.py::TestToastIcons::test_warning_icon - ModuleNot...
FAILED tests/tui/test_toast.py::TestToastIcons::test_error_icon - ModuleNotFo...
FAILED tests/tui/test_toast.py::TestToastIcons::test_action_icon - ModuleNotF...
FAILED tests/tui/test_toast.py::TestToastData::test_creation - ModuleNotFound...
FAILED tests/tui/test_toast.py::TestToastData::test_defaults - ModuleNotFound...
FAILED tests/tui/test_toast.py::TestToastData::test_remaining_ttl - ModuleNot...
FAILED tests/tui/test_toast.py::TestToastData::test_expired_always_false - Mo...
FAILED tests/tui/test_toast.py::TestToastData::test_intervention_attribute_compat
FAILED tests/tui/test_toast.py::TestToastMessages::test_toast_accepted - Modu...
FAILED tests/tui/test_toast.py::TestToastMessages::test_toast_dismissed - Mod...
FAILED tests/tui/test_toast.py::TestToastMessages::test_toast_expired - Modul...
FAILED tests/tui/test_toast.py::TestToastMessages::test_messages_are_textual_messages
FAILED tests/tui/test_toast.py::TestToastWidget::test_can_focus_false - Modul...
FAILED tests/tui/test_toast.py::TestToastWidget::test_creation - ModuleNotFou...
FAILED tests/tui/test_toast.py::TestToastWidget::test_default_type - ModuleNo...
FAILED tests/tui/test_toast.py::TestToastWidget::test_css_class_info - Module...
FAILED tests/tui/test_toast.py::TestToastWidget::test_css_class_warning - Mod...
FAILED tests/tui/test_toast.py::TestToastWidget::test_css_class_error - Modul...
FAILED tests/tui/test_toast.py::TestToastWidget::test_css_class_success - Mod...
FAILED tests/tui/test_toast.py::TestToastWidget::test_css_class_action - Modu...
FAILED tests/tui/test_toast.py::TestToastWidget::test_dismiss_timer_initially_none
FAILED tests/tui/test_toast.py::TestToastWidget::test_all_five_types_produce_valid_widgets
FAILED tests/tui/test_toast.py::TestToastContainer::test_can_focus_false - Mo...
FAILED tests/tui/test_toast.py::TestToastContainer::test_max_visible - Module...
FAILED tests/tui/test_toast.py::TestToastContainer::test_creation - ModuleNot...
FAILED tests/tui/test_toast.py::TestToastContainer::test_infer_type_error_alert
FAILED tests/tui/test_toast.py::TestToastContainer::test_infer_type_with_action
FAILED tests/tui/test_toast.py::TestToastContainer::test_infer_type_reminder
FAILED tests/tui/test_toast.py::TestToastContainer::test_infer_type_maintenance
FAILED tests/tui/test_toast.py::TestToastContainer::test_infer_type_unknown
FAILED tests/tui/test_toast.py::TestToastContainer::test_infer_type_no_type_attr
FAILED tests/tui/test_toast.py::TestToastContainer::test_infer_type_error_overrides_action
FAILED tests/tui/test_toast.py::TestAppToastIntegration::test_compose_yields_toast_container
FAILED tests/tui/test_toast.py::TestAppToastIntegration::test_toast_imports_in_app
FAILED tests/tui/test_toast.py::TestAppToastIntegration::test_push_toast_method_exists
FAILED tests/tui/test_toast.py::TestAppToastIntegration::test_on_toast_accepted_handler
FAILED tests/tui/test_toast.py::TestAppToastIntegration::test_on_toast_dismissed_handler
FAILED tests/tui/test_toast.py::TestAppToastIntegration::test_on_toast_expired_handler
FAILED tests/tui/test_toast.py::TestAppToastIntegration::test_wire_brain_toast_hook_method
FAILED tests/tui/test_toast.py::TestAppToastIntegration::test_on_brain_toast_method
FAILED tests/tui/test_toast.py::TestAppToastIntegration::test_remove_intervention_toast_method
FAILED tests/tui/test_toast.py::TestAppToastIntegration::test_escape_binding_exists
FAILED tests/tui/test_toast.py::TestAppToastIntegration::test_action_focus_input_dismisses_toast_first
FAILED tests/tui/test_toast.py::TestProcessInterventionsToast::test_process_interventions_uses_toast_container
FAILED tests/tui/test_toast.py::TestProcessInterventionsToast::test_process_interventions_has_fallback
FAILED tests/tui/test_toast.py::TestInterventionResponseToast::test_handle_intervention_response_removes_toast
FAILED tests/tui/test_toast.py::TestInterventionResponseToast::test_accept_removes_toast
FAILED tests/tui/test_toast.py::TestInterventionResponseToast::test_dismiss_removes_toast
FAILED tests/tui/test_toast.py::TestWidgetsInit::test_toast_module_importable
FAILED tests/tui/test_toast.py::TestInterventionToastMapping::test_rl_suggestion_becomes_action
FAILED tests/tui/test_toast.py::TestInterventionToastMapping::test_observer_error_becomes_error
FAILED tests/tui/test_toast.py::TestInterventionToastMapping::test_observer_warning_not_error
FAILED tests/tui/test_toast.py::TestInterventionToastMapping::test_reminder_becomes_action
FAILED tests/tui/test_toast.py::TestInterventionToastMapping::test_system_maintenance_becomes_warning
FAILED tests/tui/test_toast.py::TestCLI::test_run_function_exists - ModuleNot...
FAILED tests/tui/test_toast.py::TestCLI::test_app_instantiation - ModuleNotFo...
ERROR tests/interface/test_telegram_llm.py::TestRateLimiter::test_under_limit_returns_false
ERROR tests/interface/test_telegram_llm.py::TestRateLimiter::test_at_limit_returns_true
ERROR tests/interface/test_telegram_llm.py::TestRateLimiter::test_different_users_independent
ERROR tests/interface/test_telegram_llm.py::TestRateLimiter::test_window_expiry
====== 232 failed, 2100 passed, 30 skipped, 1 warning, 4 errors in 32.46s ======
